Archive member included because of file (symbol)

.\CortexM0\ARM_GCC_493\Debug\PSOC4MIO_HAL.a(cyfitter_cfg.o)
                              .\CortexM0\ARM_GCC_493\Debug\Cm0Start.o (cyfitter_cfg)
.\CortexM0\ARM_GCC_493\Debug\PSOC4MIO_HAL.a(ADC_1.o)
                              .\CortexM0\ARM_GCC_493\Debug\main.o (ADC_1_Start)
.\CortexM0\ARM_GCC_493\Debug\PSOC4MIO_HAL.a(ADC_1_INT.o)
                              .\CortexM0\ARM_GCC_493\Debug\PSOC4MIO_HAL.a(ADC_1.o) (ADC_1_ISR)
.\CortexM0\ARM_GCC_493\Debug\PSOC4MIO_HAL.a(console.o)
                              .\CortexM0\ARM_GCC_493\Debug\main.o (console_Init)
.\CortexM0\ARM_GCC_493\Debug\PSOC4MIO_HAL.a(console_SPI_UART.o)
                              .\CortexM0\ARM_GCC_493\Debug\main.o (console_SpiUartWriteTxData)
.\CortexM0\ARM_GCC_493\Debug\PSOC4MIO_HAL.a(console_UART.o)
                              .\CortexM0\ARM_GCC_493\Debug\PSOC4MIO_HAL.a(console.o) (console_UartInit)
.\CortexM0\ARM_GCC_493\Debug\PSOC4MIO_HAL.a(P4_4.o)
                              .\CortexM0\ARM_GCC_493\Debug\main.o (P4_4_Write)
.\CortexM0\ARM_GCC_493\Debug\PSOC4MIO_HAL.a(CyBootAsmGnu.o)
                              .\CortexM0\ARM_GCC_493\Debug\PSOC4MIO_HAL.a(cyfitter_cfg.o) (CyDelayCycles)
.\CortexM0\ARM_GCC_493\Debug\PSOC4MIO_HAL.a(CyLib.o)
                              .\CortexM0\ARM_GCC_493\Debug\main.o (CyIntClearPending)
.\CortexM0\ARM_GCC_493\Debug\PSOC4MIO_HAL.a(cyPm.o)
                              .\CortexM0\ARM_GCC_493\Debug\main.o (CySysPmSleep)
.\CortexM0\ARM_GCC_493\Debug\PSOC4MIO_HAL.a(CyLFClk.o)
                              .\CortexM0\ARM_GCC_493\Debug\PSOC4MIO_HAL.a(cyfitter_cfg.o) (CySysClkWcoStart)
.\CortexM0\ARM_GCC_493\Debug\PSOC4MIO_HAL.a(sectimer.o)
                              .\CortexM0\ARM_GCC_493\Debug\main.o (sectimer_Enable)
.\CortexM0\ARM_GCC_493\Debug\PSOC4MIO_HAL.a(wdog.o)
                              .\CortexM0\ARM_GCC_493\Debug\main.o (wdog_StartEx)
.\CortexM0\ARM_GCC_493\Debug\PSOC4MIO_HAL.a(sticks.o)
                              .\CortexM0\ARM_GCC_493\Debug\main.o (sticks_StartEx)
.\CortexM0\ARM_GCC_493\Debug\PSOC4MIO_HAL.a(coretemp.o)
                              .\CortexM0\ARM_GCC_493\Debug\main.o (coretemp_CountsTo_Celsius)
.\CortexM0\ARM_GCC_493\Debug\PSOC4MIO_HAL.a(ubut.o)
                              .\CortexM0\ARM_GCC_493\Debug\main.o (ubut_StartEx)
.\CortexM0\ARM_GCC_493\Debug\PSOC4MIO_HAL.a(crdy.o)
                              .\CortexM0\ARM_GCC_493\Debug\main.o (crdy_StartEx)
.\CortexM0\ARM_GCC_493\Debug\PSOC4MIO_HAL.a(P7_1.o)
                              .\CortexM0\ARM_GCC_493\Debug\main.o (P7_1_ClearInterrupt)
.\CortexM0\ARM_GCC_493\Debug\PSOC4MIO_HAL.a(en5v_gpio0.o)
                              .\CortexM0\ARM_GCC_493\Debug\main.o (en5v_gpio0_Write)
.\CortexM0\ARM_GCC_493\Debug\PSOC4MIO_HAL.a(en33v_gpio1.o)
                              .\CortexM0\ARM_GCC_493\Debug\main.o (en33v_gpio1_Write)
.\CortexM0\ARM_GCC_493\Debug\PSOC4MIO_HAL.a(gpio1_led.o)
                              .\CortexM0\ARM_GCC_493\Debug\main.o (gpio1_led_Write)
.\CortexM0\ARM_GCC_493\Debug\PSOC4MIO_HAL.a(LCD.o)
                              .\CortexM0\ARM_GCC_493\Debug\main.o (LCD_Start)
.\CortexM0\ARM_GCC_493\Debug\PSOC4MIO_HAL.a(LCD_AsmGnu.o)
                              .\CortexM0\ARM_GCC_493\Debug\PSOC4MIO_HAL.a(LCD.o) (LCD_PutChar)
.\CortexM0\ARM_GCC_493\Debug\PSOC4MIO_HAL.a(switches.o)
                              .\CortexM0\ARM_GCC_493\Debug\main.o (switches_Read)
.\CortexM0\ARM_GCC_493\Debug\PSOC4MIO_HAL.a(CyFlash.o)
                              .\CortexM0\ARM_GCC_493\Debug\PSOC4MIO_HAL.a(CyLib.o) (CySysFlashSetWaitCycles)
c:/program files (x86)/cypress/psoc creator/3.3/psoc creator/import/gnu/arm/4.9.3/bin/../lib/gcc/arm-none-eabi/4.9.3/armv6-m\libgcc.a(_udivsi3.o)
                              .\CortexM0\ARM_GCC_493\Debug\PSOC4MIO_HAL.a(CyLib.o) (__aeabi_uidiv)
c:/program files (x86)/cypress/psoc creator/3.3/psoc creator/import/gnu/arm/4.9.3/bin/../lib/gcc/arm-none-eabi/4.9.3/armv6-m\libgcc.a(_divsi3.o)
                              .\CortexM0\ARM_GCC_493\Debug\main.o (__aeabi_idiv)
c:/program files (x86)/cypress/psoc creator/3.3/psoc creator/import/gnu/arm/4.9.3/bin/../lib/gcc/arm-none-eabi/4.9.3/armv6-m\libgcc.a(_dvmd_tls.o)
                              c:/program files (x86)/cypress/psoc creator/3.3/psoc creator/import/gnu/arm/4.9.3/bin/../lib/gcc/arm-none-eabi/4.9.3/armv6-m\libgcc.a(_udivsi3.o) (__aeabi_idiv0)
c:/program files (x86)/cypress/psoc creator/3.3/psoc creator/import/gnu/arm/4.9.3/bin/../lib/gcc/arm-none-eabi/4.9.3/armv6-m\libgcc.a(_aeabi_ldivmod.o)
                              .\CortexM0\ARM_GCC_493\Debug\PSOC4MIO_HAL.a(ADC_1.o) (__aeabi_ldivmod)
c:/program files (x86)/cypress/psoc creator/3.3/psoc creator/import/gnu/arm/4.9.3/bin/../lib/gcc/arm-none-eabi/4.9.3/armv6-m\libgcc.a(_muldi3.o)
                              .\CortexM0\ARM_GCC_493\Debug\PSOC4MIO_HAL.a(ADC_1.o) (__aeabi_lmul)
[...]
Memory Configuration

Name             Origin             Length             Attributes
rom              0x00000000         0x00020000         xr
ram              0x20000000         0x00004000         xrw
*default*        0x00000000         0xffffffff

Linker script and memory map

LOAD c:/program files (x86)/cypress/psoc creator/3.3/psoc creator/import/gnu/arm/4.9.3/bin/../lib/gcc/arm-none-eabi/4.9.3/armv6-m/crti.o
LOAD c:/program files (x86)/cypress/psoc creator/3.3/psoc creator/import/gnu/arm/4.9.3/bin/../lib/gcc/arm-none-eabi/4.9.3/armv6-m/crtbegin.o
LOAD c:/program files (x86)/cypress/psoc creator/3.3/psoc creator/import/gnu/arm/4.9.3/bin/../lib/gcc/arm-none-eabi/4.9.3/../../../../arm-none-eabi/lib/armv6-m/crt0.o
START GROUP
LOAD .\CortexM0\ARM_GCC_493\Debug\main.o
LOAD .\CortexM0\ARM_GCC_493\Debug\cymetadata.o
LOAD .\CortexM0\ARM_GCC_493\Debug\Cm0Start.o
LOAD .\CortexM0\ARM_GCC_493\Debug\PSOC4MIO_HAL.a
LOAD C:\Program Files (x86)\Cypress\PSoC Creator\3.3\PSoC Creator\psoc\content\cycomponentlibrary\CyComponentLibrary.cylib\CortexM0\ARM_GCC_493\Debug\CyComponentLibrary.a
END GROUP
START GROUP
LOAD c:/program files (x86)/cypress/psoc creator/3.3/psoc creator/import/gnu/arm/4.9.3/bin/../lib/gcc/arm-none-eabi/4.9.3/armv6-m\libgcc.a
LOAD c:/program files (x86)/cypress/psoc creator/3.3/psoc creator/import/gnu/arm/4.9.3/bin/../lib/gcc/arm-none-eabi/4.9.3/../../../../arm-none-eabi/lib/armv6-m\libg_nano.a
LOAD c:/program files (x86)/cypress/psoc creator/3.3/psoc creator/import/gnu/arm/4.9.3/bin/../lib/gcc/arm-none-eabi/4.9.3/../../../../arm-none-eabi/lib/armv6-m\libc_nano.a
END GROUP
START GROUP
LOAD c:/program files (x86)/cypress/psoc creator/3.3/psoc creator/import/gnu/arm/4.9.3/bin/../lib/gcc/arm-none-eabi/4.9.3/armv6-m\libgcc.a
LOAD c:/program files (x86)/cypress/psoc creator/3.3/psoc creator/import/gnu/arm/4.9.3/bin/../lib/gcc/arm-none-eabi/4.9.3/../../../../arm-none-eabi/lib/armv6-m\libc_nano.a
END GROUP
LOAD c:/program files (x86)/cypress/psoc creator/3.3/psoc creator/import/gnu/arm/4.9.3/bin/../lib/gcc/arm-none-eabi/4.9.3/armv6-m/crtend.o
LOAD c:/program files (x86)/cypress/psoc creator/3.3/psoc creator/import/gnu/arm/4.9.3/bin/../lib/gcc/arm-none-eabi/4.9.3/armv6-m/crtn.o
START GROUP
LOAD c:/program files (x86)/cypress/psoc creator/3.3/psoc creator/import/gnu/arm/4.9.3/bin/../lib/gcc/arm-none-eabi/4.9.3/armv6-m\libgcc.a
LOAD c:/program files (x86)/cypress/psoc creator/3.3/psoc creator/import/gnu/arm/4.9.3/bin/../lib/gcc/arm-none-eabi/4.9.3/../../../../arm-none-eabi/lib/armv6-m\libc.a
LOAD c:/program files (x86)/cypress/psoc creator/3.3/psoc creator/import/gnu/arm/4.9.3/bin/../lib/gcc/arm-none-eabi/4.9.3/../../../../arm-none-eabi/lib/armv6-m\libnosys.a
END GROUP
                0x00000000                CY_APPL_ORIGIN = 0x0
                0x00000080                CY_FLASH_ROW_SIZE = 0x80
                0x00000001                CY_APPL_NUM = 0x1
                0x00000001                CY_APPL_MAX = 0x1
                0x00000040                CY_METADATA_SIZE = 0x40
                0x00000000                CY_APPL_LOADABLE = 0x0
                0x00000000                CY_CHECKSUM_EXCLUDE_SIZE = ALIGN (0x0, CY_FLASH_ROW_SIZE)
                0x00000000                CY_APP_FOR_STACK_AND_COPIER = 0x0
                0x200004f0                PROVIDE (__cy_heap_start, _end)
                0x00000001                PROVIDE (__cy_region_num, ((__cy_regions_end - __cy_regions) / 0x10))
                0x20004000                PROVIDE (__cy_stack, (ORIGIN (ram) + 0x4000))
                0x20003800                PROVIDE (__cy_heap_end, (__cy_stack - 0x800))

.cybootloader   0x00000000        0x0
 *(.cybootloader)
                0x00000000                appl1_start = CY_APPL_ORIGIN?CY_APPL_ORIGIN:ALIGN (CY_FLASH_ROW_SIZE)
                0x0000ff80                appl2_start = (appl1_start + ALIGN ((((0x20000 - appl1_start) - (0x2 * CY_FLASH_ROW_SIZE)) / 0x2), CY_FLASH_ROW_SIZE))
                0x00000000                appl_start = (CY_APPL_NUM == 0x1)?appl1_start:appl2_start
                0x00000001                cy_project_type_bootloader = (appl_start == 0x0)?0x1:0x0
                0x00000000                cy_project_type_app_for_stack_and_copier = (CY_APP_FOR_STACK_AND_COPIER == 0x1)?0x1:0x0

.text           0x00000000     0x2620
 CREATE_OBJECT_SYMBOLS
                0x00000000                PROVIDE (__cy_interrupt_vector, RomVectors)
 *(.romvectors)
 .romvectors    0x00000000       0x10 .\CortexM0\ARM_GCC_493\Debug\Cm0Start.o
                0x00000000                RomVectors
                0x00000001                ASSERT ((. != __cy_interrupt_vector), No interrupt vector)
                0x00000001                ASSERT (CY_APPL_ORIGIN?(SIZEOF (.cybootloader) <= CY_APPL_ORIGIN):0x1, Wrong image location)
                0x00000010                PROVIDE (__cy_reset, Reset)
 *(.text.Reset)
 .text.Reset    0x00000010        0x8 .\CortexM0\ARM_GCC_493\Debug\Cm0Start.o
                0x00000010                Reset
                0x00000001                ASSERT ((. != __cy_reset), No reset code)
 *(.psocinit)
 .psocinit      0x00000018      0x2b8 .\CortexM0\ARM_GCC_493\Debug\PSOC4MIO_HAL.a(cyfitter_cfg.o)
                0x00000130                cyfitter_cfg
                0x000002d0                . = MAX (., 0x100)
 *(.text .text.* .gnu.linkonce.t.*)
 .text          0x000002d0       0x60 c:/program files (x86)/cypress/psoc creator/3.3/psoc creator/import/gnu/arm/4.9.3/bin/../lib/gcc/arm-none-eabi/4.9.3/armv6-m/crtbegin.o
 .text.CRDY_isr
                0x00000330       0x24 .\CortexM0\ARM_GCC_493\Debug\main.o
                0x00000330                CRDY_isr
 .text.sticks_isr
                0x00000354       0xb0 .\CortexM0\ARM_GCC_493\Debug\main.o
                0x00000354                sticks_isr
 .text.ticker   0x00000404       0xcc .\CortexM0\ARM_GCC_493\Debug\main.o
                0x00000404                ticker
 .text.boardledoff
                0x000004d0        0xc .\CortexM0\ARM_GCC_493\Debug\main.o
                0x000004d0                boardledoff
 .text.sensorledoff
                0x000004dc        0xc .\CortexM0\ARM_GCC_493\Debug\main.o
                0x000004dc                sensorledoff
 .text.UBUT_isr
                0x000004e8       0x1c .\CortexM0\ARM_GCC_493\Debug\main.o
                0x000004e8                UBUT_isr
 .text.WDT_isr  0x00000504       0x28 .\CortexM0\ARM_GCC_493\Debug\main.o
                0x00000504                WDT_isr
 .text.checkip  0x0000052c       0x30 .\CortexM0\ARM_GCC_493\Debug\main.o
                0x0000052c                checkip
 .text.init_io  0x0000055c       0x28 .\CortexM0\ARM_GCC_493\Debug\main.o
                0x0000055c                init_io
 .text.printbuff
                0x00000584       0x40 .\CortexM0\ARM_GCC_493\Debug\main.o
                0x00000584                printbuff
 .text.newline  0x000005c4       0x40 .\CortexM0\ARM_GCC_493\Debug\main.o
                0x000005c4                newline
 .text.printc   0x00000604       0x48 .\CortexM0\ARM_GCC_493\Debug\main.o
                0x00000604                printc
 .text.prints   0x0000064c       0x5c .\CortexM0\ARM_GCC_493\Debug\main.o
                0x0000064c                prints
 .text.do_exit  0x000006a8       0x14 .\CortexM0\ARM_GCC_493\Debug\main.o
                0x000006a8                do_exit
 .text.backspace
                0x000006bc       0x18 .\CortexM0\ARM_GCC_493\Debug\main.o
                0x000006bc                backspace
 .text.printn   0x000006d4      0x11c .\CortexM0\ARM_GCC_493\Debug\main.o
                0x000006d4                printn
 .text.do_help  0x000007f0       0x68 .\CortexM0\ARM_GCC_493\Debug\main.o
                0x000007f0                do_help
 .text.ntos     0x00000858       0x5c .\CortexM0\ARM_GCC_493\Debug\main.o
                0x00000858                ntos
 .text.xstrncpy
                0x000008b4       0x14 .\CortexM0\ARM_GCC_493\Debug\main.o
                0x000008b4                xstrncpy
 .text.xstrncmp
                0x000008c8       0x20 .\CortexM0\ARM_GCC_493\Debug\main.o
                0x000008c8                xstrncmp
 .text.xstrchr  0x000008e8       0x1c .\CortexM0\ARM_GCC_493\Debug\main.o
                0x000008e8                xstrchr
 .text.pr_n_just
                0x00000904       0x7c .\CortexM0\ARM_GCC_493\Debug\main.o
                0x00000904                pr_n_just
 .text.do_after
                0x00000980      0x140 .\CortexM0\ARM_GCC_493\Debug\main.o
                0x00000980                do_after
 .text.pr_n_ljust
                0x00000ac0       0x3c .\CortexM0\ARM_GCC_493\Debug\main.o
                0x00000ac0                pr_n_ljust
 .text.do_onevent
                0x00000afc       0x64 .\CortexM0\ARM_GCC_493\Debug\main.o
                0x00000afc                do_onevent
 .text.getline  0x00000b60       0xb0 .\CortexM0\ARM_GCC_493\Debug\main.o
                0x00000b60                getline
 .text.mkparam  0x00000c10       0xa0 .\CortexM0\ARM_GCC_493\Debug\main.o
                0x00000c10                mkparam
 .text.do_command
                0x00000cb0       0x50 .\CortexM0\ARM_GCC_493\Debug\main.o
                0x00000cb0                do_command
 .text.do_line  0x00000d00       0x1c .\CortexM0\ARM_GCC_493\Debug\main.o
                0x00000d00                do_line
 .text.loadctab
                0x00000d1c       0x38 .\CortexM0\ARM_GCC_493\Debug\main.o
                0x00000d1c                loadctab
 .text.initctab
                0x00000d54       0x44 .\CortexM0\ARM_GCC_493\Debug\main.o
                0x00000d54                initctab
 .text.do_measure
                0x00000d98      0x15c .\CortexM0\ARM_GCC_493\Debug\main.o
                0x00000d98                do_measure
 .text.start_measure
                0x00000ef4        0xc .\CortexM0\ARM_GCC_493\Debug\main.o
                0x00000ef4                start_measure
 .text.init_after
                0x00000f00       0x30 .\CortexM0\ARM_GCC_493\Debug\main.o
                0x00000f00                init_after
 .text.afterS   0x00000f30       0x78 .\CortexM0\ARM_GCC_493\Debug\main.o
                0x00000f30                afterS
 .text.afterMS  0x00000fa8       0x80 .\CortexM0\ARM_GCC_493\Debug\main.o
                0x00000fa8                afterMS
 .text.boardled_flash
                0x00001028       0x1c .\CortexM0\ARM_GCC_493\Debug\main.o
                0x00001028                boardled_flash
 .text.sensorled_flash
                0x00001044       0x1c .\CortexM0\ARM_GCC_493\Debug\main.o
                0x00001044                sensorled_flash
 .text.addto_systic_handler
                0x00001060       0x24 .\CortexM0\ARM_GCC_493\Debug\main.o
                0x00001060                addto_systic_handler
 .text.lcd_on   0x00001084       0x10 .\CortexM0\ARM_GCC_493\Debug\main.o
                0x00001084                lcd_on
 .text.lcd_off  0x00001094       0x10 .\CortexM0\ARM_GCC_493\Debug\main.o
                0x00001094                lcd_off
 .text.lcd_clear
                0x000010a4       0x10 .\CortexM0\ARM_GCC_493\Debug\main.o
                0x000010a4                lcd_clear
 .text.lcd_disp
                0x000010b4       0x2c .\CortexM0\ARM_GCC_493\Debug\main.o
                0x000010b4                lcd_disp
 .text.lcd_put  0x000010e0       0x7c .\CortexM0\ARM_GCC_493\Debug\main.o
                0x000010e0                lcd_put
 .text.sw_disp  0x0000115c       0x1c .\CortexM0\ARM_GCC_493\Debug\main.o
                0x0000115c                sw_disp
 .text.ubut_disp
                0x00001178       0x14 .\CortexM0\ARM_GCC_493\Debug\main.o
                0x00001178                ubut_disp
 .text.measure_disp
                0x0000118c       0x34 .\CortexM0\ARM_GCC_493\Debug\main.o
                0x0000118c                measure_disp
 .text.lcd_posclear
                0x000011c0       0x3c .\CortexM0\ARM_GCC_493\Debug\main.o
                0x000011c0                lcd_posclear
 .text.pclear_lcd
                0x000011fc       0x14 .\CortexM0\ARM_GCC_493\Debug\main.o
                0x000011fc                pclear_lcd
 .text.on_event
                0x00001210       0x30 .\CortexM0\ARM_GCC_493\Debug\main.o
                0x00001210                on_event
 .text.main     0x00001240      0x1c8 .\CortexM0\ARM_GCC_493\Debug\main.o
                0x00001240                main
 .text.IntDefaultHandler
                0x00001408        0x4 .\CortexM0\ARM_GCC_493\Debug\Cm0Start.o
                0x00001408                IntDefaultHandler
 .text.Start_c  0x0000140c       0x48 .\CortexM0\ARM_GCC_493\Debug\Cm0Start.o
                0x0000140c                Start_c
 .text.initialize_psoc
                0x00001454       0x54 .\CortexM0\ARM_GCC_493\Debug\Cm0Start.o
                0x00001454                initialize_psoc
 .text.cfg_write_bytes32
                0x000014a8       0x34 .\CortexM0\ARM_GCC_493\Debug\PSOC4MIO_HAL.a(cyfitter_cfg.o)
 .text.CYMEMZERO
                0x000014dc        0xc .\CortexM0\ARM_GCC_493\Debug\PSOC4MIO_HAL.a(cyfitter_cfg.o)
 .text.SetAnalogRoutingPumps
                0x000014e8       0x20 .\CortexM0\ARM_GCC_493\Debug\PSOC4MIO_HAL.a(cyfitter_cfg.o)
                0x000014e8                SetAnalogRoutingPumps
 .text.AnalogSetDefault
                0x00001508       0x48 .\CortexM0\ARM_GCC_493\Debug\PSOC4MIO_HAL.a(cyfitter_cfg.o)
 .text.ADC_1_Init
                0x00001550      0x1c0 .\CortexM0\ARM_GCC_493\Debug\PSOC4MIO_HAL.a(ADC_1.o)
                0x00001550                ADC_1_Init
 .text.ADC_1_Enable
                0x00001710       0x30 .\CortexM0\ARM_GCC_493\Debug\PSOC4MIO_HAL.a(ADC_1.o)
                0x00001710                ADC_1_Enable
 .text.ADC_1_Start
                0x00001740       0x20 .\CortexM0\ARM_GCC_493\Debug\PSOC4MIO_HAL.a(ADC_1.o)
                0x00001740                ADC_1_Start
 .text.ADC_1_Stop
                0x00001760       0x10 .\CortexM0\ARM_GCC_493\Debug\PSOC4MIO_HAL.a(ADC_1.o)
                0x00001760                ADC_1_Stop
 .text.ADC_1_StartConvert
                0x00001770        0xc .\CortexM0\ARM_GCC_493\Debug\PSOC4MIO_HAL.a(ADC_1.o)
                0x00001770                ADC_1_StartConvert
 .text.ADC_1_IsEndConversion
                0x0000177c       0x4c .\CortexM0\ARM_GCC_493\Debug\PSOC4MIO_HAL.a(ADC_1.o)
                0x0000177c                ADC_1_IsEndConversion
 .text.ADC_1_GetResult16
                0x000017c8       0x38 .\CortexM0\ARM_GCC_493\Debug\PSOC4MIO_HAL.a(ADC_1.o)
                0x000017c8                ADC_1_GetResult16
 .text.ADC_1_EnableInjection
                0x00001800       0x14 .\CortexM0\ARM_GCC_493\Debug\PSOC4MIO_HAL.a(ADC_1.o)
                0x00001800                ADC_1_EnableInjection
 .text.ADC_1_CountsTo_mVolts
                0x00001814       0x5c .\CortexM0\ARM_GCC_493\Debug\PSOC4MIO_HAL.a(ADC_1.o)
                0x00001814                ADC_1_CountsTo_mVolts
 .text.ADC_1_ISR
                0x00001870        0xc .\CortexM0\ARM_GCC_493\Debug\PSOC4MIO_HAL.a(ADC_1_INT.o)
                0x00001870                ADC_1_ISR
 .text.console_ScbModePostEnable
                0x0000187c        0x8 .\CortexM0\ARM_GCC_493\Debug\PSOC4MIO_HAL.a(console.o)
 .text.console_Init
                0x00001884        0x8 .\CortexM0\ARM_GCC_493\Debug\PSOC4MIO_HAL.a(console.o)
                0x00001884                console_Init
 .text.console_Enable
                0x0000188c       0x18 .\CortexM0\ARM_GCC_493\Debug\PSOC4MIO_HAL.a(console.o)
                0x0000188c                console_Enable
 .text.console_Start
                0x000018a4       0x20 .\CortexM0\ARM_GCC_493\Debug\PSOC4MIO_HAL.a(console.o)
                0x000018a4                console_Start
 .text.console_SpiUartReadRxData
                0x000018c4        0xc .\CortexM0\ARM_GCC_493\Debug\PSOC4MIO_HAL.a(console_SPI_UART.o)
                0x000018c4                console_SpiUartReadRxData
 .text.console_SpiUartGetRxBufferSize
                0x000018d0       0x10 .\CortexM0\ARM_GCC_493\Debug\PSOC4MIO_HAL.a(console_SPI_UART.o)
                0x000018d0                console_SpiUartGetRxBufferSize
 .text.console_SpiUartWriteTxData
                0x000018e0       0x1c .\CortexM0\ARM_GCC_493\Debug\PSOC4MIO_HAL.a(console_SPI_UART.o)
                0x000018e0                console_SpiUartWriteTxData
 .text.console_UartInit
                0x000018fc       0x98 .\CortexM0\ARM_GCC_493\Debug\PSOC4MIO_HAL.a(console_UART.o)
                0x000018fc                console_UartInit
 .text.console_UartPostEnable
                0x00001994       0x14 .\CortexM0\ARM_GCC_493\Debug\PSOC4MIO_HAL.a(console_UART.o)
                0x00001994                console_UartPostEnable
 .text.console_UartGetChar
                0x000019a8       0x2c .\CortexM0\ARM_GCC_493\Debug\PSOC4MIO_HAL.a(console_UART.o)
                0x000019a8                console_UartGetChar
 .text.P4_4_Write
                0x000019d4       0x18 .\CortexM0\ARM_GCC_493\Debug\PSOC4MIO_HAL.a(P4_4.o)
                0x000019d4                P4_4_Write
 *fill*         0x000019ec        0x4 
 .text          0x000019f0       0x20 .\CortexM0\ARM_GCC_493\Debug\PSOC4MIO_HAL.a(CyBootAsmGnu.o)
                0x000019f0                CyDelayCycles
                0x00001a02                CyEnterCriticalSection
                0x00001a0a                CyExitCriticalSection
 .text.CySysClkImoDisableWcoLock
                0x00001a10       0x14 .\CortexM0\ARM_GCC_493\Debug\PSOC4MIO_HAL.a(CyLib.o)
                0x00001a10                CySysClkImoDisableWcoLock
 .text.CySysClkImoGetWcoLock
                0x00001a24       0x14 .\CortexM0\ARM_GCC_493\Debug\PSOC4MIO_HAL.a(CyLib.o)
                0x00001a24                CySysClkImoGetWcoLock
 .text.CyIntEnable
                0x00001a38       0x14 .\CortexM0\ARM_GCC_493\Debug\PSOC4MIO_HAL.a(CyLib.o)
                0x00001a38                CyIntEnable
 .text.CyIntClearPending
                0x00001a4c       0x14 .\CortexM0\ARM_GCC_493\Debug\PSOC4MIO_HAL.a(CyLib.o)
                0x00001a4c                CyIntClearPending
 .text.CyHalt   0x00001a60        0x4 .\CortexM0\ARM_GCC_493\Debug\PSOC4MIO_HAL.a(CyLib.o)
                0x00001a60                CyHalt
 .text.CyIntSetSysVector
                0x00001a64       0x20 .\CortexM0\ARM_GCC_493\Debug\PSOC4MIO_HAL.a(CyLib.o)
                0x00001a64                CyIntSetSysVector
 .text.CyIntSetVector
                0x00001a84       0x24 .\CortexM0\ARM_GCC_493\Debug\PSOC4MIO_HAL.a(CyLib.o)
                0x00001a84                CyIntSetVector
 .text.CyIntSetPriority
                0x00001aa8       0x4c .\CortexM0\ARM_GCC_493\Debug\PSOC4MIO_HAL.a(CyLib.o)
                0x00001aa8                CyIntSetPriority
 .text.CyDelay  0x00001af4       0x30 .\CortexM0\ARM_GCC_493\Debug\PSOC4MIO_HAL.a(CyLib.o)
                0x00001af4                CyDelay
 .text.CySysClkImoEnableWcoLock
                0x00001b24       0xe8 .\CortexM0\ARM_GCC_493\Debug\PSOC4MIO_HAL.a(CyLib.o)
                0x00001b24                CySysClkImoEnableWcoLock
 .text.CySysClkWriteImoFreq
                0x00001c0c       0x80 .\CortexM0\ARM_GCC_493\Debug\PSOC4MIO_HAL.a(CyLib.o)
                0x00001c0c                CySysClkWriteImoFreq
 .text.CyDelayUs
                0x00001c8c       0x14 .\CortexM0\ARM_GCC_493\Debug\PSOC4MIO_HAL.a(CyLib.o)
                0x00001c8c                CyDelayUs
 .text.CySysTickEnableInterrupt
                0x00001ca0       0x10 .\CortexM0\ARM_GCC_493\Debug\PSOC4MIO_HAL.a(CyLib.o)
                0x00001ca0                CySysTickEnableInterrupt
 .text.CySysTickEnable
                0x00001cb0       0x18 .\CortexM0\ARM_GCC_493\Debug\PSOC4MIO_HAL.a(CyLib.o)
                0x00001cb0                CySysTickEnable
 .text.CySysTickSetReload
                0x00001cc8       0x10 .\CortexM0\ARM_GCC_493\Debug\PSOC4MIO_HAL.a(CyLib.o)
                0x00001cc8                CySysTickSetReload
 .text.CySysTickSetClockSource
                0x00001cd8       0x20 .\CortexM0\ARM_GCC_493\Debug\PSOC4MIO_HAL.a(CyLib.o)
                0x00001cd8                CySysTickSetClockSource
 .text.CySysTickGetCountFlag
                0x00001cf8       0x10 .\CortexM0\ARM_GCC_493\Debug\PSOC4MIO_HAL.a(CyLib.o)
                0x00001cf8                CySysTickGetCountFlag
 .text.CySysTickServiceCallbacks
                0x00001d08       0x28 .\CortexM0\ARM_GCC_493\Debug\PSOC4MIO_HAL.a(CyLib.o)
 .text.CySysTickClear
                0x00001d30        0xc .\CortexM0\ARM_GCC_493\Debug\PSOC4MIO_HAL.a(CyLib.o)
                0x00001d30                CySysTickClear
 .text.CySysTickInit
                0x00001d3c       0x4c .\CortexM0\ARM_GCC_493\Debug\PSOC4MIO_HAL.a(CyLib.o)
                0x00001d3c                CySysTickInit
 .text.CySysTickStart
                0x00001d88       0x20 .\CortexM0\ARM_GCC_493\Debug\PSOC4MIO_HAL.a(CyLib.o)
                0x00001d88                CySysTickStart
 .text.CySysTickSetCallback
                0x00001da8       0x10 .\CortexM0\ARM_GCC_493\Debug\PSOC4MIO_HAL.a(CyLib.o)
                0x00001da8                CySysTickSetCallback
 .text.CySysTickGetCallback
                0x00001db8        0xc .\CortexM0\ARM_GCC_493\Debug\PSOC4MIO_HAL.a(CyLib.o)
                0x00001db8                CySysTickGetCallback
 .text.CySysPmSleep
                0x00001dc4       0x1c .\CortexM0\ARM_GCC_493\Debug\PSOC4MIO_HAL.a(cyPm.o)
                0x00001dc4                CySysPmSleep
 .text.CySysWdtLocked
                0x00001de0       0x14 .\CortexM0\ARM_GCC_493\Debug\PSOC4MIO_HAL.a(CyLFClk.o)
 .text.CySysClkWcoStart
                0x00001df4       0x40 .\CortexM0\ARM_GCC_493\Debug\PSOC4MIO_HAL.a(CyLFClk.o)
                0x00001df4                CySysClkWcoStart
 .text.CySysClkWcoEnabled
                0x00001e34       0x14 .\CortexM0\ARM_GCC_493\Debug\PSOC4MIO_HAL.a(CyLFClk.o)
                0x00001e34                CySysClkWcoEnabled
 .text.CySysWdtLock
                0x00001e48       0x1c .\CortexM0\ARM_GCC_493\Debug\PSOC4MIO_HAL.a(CyLFClk.o)
                0x00001e48                CySysWdtLock
 .text.CySysWdtUnlock
                0x00001e64       0x30 .\CortexM0\ARM_GCC_493\Debug\PSOC4MIO_HAL.a(CyLFClk.o)
                0x00001e64                CySysWdtUnlock
 .text.CySysWdtGetEnabledStatus
                0x00001e94       0x24 .\CortexM0\ARM_GCC_493\Debug\PSOC4MIO_HAL.a(CyLFClk.o)
                0x00001e94                CySysWdtGetEnabledStatus
 .text.CySysWdtDisable
                0x00001eb8       0x44 .\CortexM0\ARM_GCC_493\Debug\PSOC4MIO_HAL.a(CyLFClk.o)
                0x00001eb8                CySysWdtDisable
 .text.CySysWdtClearInterrupt
                0x00001efc       0x4c .\CortexM0\ARM_GCC_493\Debug\PSOC4MIO_HAL.a(CyLFClk.o)
                0x00001efc                CySysWdtClearInterrupt
 .text.sectimer_Enable
                0x00001f48       0x10 .\CortexM0\ARM_GCC_493\Debug\PSOC4MIO_HAL.a(sectimer.o)
                0x00001f48                sectimer_Enable
 .text.sectimer_SetInterruptMode
                0x00001f58        0xc .\CortexM0\ARM_GCC_493\Debug\PSOC4MIO_HAL.a(sectimer.o)
                0x00001f58                sectimer_SetInterruptMode
 .text.sectimer_ReadStatusRegister
                0x00001f64        0xc .\CortexM0\ARM_GCC_493\Debug\PSOC4MIO_HAL.a(sectimer.o)
                0x00001f64                sectimer_ReadStatusRegister
 .text.sectimer_WritePeriod
                0x00001f70        0xc .\CortexM0\ARM_GCC_493\Debug\PSOC4MIO_HAL.a(sectimer.o)
                0x00001f70                sectimer_WritePeriod
 .text.sectimer_ReadCapture
                0x00001f7c        0xc .\CortexM0\ARM_GCC_493\Debug\PSOC4MIO_HAL.a(sectimer.o)
                0x00001f7c                sectimer_ReadCapture
 .text.sectimer_WriteCounter
                0x00001f88        0xc .\CortexM0\ARM_GCC_493\Debug\PSOC4MIO_HAL.a(sectimer.o)
                0x00001f88                sectimer_WriteCounter
 .text.sectimer_ClearFIFO
                0x00001f94       0x14 .\CortexM0\ARM_GCC_493\Debug\PSOC4MIO_HAL.a(sectimer.o)
                0x00001f94                sectimer_ClearFIFO
 .text.sectimer_Init
                0x00001fa8       0x38 .\CortexM0\ARM_GCC_493\Debug\PSOC4MIO_HAL.a(sectimer.o)
                0x00001fa8                sectimer_Init
 .text.sectimer_Start
                0x00001fe0       0x20 .\CortexM0\ARM_GCC_493\Debug\PSOC4MIO_HAL.a(sectimer.o)
                0x00001fe0                sectimer_Start
 .text.wdog_SetVector
                0x00002000        0xc .\CortexM0\ARM_GCC_493\Debug\PSOC4MIO_HAL.a(wdog.o)
                0x00002000                wdog_SetVector
 .text.wdog_SetPriority
                0x0000200c       0x20 .\CortexM0\ARM_GCC_493\Debug\PSOC4MIO_HAL.a(wdog.o)
                0x0000200c                wdog_SetPriority
 .text.wdog_Enable
                0x0000202c        0xc .\CortexM0\ARM_GCC_493\Debug\PSOC4MIO_HAL.a(wdog.o)
                0x0000202c                wdog_Enable
 .text.wdog_Disable
                0x00002038        0xc .\CortexM0\ARM_GCC_493\Debug\PSOC4MIO_HAL.a(wdog.o)
                0x00002038                wdog_Disable
 .text.wdog_StartEx
                0x00002044       0x1c .\CortexM0\ARM_GCC_493\Debug\PSOC4MIO_HAL.a(wdog.o)
                0x00002044                wdog_StartEx
 .text.sticks_SetVector
                0x00002060        0xc .\CortexM0\ARM_GCC_493\Debug\PSOC4MIO_HAL.a(sticks.o)
                0x00002060                sticks_SetVector
 .text.sticks_SetPriority
                0x0000206c       0x20 .\CortexM0\ARM_GCC_493\Debug\PSOC4MIO_HAL.a(sticks.o)
                0x0000206c                sticks_SetPriority
 .text.sticks_Enable
                0x0000208c        0xc .\CortexM0\ARM_GCC_493\Debug\PSOC4MIO_HAL.a(sticks.o)
                0x0000208c                sticks_Enable
 .text.sticks_Disable
                0x00002098        0xc .\CortexM0\ARM_GCC_493\Debug\PSOC4MIO_HAL.a(sticks.o)
                0x00002098                sticks_Disable
 .text.sticks_StartEx
                0x000020a4       0x1c .\CortexM0\ARM_GCC_493\Debug\PSOC4MIO_HAL.a(sticks.o)
                0x000020a4                sticks_StartEx
 .text.coretemp_CountsTo_Celsius
                0x000020c0       0x68 .\CortexM0\ARM_GCC_493\Debug\PSOC4MIO_HAL.a(coretemp.o)
                0x000020c0                coretemp_CountsTo_Celsius
 .text.ubut_SetVector
                0x00002128        0xc .\CortexM0\ARM_GCC_493\Debug\PSOC4MIO_HAL.a(ubut.o)
                0x00002128                ubut_SetVector
 .text.ubut_SetPriority
                0x00002134       0x24 .\CortexM0\ARM_GCC_493\Debug\PSOC4MIO_HAL.a(ubut.o)
                0x00002134                ubut_SetPriority
 .text.ubut_Enable
                0x00002158        0xc .\CortexM0\ARM_GCC_493\Debug\PSOC4MIO_HAL.a(ubut.o)
                0x00002158                ubut_Enable
 .text.ubut_Disable
                0x00002164        0xc .\CortexM0\ARM_GCC_493\Debug\PSOC4MIO_HAL.a(ubut.o)
                0x00002164                ubut_Disable
 .text.ubut_StartEx
                0x00002170       0x1c .\CortexM0\ARM_GCC_493\Debug\PSOC4MIO_HAL.a(ubut.o)
                0x00002170                ubut_StartEx
 .text.ubut_ClearPending
                0x0000218c        0xc .\CortexM0\ARM_GCC_493\Debug\PSOC4MIO_HAL.a(ubut.o)
                0x0000218c                ubut_ClearPending
 .text.crdy_SetVector
                0x00002198        0xc .\CortexM0\ARM_GCC_493\Debug\PSOC4MIO_HAL.a(crdy.o)
                0x00002198                crdy_SetVector
 .text.crdy_SetPriority
                0x000021a4       0x20 .\CortexM0\ARM_GCC_493\Debug\PSOC4MIO_HAL.a(crdy.o)
                0x000021a4                crdy_SetPriority
 .text.crdy_Enable
                0x000021c4       0x10 .\CortexM0\ARM_GCC_493\Debug\PSOC4MIO_HAL.a(crdy.o)
                0x000021c4                crdy_Enable
 .text.crdy_Disable
                0x000021d4       0x10 .\CortexM0\ARM_GCC_493\Debug\PSOC4MIO_HAL.a(crdy.o)
                0x000021d4                crdy_Disable
 .text.crdy_StartEx
                0x000021e4       0x1c .\CortexM0\ARM_GCC_493\Debug\PSOC4MIO_HAL.a(crdy.o)
                0x000021e4                crdy_StartEx
 .text.P7_1_ClearInterrupt
                0x00002200       0x14 .\CortexM0\ARM_GCC_493\Debug\PSOC4MIO_HAL.a(P7_1.o)
                0x00002200                P7_1_ClearInterrupt
 .text.en5v_gpio0_Write
                0x00002214       0x18 .\CortexM0\ARM_GCC_493\Debug\PSOC4MIO_HAL.a(en5v_gpio0.o)
                0x00002214                en5v_gpio0_Write
 .text.en33v_gpio1_Write
                0x0000222c       0x18 .\CortexM0\ARM_GCC_493\Debug\PSOC4MIO_HAL.a(en33v_gpio1.o)
                0x0000222c                en33v_gpio1_Write
 .text.gpio1_led_Write
                0x00002244       0x18 .\CortexM0\ARM_GCC_493\Debug\PSOC4MIO_HAL.a(gpio1_led.o)
                0x00002244                gpio1_led_Write
 .text.LCD_Start
                0x0000225c        0x4 .\CortexM0\ARM_GCC_493\Debug\PSOC4MIO_HAL.a(LCD.o)
                0x0000225c                LCD_Start
 .text.switches_Read
                0x00002260        0xc .\CortexM0\ARM_GCC_493\Debug\PSOC4MIO_HAL.a(switches.o)
                0x00002260                switches_Read
 .text.CySysFlashSetWaitCycles
                0x0000226c       0x54 .\CortexM0\ARM_GCC_493\Debug\PSOC4MIO_HAL.a(CyFlash.o)
                0x0000226c                CySysFlashSetWaitCycles
 .text          0x000022c0      0x120 c:/program files (x86)/cypress/psoc creator/3.3/psoc creator/import/gnu/arm/4.9.3/bin/../lib/gcc/arm-none-eabi/4.9.3/armv6-m\libgcc.a(_udivsi3.o)
                0x000022c0                __aeabi_uidiv
                0x000022c0                __udivsi3
                0x000023cc                __aeabi_uidivmod
 .text          0x000023e0      0x1e0 c:/program files (x86)/cypress/psoc creator/3.3/psoc creator/import/gnu/arm/4.9.3/bin/../lib/gcc/arm-none-eabi/4.9.3/armv6-m\libgcc.a(_divsi3.o)
                0x000023e0                __divsi3
                0x000023e0                __aeabi_idiv
                0x000025ac                __aeabi_idivmod
 .text          0x000025c0        0x4 c:/program files (x86)/cypress/psoc creator/3.3/psoc creator/import/gnu/arm/4.9.3/bin/../lib/gcc/arm-none-eabi/4.9.3/armv6-m\libgcc.a(_dvmd_tls.o)
                0x000025c0                __aeabi_idiv0
                0x000025c0                __aeabi_ldiv0
 .text.__libc_init_array
                0x000025c4       0x4c c:/program files (x86)/cypress/psoc creator/3.3/psoc creator/import/gnu/arm/4.9.3/bin/../lib/gcc/arm-none-eabi/4.9.3/../../../../arm-none-eabi/lib/armv6-m\libg_nano.a(lib_a-init.o)
                0x000025c4                __libc_init_array
 .text.memset   0x00002610       0x10 c:/program files (x86)/cypress/psoc creator/3.3/psoc creator/import/gnu/arm/4.9.3/bin/../lib/gcc/arm-none-eabi/4.9.3/../../../../arm-none-eabi/lib/armv6-m\libg_nano.a(lib_a-memset.o)
                0x00002610                memset
 *(.plt)
 *(.gnu.warning)
 *(.glue_7t)
 .glue_7t       0x00000000        0x0 linker stubs
 *(.glue_7)
 .glue_7        0x00000000        0x0 linker stubs
 *(.vfp11_veneer)
 .vfp11_veneer  0x00000000        0x0 linker stubs
 *(.bootloader)
 *(.ARM.extab* .gnu.linkonce.armextab.*)
 *(.gcc_except_table)

.v4_bx          0x00002620        0x0
 .v4_bx         0x00000000        0x0 linker stubs

.iplt           0x00002620        0x0
 .iplt          0x00000000        0x0 c:/program files (x86)/cypress/psoc creator/3.3/psoc creator/import/gnu/arm/4.9.3/bin/../lib/gcc/arm-none-eabi/4.9.3/armv6-m/crtbegin.o

.eh_frame_hdr
 *(.eh_frame_hdr)

.eh_frame       0x00002620        0x4
 *(.eh_frame)
 .eh_frame      0x00002620        0x0 c:/program files (x86)/cypress/psoc creator/3.3/psoc creator/import/gnu/arm/4.9.3/bin/../lib/gcc/arm-none-eabi/4.9.3/armv6-m/crtbegin.o
 .eh_frame      0x00002620        0x4 c:/program files (x86)/cypress/psoc creator/3.3/psoc creator/import/gnu/arm/4.9.3/bin/../lib/gcc/arm-none-eabi/4.9.3/armv6-m/crtend.o
                0x00002624                PROVIDE (__exidx_start, .)

.ARM.exidx
 *(.ARM.exidx* .gnu.linkonce.armexidx.*)
                0x00002624                __exidx_end = .

.rodata         0x00002624      0x37c
 *(.rodata .rodata.* .gnu.linkonce.r.*)
 .rodata        0x00002624       0x58 .\CortexM0\ARM_GCC_493\Debug\main.o
                0x00002624                ChkStr
 .rodata.str1.4
                0x0000267c      0x164 .\CortexM0\ARM_GCC_493\Debug\main.o
                                0x174 (size before relaxing)
 .rodata        0x000027e0      0x134 .\CortexM0\ARM_GCC_493\Debug\PSOC4MIO_HAL.a(cyfitter_cfg.o)
 .rodata        0x00002914       0x10 .\CortexM0\ARM_GCC_493\Debug\PSOC4MIO_HAL.a(ADC_1.o)
 .rodata        0x00002924       0x48 .\CortexM0\ARM_GCC_493\Debug\PSOC4MIO_HAL.a(CyLib.o)
                0x00002924                cyImoFreqMhz2Reg
                0x00002954                cyImoFreqMhz2DpllOffset
                0x0000296c                . = ALIGN (0x4)
 *(.init)
 .init          0x0000296c        0x4 c:/program files (x86)/cypress/psoc creator/3.3/psoc creator/import/gnu/arm/4.9.3/bin/../lib/gcc/arm-none-eabi/4.9.3/armv6-m/crti.o
                0x0000296c                _init
 .init          0x00002970        0x8 c:/program files (x86)/cypress/psoc creator/3.3/psoc creator/import/gnu/arm/4.9.3/bin/../lib/gcc/arm-none-eabi/4.9.3/armv6-m/crtn.o
                0x00002978                . = ALIGN (0x4)
                0x00002978                __preinit_array_start = .
 *(.preinit_array)
                0x00002978                __preinit_array_end = .
                0x00002978                . = ALIGN (0x4)
                0x00002978                __init_array_start = .
 *(SORT(.init_array.*))
 *(.init_array)
 .init_array    0x00002978        0x4 c:/program files (x86)/cypress/psoc creator/3.3/psoc creator/import/gnu/arm/4.9.3/bin/../lib/gcc/arm-none-eabi/4.9.3/armv6-m/crtbegin.o
 .init_array    0x0000297c        0x4 .\CortexM0\ARM_GCC_493\Debug\Cm0Start.o
                0x00002980                __init_array_end = .
                0x00002980                . = ALIGN (0x4)
 *(.fini)
 .fini          0x00002980        0x4 c:/program files (x86)/cypress/psoc creator/3.3/psoc creator/import/gnu/arm/4.9.3/bin/../lib/gcc/arm-none-eabi/4.9.3/armv6-m/crti.o
                0x00002980                _fini
 .fini          0x00002984        0x8 c:/program files (x86)/cypress/psoc creator/3.3/psoc creator/import/gnu/arm/4.9.3/bin/../lib/gcc/arm-none-eabi/4.9.3/armv6-m/crtn.o
                0x0000298c                . = ALIGN (0x4)
                0x0000298c                __fini_array_start = .
 *(.fini_array)
 .fini_array    0x0000298c        0x4 c:/program files (x86)/cypress/psoc creator/3.3/psoc creator/import/gnu/arm/4.9.3/bin/../lib/gcc/arm-none-eabi/4.9.3/armv6-m/crtbegin.o
 *(SORT(.fini_array.*))
                0x00002990                __fini_array_end = .
                0x00002990                . = ALIGN (0x4)
 *crtbegin.o(.ctors)
 *(EXCLUDE_FILE(*crtend.o) .ctors)
 *(SORT(.ctors.*))
 *crtend.o(.ctors)
                0x00002990                . = ALIGN (0x4)
 *crtbegin.o(.dtors)
 *(EXCLUDE_FILE(*crtend.o) .dtors)
 *(SORT(.dtors.*))
 *crtend.o(.dtors)
                0x00002990                . = ALIGN (0x4)
                0x00002990                __cy_regions = .
                0x00002990        0x4 LONG 0x29a0 __cy_region_init_ram
                0x00002994        0x4 LONG 0x200000c8 __cy_region_start_data
                0x00002998        0x4 LONG 0x18 __cy_region_init_size_ram
                0x0000299c        0x4 LONG 0x410 __cy_region_zero_size_ram
                0x000029a0                __cy_regions_end = .
                0x000029a0                . = ALIGN (0x8)
                0x000029a0                _etext = .

.cy_checksum_exclude
                0x000029a0        0x0
 *(.cy_checksum_exclude)

.ramvectors     0x20000000       0xc0
                0x20000000                __cy_region_start_ram = .
 *(.ramvectors)
 .ramvectors    0x20000000       0xc0 .\CortexM0\ARM_GCC_493\Debug\Cm0Start.o
                0x20000000                CyRamVectors

.noinit         0x200000c0        0x4
 *(.noinit)
 .noinit        0x200000c0        0x4 .\CortexM0\ARM_GCC_493\Debug\Cm0Start.o

.data           0x200000c8       0x18 load address 0x000029a0
                0x200000c8                __cy_region_start_data = .
 *(.jcr)
 .jcr           0x200000c8        0x0 c:/program files (x86)/cypress/psoc creator/3.3/psoc creator/import/gnu/arm/4.9.3/bin/../lib/gcc/arm-none-eabi/4.9.3/armv6-m/crtbegin.o
 .jcr           0x200000c8        0x4 c:/program files (x86)/cypress/psoc creator/3.3/psoc creator/import/gnu/arm/4.9.3/bin/../lib/gcc/arm-none-eabi/4.9.3/armv6-m/crtend.o
 *(.got.plt)
 *(.got)
 *(.shdata)
 *(.data .data.* .gnu.linkonce.d.*)
 .data          0x200000cc       0x10 .\CortexM0\ARM_GCC_493\Debug\PSOC4MIO_HAL.a(CyLib.o)
                0x200000cc                cydelay32kMs
                0x200000d0                cydelayFreqKhz
                0x200000d4                cydelayFreqMhz
                0x200000d8                cydelayFreqHz
                0x200000e0                . = ALIGN (0x8)
 *fill*         0x200000dc        0x4 
 *(.ram)
                0x200000e0                _edata = .

.igot.plt       0x200000e0        0x0 load address 0x000029b8
 .igot.plt      0x00000000        0x0 c:/program files (x86)/cypress/psoc creator/3.3/psoc creator/import/gnu/arm/4.9.3/bin/../lib/gcc/arm-none-eabi/4.9.3/armv6-m/crtbegin.o

.bss            0x200000e0      0x410 load address 0x000029b8
                0x200000e0                PROVIDE (__bss_start__, .)
 *(.shbss)
 *(.bss .bss.* .gnu.linkonce.b.*)
 .bss           0x200000e0       0x1c c:/program files (x86)/cypress/psoc creator/3.3/psoc creator/import/gnu/arm/4.9.3/bin/../lib/gcc/arm-none-eabi/4.9.3/armv6-m/crtbegin.o
 .bss           0x200000fc       0x18 .\CortexM0\ARM_GCC_493\Debug\main.o
                0x200000fc                sticks
                0x20000100                msticks
                0x20000104                lticks
                0x20000108                wdcount
                0x2000010c                sa
                0x20000110                toggle
 .bss           0x20000114        0x1 .\CortexM0\ARM_GCC_493\Debug\PSOC4MIO_HAL.a(ADC_1.o)
                0x20000114                ADC_1_initVar
 .bss           0x20000115        0x1 .\CortexM0\ARM_GCC_493\Debug\PSOC4MIO_HAL.a(console.o)
                0x20000115                console_initVar
 *fill*         0x20000116        0x2 
 .bss           0x20000118       0x18 .\CortexM0\ARM_GCC_493\Debug\PSOC4MIO_HAL.a(CyLib.o)
                0x2000012c                CySysTickInitVar
 .bss           0x20000130        0x1 .\CortexM0\ARM_GCC_493\Debug\PSOC4MIO_HAL.a(sectimer.o)
                0x20000130                sectimer_initVar
 *(COMMON)
 *fill*         0x20000131        0x7 
 COMMON         0x20000138      0x3a1 .\CortexM0\ARM_GCC_493\Debug\main.o
                0x20000138                aftertab_1M
                0x2000019c                swval
                0x200001a0                linebuf
                0x20000204                b
                0x20000208                argv
                0x20000230                ontable
                0x20000370                argc
                0x20000374                bufbegin
                0x20000378                obb
                0x2000037c                gres
                0x20000390                obuf
                0x200003f4                aftertab_1S
                0x20000458                buf
                0x2000046c                cline
                0x20000470                bufpos
                0x20000474                GEV
                0x20000478                obpos
                0x2000047c                ctab
                0x200004d0                ltime
                0x200004d8                swreg
 *fill*         0x200004d9        0x3 
 COMMON         0x200004dc       0x14 .\CortexM0\ARM_GCC_493\Debug\PSOC4MIO_HAL.a(ADC_1.o)
                0x200004dc                ADC_1_offset
                0x200004e4                ADC_1_countsPer10Volt
                0x200004f0                . = ALIGN (0x8)
 *(.ram.b)
                0x200004f0                _end = .
                0x200004f0                __end = .
                0x200004f0                PROVIDE (end, .)
                0x200004f0                PROVIDE (__bss_end__, .)
                0x000029a0                __cy_region_init_ram = LOADADDR (.data)
                0x00000018                __cy_region_init_size_ram = (_edata - ADDR (.data))
                0x00000410                __cy_region_zero_size_ram = (_end - _edata)

.heap           0x200004f0       0x80 load address 0x000029b8
                0x200004f0                . = _end
                0x20000570                . = (. + 0x80)
 *fill*         0x200004f0       0x80 
                0x20000570                __cy_heap_limit = .

.stack          0x20003800      0x800
                0x20003800                __cy_stack_limit = .
                0x20004000                . = (. + 0x800)
 *fill*         0x20003800      0x800 
                0x00000001                ASSERT ((__cy_stack_limit >= __cy_heap_limit), region RAM overflowed with stack)
                0x00000000                cy_checksum_exclude_size = (CY_APPL_LOADABLE == 0x1)?SIZEOF (.cy_checksum_exclude):0x0
                0x00000001                ASSERT ((cy_checksum_exclude_size <= CY_CHECKSUM_EXCLUDE_SIZE), CY_BOOT: Section .cy_checksum_exclude size exceedes specified limit.)
                0x0001ffc0                cyloadermeta_start = (cy_project_type_bootloader || cy_project_type_app_for_stack_and_copier)?(0x20000 - CY_METADATA_SIZE):0xf0000000

.cyloadermeta
 *(.cyloadermeta)
                0x0001ffc0                cyloadablemeta_start = cy_project_type_app_for_stack_and_copier?((0x20000 - CY_FLASH_ROW_SIZE) - CY_METADATA_SIZE):((0x20000 - (CY_FLASH_ROW_SIZE * (CY_APPL_NUM - 0x1))) - CY_METADATA_SIZE)

.cyloadablemeta
 *(.cyloadablemeta)

.cyflashprotect
                0x90400000       0x80
 *(.cyflashprotect)
 .cyflashprotect
                0x90400000       0x80 .\CortexM0\ARM_GCC_493\Debug\cymetadata.o
                0x90400000                cy_meta_flashprotect

.cymeta         0x90500000        0xc
 *(.cymeta)
 .cymeta        0x90500000        0xc .\CortexM0\ARM_GCC_493\Debug\cymetadata.o
                0x90500000                cy_metadata

.cychipprotect  0x90600000        0x4
 *(.cychipprotect)
 .cychipprotect
                0x90600000        0x4 .\CortexM0\ARM_GCC_493\Debug\cymetadata.o
                0x90600000                cy_meta_chipprotect

.rel.dyn        0x000029b8        0x0 load address 0x90600004
 .rel.iplt      0x00000000        0x0 c:/program files (x86)/cypress/psoc creator/3.3/psoc creator/import/gnu/arm/4.9.3/bin/../lib/gcc/arm-none-eabi/4.9.3/armv6-m/crtbegin.o

.stab
 *(.stab)

.stabstr
 *(.stabstr)

.debug
 *(.debug)

.line
 *(.line)

.debug_srcinfo
 *(.debug_srcinfo)

.debug_sfnames
 *(.debug_sfnames)

.debug_aranges  0x00000000      0xd18
 *(.debug_aranges)
 .debug_aranges
                0x00000000      0x1e0 .\CortexM0\ARM_GCC_493\Debug\main.o
 .debug_aranges
                0x000001e0       0x18 .\CortexM0\ARM_GCC_493\Debug\cymetadata.o
 .debug_aranges
                0x000001f8       0x48 .\CortexM0\ARM_GCC_493\Debug\Cm0Start.o
 .debug_aranges
                0x00000240       0x48 .\CortexM0\ARM_GCC_493\Debug\PSOC4MIO_HAL.a(cyfitter_cfg.o)
 .debug_aranges
                0x00000288       0xb0 .\CortexM0\ARM_GCC_493\Debug\PSOC4MIO_HAL.a(ADC_1.o)
 .debug_aranges
                0x00000338       0x20 .\CortexM0\ARM_GCC_493\Debug\PSOC4MIO_HAL.a(ADC_1_INT.o)
 .debug_aranges
                0x00000358       0x58 .\CortexM0\ARM_GCC_493\Debug\PSOC4MIO_HAL.a(console.o)
 .debug_aranges
                0x000003b0       0x60 .\CortexM0\ARM_GCC_493\Debug\PSOC4MIO_HAL.a(console_SPI_UART.o)
 .debug_aranges
                0x00000410       0x88 .\CortexM0\ARM_GCC_493\Debug\PSOC4MIO_HAL.a(console_UART.o)
 .debug_aranges
                0x00000498       0x40 .\CortexM0\ARM_GCC_493\Debug\PSOC4MIO_HAL.a(P4_4.o)
 .debug_aranges
                0x000004d8       0x20 .\CortexM0\ARM_GCC_493\Debug\PSOC4MIO_HAL.a(CyBootAsmGnu.o)
 .debug_aranges
                0x000004f8      0x1b8 .\CortexM0\ARM_GCC_493\Debug\PSOC4MIO_HAL.a(CyLib.o)
 .debug_aranges
                0x000006b0       0x58 .\CortexM0\ARM_GCC_493\Debug\PSOC4MIO_HAL.a(cyPm.o)
 .debug_aranges
                0x00000708      0x150 .\CortexM0\ARM_GCC_493\Debug\PSOC4MIO_HAL.a(CyLFClk.o)
 .debug_aranges
                0x00000858       0x90 .\CortexM0\ARM_GCC_493\Debug\PSOC4MIO_HAL.a(sectimer.o)
 .debug_aranges
                0x000008e8       0x80 .\CortexM0\ARM_GCC_493\Debug\PSOC4MIO_HAL.a(wdog.o)
 .debug_aranges
                0x00000968       0x80 .\CortexM0\ARM_GCC_493\Debug\PSOC4MIO_HAL.a(sticks.o)
 .debug_aranges
                0x000009e8       0x20 .\CortexM0\ARM_GCC_493\Debug\PSOC4MIO_HAL.a(coretemp.o)
 .debug_aranges
                0x00000a08       0x80 .\CortexM0\ARM_GCC_493\Debug\PSOC4MIO_HAL.a(ubut.o)
 .debug_aranges
                0x00000a88       0x80 .\CortexM0\ARM_GCC_493\Debug\PSOC4MIO_HAL.a(crdy.o)
 .debug_aranges
                0x00000b08       0x48 .\CortexM0\ARM_GCC_493\Debug\PSOC4MIO_HAL.a(P7_1.o)
 .debug_aranges
                0x00000b50       0x48 .\CortexM0\ARM_GCC_493\Debug\PSOC4MIO_HAL.a(en5v_gpio0.o)
 .debug_aranges
                0x00000b98       0x48 .\CortexM0\ARM_GCC_493\Debug\PSOC4MIO_HAL.a(en33v_gpio1.o)
 .debug_aranges
                0x00000be0       0x48 .\CortexM0\ARM_GCC_493\Debug\PSOC4MIO_HAL.a(gpio1_led.o)
 .debug_aranges
                0x00000c28       0x50 .\CortexM0\ARM_GCC_493\Debug\PSOC4MIO_HAL.a(LCD.o)
 .debug_aranges
                0x00000c78       0x20 .\CortexM0\ARM_GCC_493\Debug\PSOC4MIO_HAL.a(LCD_AsmGnu.o)
 .debug_aranges
                0x00000c98       0x40 .\CortexM0\ARM_GCC_493\Debug\PSOC4MIO_HAL.a(switches.o)
 .debug_aranges
                0x00000cd8       0x40 .\CortexM0\ARM_GCC_493\Debug\PSOC4MIO_HAL.a(CyFlash.o)

.debug_pubnames
 *(.debug_pubnames)

.debug_info     0x00000000     0x77e4
 *(.debug_info .gnu.linkonce.wi.*)
 .debug_info    0x00000000     0x232a .\CortexM0\ARM_GCC_493\Debug\main.o
 .debug_info    0x0000232a       0xfe .\CortexM0\ARM_GCC_493\Debug\cymetadata.o
 .debug_info    0x00002428      0x38e .\CortexM0\ARM_GCC_493\Debug\Cm0Start.o
 .debug_info    0x000027b6      0x3f6 .\CortexM0\ARM_GCC_493\Debug\PSOC4MIO_HAL.a(cyfitter_cfg.o)
 .debug_info    0x00002bac      0x5d1 .\CortexM0\ARM_GCC_493\Debug\PSOC4MIO_HAL.a(ADC_1.o)
 .debug_info    0x0000317d       0xc4 .\CortexM0\ARM_GCC_493\Debug\PSOC4MIO_HAL.a(ADC_1_INT.o)
 .debug_info    0x00003241      0x20a .\CortexM0\ARM_GCC_493\Debug\PSOC4MIO_HAL.a(console.o)
 .debug_info    0x0000344b      0x217 .\CortexM0\ARM_GCC_493\Debug\PSOC4MIO_HAL.a(console_SPI_UART.o)
 .debug_info    0x00003662      0x352 .\CortexM0\ARM_GCC_493\Debug\PSOC4MIO_HAL.a(console_UART.o)
 .debug_info    0x000039b4      0x152 .\CortexM0\ARM_GCC_493\Debug\PSOC4MIO_HAL.a(P4_4.o)
 .debug_info    0x00003b06       0x96 .\CortexM0\ARM_GCC_493\Debug\PSOC4MIO_HAL.a(CyBootAsmGnu.o)
 .debug_info    0x00003b9c      0xcf4 .\CortexM0\ARM_GCC_493\Debug\PSOC4MIO_HAL.a(CyLib.o)
 .debug_info    0x00004890      0x2e9 .\CortexM0\ARM_GCC_493\Debug\PSOC4MIO_HAL.a(cyPm.o)
 .debug_info    0x00004b79      0xda4 .\CortexM0\ARM_GCC_493\Debug\PSOC4MIO_HAL.a(CyLFClk.o)
 .debug_info    0x0000591d      0x2e9 .\CortexM0\ARM_GCC_493\Debug\PSOC4MIO_HAL.a(sectimer.o)
 .debug_info    0x00005c06      0x300 .\CortexM0\ARM_GCC_493\Debug\PSOC4MIO_HAL.a(wdog.o)
 .debug_info    0x00005f06      0x300 .\CortexM0\ARM_GCC_493\Debug\PSOC4MIO_HAL.a(sticks.o)
 .debug_info    0x00006206      0x12b .\CortexM0\ARM_GCC_493\Debug\PSOC4MIO_HAL.a(coretemp.o)
 .debug_info    0x00006331      0x300 .\CortexM0\ARM_GCC_493\Debug\PSOC4MIO_HAL.a(ubut.o)
 .debug_info    0x00006631      0x300 .\CortexM0\ARM_GCC_493\Debug\PSOC4MIO_HAL.a(crdy.o)
 .debug_info    0x00006931      0x19d .\CortexM0\ARM_GCC_493\Debug\PSOC4MIO_HAL.a(P7_1.o)
 .debug_info    0x00006ace      0x19d .\CortexM0\ARM_GCC_493\Debug\PSOC4MIO_HAL.a(en5v_gpio0.o)
 .debug_info    0x00006c6b      0x19d .\CortexM0\ARM_GCC_493\Debug\PSOC4MIO_HAL.a(en33v_gpio1.o)
 .debug_info    0x00006e08      0x19d .\CortexM0\ARM_GCC_493\Debug\PSOC4MIO_HAL.a(gpio1_led.o)
 .debug_info    0x00006fa5      0x2c6 .\CortexM0\ARM_GCC_493\Debug\PSOC4MIO_HAL.a(LCD.o)
 .debug_info    0x0000726b       0x94 .\CortexM0\ARM_GCC_493\Debug\PSOC4MIO_HAL.a(LCD_AsmGnu.o)
 .debug_info    0x000072ff      0x17a .\CortexM0\ARM_GCC_493\Debug\PSOC4MIO_HAL.a(switches.o)
 .debug_info    0x00007479      0x36b .\CortexM0\ARM_GCC_493\Debug\PSOC4MIO_HAL.a(CyFlash.o)

.debug_abbrev   0x00000000     0x23ca
 *(.debug_abbrev)
 .debug_abbrev  0x00000000      0x3cd .\CortexM0\ARM_GCC_493\Debug\main.o
 .debug_abbrev  0x000003cd       0x5d .\CortexM0\ARM_GCC_493\Debug\cymetadata.o
 .debug_abbrev  0x0000042a      0x1d5 .\CortexM0\ARM_GCC_493\Debug\Cm0Start.o
 .debug_abbrev  0x000005ff      0x200 .\CortexM0\ARM_GCC_493\Debug\PSOC4MIO_HAL.a(cyfitter_cfg.o)
 .debug_abbrev  0x000007ff      0x1c3 .\CortexM0\ARM_GCC_493\Debug\PSOC4MIO_HAL.a(ADC_1.o)
 .debug_abbrev  0x000009c2       0x65 .\CortexM0\ARM_GCC_493\Debug\PSOC4MIO_HAL.a(ADC_1_INT.o)
 .debug_abbrev  0x00000a27       0xd5 .\CortexM0\ARM_GCC_493\Debug\PSOC4MIO_HAL.a(console.o)
 .debug_abbrev  0x00000afc      0x169 .\CortexM0\ARM_GCC_493\Debug\PSOC4MIO_HAL.a(console_SPI_UART.o)
 .debug_abbrev  0x00000c65      0x13b .\CortexM0\ARM_GCC_493\Debug\PSOC4MIO_HAL.a(console_UART.o)
 .debug_abbrev  0x00000da0       0xaa .\CortexM0\ARM_GCC_493\Debug\PSOC4MIO_HAL.a(P4_4.o)
 .debug_abbrev  0x00000e4a       0x14 .\CortexM0\ARM_GCC_493\Debug\PSOC4MIO_HAL.a(CyBootAsmGnu.o)
 .debug_abbrev  0x00000e5e      0x245 .\CortexM0\ARM_GCC_493\Debug\PSOC4MIO_HAL.a(CyLib.o)
 .debug_abbrev  0x000010a3      0x155 .\CortexM0\ARM_GCC_493\Debug\PSOC4MIO_HAL.a(cyPm.o)
 .debug_abbrev  0x000011f8      0x26d .\CortexM0\ARM_GCC_493\Debug\PSOC4MIO_HAL.a(CyLFClk.o)
 .debug_abbrev  0x00001465      0x145 .\CortexM0\ARM_GCC_493\Debug\PSOC4MIO_HAL.a(sectimer.o)
 .debug_abbrev  0x000015aa      0x1b4 .\CortexM0\ARM_GCC_493\Debug\PSOC4MIO_HAL.a(wdog.o)
 .debug_abbrev  0x0000175e      0x1b4 .\CortexM0\ARM_GCC_493\Debug\PSOC4MIO_HAL.a(sticks.o)
 .debug_abbrev  0x00001912       0x85 .\CortexM0\ARM_GCC_493\Debug\PSOC4MIO_HAL.a(coretemp.o)
 .debug_abbrev  0x00001997      0x1b4 .\CortexM0\ARM_GCC_493\Debug\PSOC4MIO_HAL.a(ubut.o)
 .debug_abbrev  0x00001b4b      0x1b4 .\CortexM0\ARM_GCC_493\Debug\PSOC4MIO_HAL.a(crdy.o)
 .debug_abbrev  0x00001cff       0xc8 .\CortexM0\ARM_GCC_493\Debug\PSOC4MIO_HAL.a(P7_1.o)
 .debug_abbrev  0x00001dc7       0xc8 .\CortexM0\ARM_GCC_493\Debug\PSOC4MIO_HAL.a(en5v_gpio0.o)
 .debug_abbrev  0x00001e8f       0xc8 .\CortexM0\ARM_GCC_493\Debug\PSOC4MIO_HAL.a(en33v_gpio1.o)
 .debug_abbrev  0x00001f57       0xc8 .\CortexM0\ARM_GCC_493\Debug\PSOC4MIO_HAL.a(gpio1_led.o)
 .debug_abbrev  0x0000201f      0x110 .\CortexM0\ARM_GCC_493\Debug\PSOC4MIO_HAL.a(LCD.o)
 .debug_abbrev  0x0000212f       0x14 .\CortexM0\ARM_GCC_493\Debug\PSOC4MIO_HAL.a(LCD_AsmGnu.o)
 .debug_abbrev  0x00002143       0xc6 .\CortexM0\ARM_GCC_493\Debug\PSOC4MIO_HAL.a(switches.o)
 .debug_abbrev  0x00002209      0x1c1 .\CortexM0\ARM_GCC_493\Debug\PSOC4MIO_HAL.a(CyFlash.o)

.debug_line     0x00000000     0x2f94
 *(.debug_line)
 .debug_line    0x00000000      0x9a2 .\CortexM0\ARM_GCC_493\Debug\main.o
 .debug_line    0x000009a2       0x53 .\CortexM0\ARM_GCC_493\Debug\cymetadata.o
 .debug_line    0x000009f5      0x249 .\CortexM0\ARM_GCC_493\Debug\Cm0Start.o
 .debug_line    0x00000c3e      0x1c7 .\CortexM0\ARM_GCC_493\Debug\PSOC4MIO_HAL.a(cyfitter_cfg.o)
 .debug_line    0x00000e05      0x2bb .\CortexM0\ARM_GCC_493\Debug\PSOC4MIO_HAL.a(ADC_1.o)
 .debug_line    0x000010c0       0x66 .\CortexM0\ARM_GCC_493\Debug\PSOC4MIO_HAL.a(ADC_1_INT.o)
 .debug_line    0x00001126      0x127 .\CortexM0\ARM_GCC_493\Debug\PSOC4MIO_HAL.a(console.o)
 .debug_line    0x0000124d      0x136 .\CortexM0\ARM_GCC_493\Debug\PSOC4MIO_HAL.a(console_SPI_UART.o)
 .debug_line    0x00001383      0x1bc .\CortexM0\ARM_GCC_493\Debug\PSOC4MIO_HAL.a(console_UART.o)
 .debug_line    0x0000153f       0xaa .\CortexM0\ARM_GCC_493\Debug\PSOC4MIO_HAL.a(P4_4.o)
 .debug_line    0x000015e9       0x68 .\CortexM0\ARM_GCC_493\Debug\PSOC4MIO_HAL.a(CyBootAsmGnu.o)
 .debug_line    0x00001651      0x51a .\CortexM0\ARM_GCC_493\Debug\PSOC4MIO_HAL.a(CyLib.o)
 .debug_line    0x00001b6b      0x143 .\CortexM0\ARM_GCC_493\Debug\PSOC4MIO_HAL.a(cyPm.o)
 .debug_line    0x00001cae      0x4c5 .\CortexM0\ARM_GCC_493\Debug\PSOC4MIO_HAL.a(CyLFClk.o)
 .debug_line    0x00002173      0x17e .\CortexM0\ARM_GCC_493\Debug\PSOC4MIO_HAL.a(sectimer.o)
 .debug_line    0x000022f1      0x169 .\CortexM0\ARM_GCC_493\Debug\PSOC4MIO_HAL.a(wdog.o)
 .debug_line    0x0000245a      0x167 .\CortexM0\ARM_GCC_493\Debug\PSOC4MIO_HAL.a(sticks.o)
 .debug_line    0x000025c1       0x6f .\CortexM0\ARM_GCC_493\Debug\PSOC4MIO_HAL.a(coretemp.o)
 .debug_line    0x00002630      0x169 .\CortexM0\ARM_GCC_493\Debug\PSOC4MIO_HAL.a(ubut.o)
 .debug_line    0x00002799      0x169 .\CortexM0\ARM_GCC_493\Debug\PSOC4MIO_HAL.a(crdy.o)
 .debug_line    0x00002902       0xbe .\CortexM0\ARM_GCC_493\Debug\PSOC4MIO_HAL.a(P7_1.o)
 .debug_line    0x000029c0       0xc4 .\CortexM0\ARM_GCC_493\Debug\PSOC4MIO_HAL.a(en5v_gpio0.o)
 .debug_line    0x00002a84       0xc5 .\CortexM0\ARM_GCC_493\Debug\PSOC4MIO_HAL.a(en33v_gpio1.o)
 .debug_line    0x00002b49       0xc3 .\CortexM0\ARM_GCC_493\Debug\PSOC4MIO_HAL.a(gpio1_led.o)
 .debug_line    0x00002c0c       0xea .\CortexM0\ARM_GCC_493\Debug\PSOC4MIO_HAL.a(LCD.o)
 .debug_line    0x00002cf6       0x9e .\CortexM0\ARM_GCC_493\Debug\PSOC4MIO_HAL.a(LCD_AsmGnu.o)
 .debug_line    0x00002d94       0xb9 .\CortexM0\ARM_GCC_493\Debug\PSOC4MIO_HAL.a(switches.o)
 .debug_line    0x00002e4d      0x147 .\CortexM0\ARM_GCC_493\Debug\PSOC4MIO_HAL.a(CyFlash.o)

.debug_frame    0x00000000     0x2218
 *(.debug_frame)
 .debug_frame   0x00000000      0x6b0 .\CortexM0\ARM_GCC_493\Debug\main.o
 .debug_frame   0x000006b0       0xb0 .\CortexM0\ARM_GCC_493\Debug\Cm0Start.o
 .debug_frame   0x00000760       0xb8 .\CortexM0\ARM_GCC_493\Debug\PSOC4MIO_HAL.a(cyfitter_cfg.o)
 .debug_frame   0x00000818      0x1c0 .\CortexM0\ARM_GCC_493\Debug\PSOC4MIO_HAL.a(ADC_1.o)
 .debug_frame   0x000009d8       0x20 .\CortexM0\ARM_GCC_493\Debug\PSOC4MIO_HAL.a(ADC_1_INT.o)
 .debug_frame   0x000009f8       0xd8 .\CortexM0\ARM_GCC_493\Debug\PSOC4MIO_HAL.a(console.o)
 .debug_frame   0x00000ad0       0xb0 .\CortexM0\ARM_GCC_493\Debug\PSOC4MIO_HAL.a(console_SPI_UART.o)
 .debug_frame   0x00000b80      0x130 .\CortexM0\ARM_GCC_493\Debug\PSOC4MIO_HAL.a(console_UART.o)
 .debug_frame   0x00000cb0       0x60 .\CortexM0\ARM_GCC_493\Debug\PSOC4MIO_HAL.a(P4_4.o)
 .debug_frame   0x00000d10      0x468 .\CortexM0\ARM_GCC_493\Debug\PSOC4MIO_HAL.a(CyLib.o)
 .debug_frame   0x00001178       0xe8 .\CortexM0\ARM_GCC_493\Debug\PSOC4MIO_HAL.a(cyPm.o)
 .debug_frame   0x00001260      0x3fc .\CortexM0\ARM_GCC_493\Debug\PSOC4MIO_HAL.a(CyLFClk.o)
 .debug_frame   0x0000165c      0x124 .\CortexM0\ARM_GCC_493\Debug\PSOC4MIO_HAL.a(sectimer.o)
 .debug_frame   0x00001780      0x110 .\CortexM0\ARM_GCC_493\Debug\PSOC4MIO_HAL.a(wdog.o)
 .debug_frame   0x00001890      0x110 .\CortexM0\ARM_GCC_493\Debug\PSOC4MIO_HAL.a(sticks.o)
 .debug_frame   0x000019a0       0x2c .\CortexM0\ARM_GCC_493\Debug\PSOC4MIO_HAL.a(coretemp.o)
 .debug_frame   0x000019cc      0x110 .\CortexM0\ARM_GCC_493\Debug\PSOC4MIO_HAL.a(ubut.o)
 .debug_frame   0x00001adc      0x110 .\CortexM0\ARM_GCC_493\Debug\PSOC4MIO_HAL.a(crdy.o)
 .debug_frame   0x00001bec       0x70 .\CortexM0\ARM_GCC_493\Debug\PSOC4MIO_HAL.a(P7_1.o)
 .debug_frame   0x00001c5c       0x70 .\CortexM0\ARM_GCC_493\Debug\PSOC4MIO_HAL.a(en5v_gpio0.o)
 .debug_frame   0x00001ccc       0x70 .\CortexM0\ARM_GCC_493\Debug\PSOC4MIO_HAL.a(en33v_gpio1.o)
 .debug_frame   0x00001d3c       0x70 .\CortexM0\ARM_GCC_493\Debug\PSOC4MIO_HAL.a(gpio1_led.o)
 .debug_frame   0x00001dac       0xc8 .\CortexM0\ARM_GCC_493\Debug\PSOC4MIO_HAL.a(LCD.o)
 .debug_frame   0x00001e74       0x78 .\CortexM0\ARM_GCC_493\Debug\PSOC4MIO_HAL.a(switches.o)
 .debug_frame   0x00001eec       0x90 .\CortexM0\ARM_GCC_493\Debug\PSOC4MIO_HAL.a(CyFlash.o)
 .debug_frame   0x00001f7c       0x20 c:/program files (x86)/cypress/psoc creator/3.3/psoc creator/import/gnu/arm/4.9.3/bin/../lib/gcc/arm-none-eabi/4.9.3/armv6-m\libgcc.a(_udivsi3.o)
 .debug_frame   0x00001f9c       0x20 c:/program files (x86)/cypress/psoc creator/3.3/psoc creator/import/gnu/arm/4.9.3/bin/../lib/gcc/arm-none-eabi/4.9.3/armv6-m\libgcc.a(_divsi3.o)
 .debug_frame   0x00001fbc       0x34 c:/program files (x86)/cypress/psoc creator/3.3/psoc creator/import/gnu/arm/4.9.3/bin/../lib/gcc/arm-none-eabi/4.9.3/armv6-m\libgcc.a(_muldi3.o)
 .debug_frame   0x00001ff0       0x50 c:/program files (x86)/cypress/psoc creator/3.3/psoc creator/import/gnu/arm/4.9.3/bin/../lib/gcc/arm-none-eabi/4.9.3/armv6-m\libgcc.a(bpabi.o)
 .debug_frame   0x00002040       0x3c c:/program files (x86)/cypress/psoc creator/3.3/psoc creator/import/gnu/arm/4.9.3/bin/../lib/gcc/arm-none-eabi/4.9.3/armv6-m\libgcc.a(divsf3.o)
 .debug_frame   0x0000207c       0x3c c:/program files (x86)/cypress/psoc creator/3.3/psoc creator/import/gnu/arm/4.9.3/bin/../lib/gcc/arm-none-eabi/4.9.3/armv6-m\libgcc.a(mulsf3.o)
 .debug_frame   0x000020b8       0x2c c:/program files (x86)/cypress/psoc creator/3.3/psoc creator/import/gnu/arm/4.9.3/bin/../lib/gcc/arm-none-eabi/4.9.3/armv6-m\libgcc.a(floatsisf.o)
 .debug_frame   0x000020e4       0x3c c:/program files (x86)/cypress/psoc creator/3.3/psoc creator/import/gnu/arm/4.9.3/bin/../lib/gcc/arm-none-eabi/4.9.3/armv6-m\libgcc.a(_divdi3.o)
 .debug_frame   0x00002120       0x3c c:/program files (x86)/cypress/psoc creator/3.3/psoc creator/import/gnu/arm/4.9.3/bin/../lib/gcc/arm-none-eabi/4.9.3/armv6-m\libgcc.a(_udivdi3.o)
 .debug_frame   0x0000215c       0x20 c:/program files (x86)/cypress/psoc creator/3.3/psoc creator/import/gnu/arm/4.9.3/bin/../lib/gcc/arm-none-eabi/4.9.3/../../../../arm-none-eabi/lib/armv6-m\libg_nano.a(lib_a-errno.o)
 .debug_frame   0x0000217c       0x28 c:/program files (x86)/cypress/psoc creator/3.3/psoc creator/import/gnu/arm/4.9.3/bin/../lib/gcc/arm-none-eabi/4.9.3/../../../../arm-none-eabi/lib/armv6-m\libg_nano.a(lib_a-exit.o)
 .debug_frame   0x000021a4       0x2c c:/program files (x86)/cypress/psoc creator/3.3/psoc creator/import/gnu/arm/4.9.3/bin/../lib/gcc/arm-none-eabi/4.9.3/../../../../arm-none-eabi/lib/armv6-m\libg_nano.a(lib_a-init.o)
 .debug_frame   0x000021d0       0x28 c:/program files (x86)/cypress/psoc creator/3.3/psoc creator/import/gnu/arm/4.9.3/bin/../lib/gcc/arm-none-eabi/4.9.3/../../../../arm-none-eabi/lib/armv6-m\libg_nano.a(lib_a-memcpy.o)
 .debug_frame   0x000021f8       0x20 c:/program files (x86)/cypress/psoc creator/3.3/psoc creator/import/gnu/arm/4.9.3/bin/../lib/gcc/arm-none-eabi/4.9.3/../../../../arm-none-eabi/lib/armv6-m\libg_nano.a(lib_a-memset.o)

.debug_str      0x00000000     0x247f
 *(.debug_str)
 .debug_str     0x00000000      0x7ca .\CortexM0\ARM_GCC_493\Debug\main.o
                                0x853 (size before relaxing)
 .debug_str     0x000007ca       0x5b .\CortexM0\ARM_GCC_493\Debug\cymetadata.o
                                0x1d4 (size before relaxing)
 .debug_str     0x00000825      0x13d .\CortexM0\ARM_GCC_493\Debug\Cm0Start.o
                                0x2fb (size before relaxing)
 .debug_str     0x00000962      0x12a .\CortexM0\ARM_GCC_493\Debug\PSOC4MIO_HAL.a(cyfitter_cfg.o)
                                0x2fb (size before relaxing)
 .debug_str     0x00000a8c      0x1d8 .\CortexM0\ARM_GCC_493\Debug\PSOC4MIO_HAL.a(ADC_1.o)
                                0x425 (size before relaxing)
 .debug_str     0x00000c64       0x3b .\CortexM0\ARM_GCC_493\Debug\PSOC4MIO_HAL.a(ADC_1_INT.o)
                                0x1bb (size before relaxing)
 .debug_str     0x00000c9f       0xf1 .\CortexM0\ARM_GCC_493\Debug\PSOC4MIO_HAL.a(console.o)
                                0x2a1 (size before relaxing)
 .debug_str     0x00000d90      0x13a .\CortexM0\ARM_GCC_493\Debug\PSOC4MIO_HAL.a(console_SPI_UART.o)
                                0x2e6 (size before relaxing)
 .debug_str     0x00000eca      0x171 .\CortexM0\ARM_GCC_493\Debug\PSOC4MIO_HAL.a(console_UART.o)
                                0x3a7 (size before relaxing)
 .debug_str     0x0000103b       0x79 .\CortexM0\ARM_GCC_493\Debug\PSOC4MIO_HAL.a(P4_4.o)
                                0x207 (size before relaxing)
 .debug_str     0x000010b4      0x534 .\CortexM0\ARM_GCC_493\Debug\PSOC4MIO_HAL.a(CyLib.o)
                                0x7c8 (size before relaxing)
 .debug_str     0x000015e8       0xbf .\CortexM0\ARM_GCC_493\Debug\PSOC4MIO_HAL.a(cyPm.o)
                                0x2cd (size before relaxing)
 .debug_str     0x000016a7      0x464 .\CortexM0\ARM_GCC_493\Debug\PSOC4MIO_HAL.a(CyLFClk.o)
                                0x709 (size before relaxing)
 .debug_str     0x00001b0b      0x16c .\CortexM0\ARM_GCC_493\Debug\PSOC4MIO_HAL.a(sectimer.o)
                                0x36b (size before relaxing)
 .debug_str     0x00001c77       0xdc .\CortexM0\ARM_GCC_493\Debug\PSOC4MIO_HAL.a(wdog.o)
                                0x2d6 (size before relaxing)
 .debug_str     0x00001d53       0xe7 .\CortexM0\ARM_GCC_493\Debug\PSOC4MIO_HAL.a(sticks.o)
                                0x2f2 (size before relaxing)
 .debug_str     0x00001e3a       0x53 .\CortexM0\ARM_GCC_493\Debug\PSOC4MIO_HAL.a(coretemp.o)
                                0x203 (size before relaxing)
 .debug_str     0x00001e8d       0xbb .\CortexM0\ARM_GCC_493\Debug\PSOC4MIO_HAL.a(ubut.o)
                                0x2d6 (size before relaxing)
 .debug_str     0x00001f48       0xcd .\CortexM0\ARM_GCC_493\Debug\PSOC4MIO_HAL.a(crdy.o)
                                0x2d6 (size before relaxing)
 .debug_str     0x00002015       0x7f .\CortexM0\ARM_GCC_493\Debug\PSOC4MIO_HAL.a(P7_1.o)
                                0x235 (size before relaxing)
 .debug_str     0x00002094       0x9b .\CortexM0\ARM_GCC_493\Debug\PSOC4MIO_HAL.a(en5v_gpio0.o)
                                0x25f (size before relaxing)
 .debug_str     0x0000212f       0xa1 .\CortexM0\ARM_GCC_493\Debug\PSOC4MIO_HAL.a(en33v_gpio1.o)
                                0x266 (size before relaxing)
 .debug_str     0x000021d0       0x95 .\CortexM0\ARM_GCC_493\Debug\PSOC4MIO_HAL.a(gpio1_led.o)
                                0x258 (size before relaxing)
 .debug_str     0x00002265       0xec .\CortexM0\ARM_GCC_493\Debug\PSOC4MIO_HAL.a(LCD.o)
                                0x290 (size before relaxing)
 .debug_str     0x00002351       0x7c .\CortexM0\ARM_GCC_493\Debug\PSOC4MIO_HAL.a(switches.o)
                                0x249 (size before relaxing)
 .debug_str     0x000023cd       0xb2 .\CortexM0\ARM_GCC_493\Debug\PSOC4MIO_HAL.a(CyFlash.o)
                                0x2aa (size before relaxing)

.debug_loc      0x00000000     0x3430
 *(.debug_loc)
 .debug_loc     0x00000000      0xfe0 .\CortexM0\ARM_GCC_493\Debug\main.o
 .debug_loc     0x00000fe0      0x14f .\CortexM0\ARM_GCC_493\Debug\Cm0Start.o
 .debug_loc     0x0000112f      0x136 .\CortexM0\ARM_GCC_493\Debug\PSOC4MIO_HAL.a(cyfitter_cfg.o)
 .debug_loc     0x00001265      0x541 .\CortexM0\ARM_GCC_493\Debug\PSOC4MIO_HAL.a(ADC_1.o)
 .debug_loc     0x000017a6       0x7e .\CortexM0\ARM_GCC_493\Debug\PSOC4MIO_HAL.a(console.o)
 .debug_loc     0x00001824       0x96 .\CortexM0\ARM_GCC_493\Debug\PSOC4MIO_HAL.a(console_SPI_UART.o)
 .debug_loc     0x000018ba      0x1b2 .\CortexM0\ARM_GCC_493\Debug\PSOC4MIO_HAL.a(console_UART.o)
 .debug_loc     0x00001a6c       0x81 .\CortexM0\ARM_GCC_493\Debug\PSOC4MIO_HAL.a(P4_4.o)
 .debug_loc     0x00001aed      0x7be .\CortexM0\ARM_GCC_493\Debug\PSOC4MIO_HAL.a(CyLib.o)
 .debug_loc     0x000022ab       0xe1 .\CortexM0\ARM_GCC_493\Debug\PSOC4MIO_HAL.a(cyPm.o)
 .debug_loc     0x0000238c      0x8af .\CortexM0\ARM_GCC_493\Debug\PSOC4MIO_HAL.a(CyLFClk.o)
 .debug_loc     0x00002c3b       0x13 .\CortexM0\ARM_GCC_493\Debug\PSOC4MIO_HAL.a(sectimer.o)
 .debug_loc     0x00002c4e       0x82 .\CortexM0\ARM_GCC_493\Debug\PSOC4MIO_HAL.a(wdog.o)
 .debug_loc     0x00002cd0       0x82 .\CortexM0\ARM_GCC_493\Debug\PSOC4MIO_HAL.a(sticks.o)
 .debug_loc     0x00002d52       0x9a .\CortexM0\ARM_GCC_493\Debug\PSOC4MIO_HAL.a(coretemp.o)
 .debug_loc     0x00002dec       0x82 .\CortexM0\ARM_GCC_493\Debug\PSOC4MIO_HAL.a(ubut.o)
 .debug_loc     0x00002e6e       0x82 .\CortexM0\ARM_GCC_493\Debug\PSOC4MIO_HAL.a(crdy.o)
 .debug_loc     0x00002ef0       0xa2 .\CortexM0\ARM_GCC_493\Debug\PSOC4MIO_HAL.a(P7_1.o)
 .debug_loc     0x00002f92       0xa2 .\CortexM0\ARM_GCC_493\Debug\PSOC4MIO_HAL.a(en5v_gpio0.o)
 .debug_loc     0x00003034       0xa2 .\CortexM0\ARM_GCC_493\Debug\PSOC4MIO_HAL.a(en33v_gpio1.o)
 .debug_loc     0x000030d6       0xa2 .\CortexM0\ARM_GCC_493\Debug\PSOC4MIO_HAL.a(gpio1_led.o)
 .debug_loc     0x00003178      0x12d .\CortexM0\ARM_GCC_493\Debug\PSOC4MIO_HAL.a(LCD.o)
 .debug_loc     0x000032a5       0x44 .\CortexM0\ARM_GCC_493\Debug\PSOC4MIO_HAL.a(switches.o)
 .debug_loc     0x000032e9      0x147 .\CortexM0\ARM_GCC_493\Debug\PSOC4MIO_HAL.a(CyFlash.o)

.debug_macinfo
 *(.debug_macinfo)

.debug_ranges   0x00000000      0xb30
 *(.debug_ranges)
 .debug_ranges  0x00000000      0x1d0 .\CortexM0\ARM_GCC_493\Debug\main.o
 .debug_ranges  0x000001d0       0x38 .\CortexM0\ARM_GCC_493\Debug\Cm0Start.o
 .debug_ranges  0x00000208       0x38 .\CortexM0\ARM_GCC_493\Debug\PSOC4MIO_HAL.a(cyfitter_cfg.o)
 .debug_ranges  0x00000240       0xa0 .\CortexM0\ARM_GCC_493\Debug\PSOC4MIO_HAL.a(ADC_1.o)
 .debug_ranges  0x000002e0       0x10 .\CortexM0\ARM_GCC_493\Debug\PSOC4MIO_HAL.a(ADC_1_INT.o)
 .debug_ranges  0x000002f0       0x48 .\CortexM0\ARM_GCC_493\Debug\PSOC4MIO_HAL.a(console.o)
 .debug_ranges  0x00000338       0x50 .\CortexM0\ARM_GCC_493\Debug\PSOC4MIO_HAL.a(console_SPI_UART.o)
 .debug_ranges  0x00000388       0x78 .\CortexM0\ARM_GCC_493\Debug\PSOC4MIO_HAL.a(console_UART.o)
 .debug_ranges  0x00000400       0x30 .\CortexM0\ARM_GCC_493\Debug\PSOC4MIO_HAL.a(P4_4.o)
 .debug_ranges  0x00000430      0x1a8 .\CortexM0\ARM_GCC_493\Debug\PSOC4MIO_HAL.a(CyLib.o)
 .debug_ranges  0x000005d8       0x48 .\CortexM0\ARM_GCC_493\Debug\PSOC4MIO_HAL.a(cyPm.o)
 .debug_ranges  0x00000620      0x140 .\CortexM0\ARM_GCC_493\Debug\PSOC4MIO_HAL.a(CyLFClk.o)
 .debug_ranges  0x00000760       0x80 .\CortexM0\ARM_GCC_493\Debug\PSOC4MIO_HAL.a(sectimer.o)
 .debug_ranges  0x000007e0       0x70 .\CortexM0\ARM_GCC_493\Debug\PSOC4MIO_HAL.a(wdog.o)
 .debug_ranges  0x00000850       0x70 .\CortexM0\ARM_GCC_493\Debug\PSOC4MIO_HAL.a(sticks.o)
 .debug_ranges  0x000008c0       0x10 .\CortexM0\ARM_GCC_493\Debug\PSOC4MIO_HAL.a(coretemp.o)
 .debug_ranges  0x000008d0       0x70 .\CortexM0\ARM_GCC_493\Debug\PSOC4MIO_HAL.a(ubut.o)
 .debug_ranges  0x00000940       0x70 .\CortexM0\ARM_GCC_493\Debug\PSOC4MIO_HAL.a(crdy.o)
 .debug_ranges  0x000009b0       0x38 .\CortexM0\ARM_GCC_493\Debug\PSOC4MIO_HAL.a(P7_1.o)
 .debug_ranges  0x000009e8       0x38 .\CortexM0\ARM_GCC_493\Debug\PSOC4MIO_HAL.a(en5v_gpio0.o)
 .debug_ranges  0x00000a20       0x38 .\CortexM0\ARM_GCC_493\Debug\PSOC4MIO_HAL.a(en33v_gpio1.o)
 .debug_ranges  0x00000a58       0x38 .\CortexM0\ARM_GCC_493\Debug\PSOC4MIO_HAL.a(gpio1_led.o)
 .debug_ranges  0x00000a90       0x40 .\CortexM0\ARM_GCC_493\Debug\PSOC4MIO_HAL.a(LCD.o)
 .debug_ranges  0x00000ad0       0x30 .\CortexM0\ARM_GCC_493\Debug\PSOC4MIO_HAL.a(switches.o)
 .debug_ranges  0x00000b00       0x30 .\CortexM0\ARM_GCC_493\Debug\PSOC4MIO_HAL.a(CyFlash.o)

.comment        0x00000000       0x70
 .comment       0x00000000       0x70 .\CortexM0\ARM_GCC_493\Debug\main.o
                                 0x71 (size before relaxing)
 .comment       0x00000000       0x71 .\CortexM0\ARM_GCC_493\Debug\cymetadata.o
 .comment       0x00000000       0x71 .\CortexM0\ARM_GCC_493\Debug\Cm0Start.o
 .comment       0x00000000       0x71 .\CortexM0\ARM_GCC_493\Debug\PSOC4MIO_HAL.a(cyfitter_cfg.o)
 .comment       0x00000000       0x71 .\CortexM0\ARM_GCC_493\Debug\PSOC4MIO_HAL.a(ADC_1.o)
 .comment       0x00000000       0x71 .\CortexM0\ARM_GCC_493\Debug\PSOC4MIO_HAL.a(ADC_1_INT.o)
 .comment       0x00000000       0x71 .\CortexM0\ARM_GCC_493\Debug\PSOC4MIO_HAL.a(console.o)
 .comment       0x00000000       0x71 .\CortexM0\ARM_GCC_493\Debug\PSOC4MIO_HAL.a(console_SPI_UART.o)
 .comment       0x00000000       0x71 .\CortexM0\ARM_GCC_493\Debug\PSOC4MIO_HAL.a(console_UART.o)
 .comment       0x00000000       0x71 .\CortexM0\ARM_GCC_493\Debug\PSOC4MIO_HAL.a(P4_4.o)
 .comment       0x00000000       0x71 .\CortexM0\ARM_GCC_493\Debug\PSOC4MIO_HAL.a(CyLib.o)
 .comment       0x00000000       0x71 .\CortexM0\ARM_GCC_493\Debug\PSOC4MIO_HAL.a(cyPm.o)
 .comment       0x00000000       0x71 .\CortexM0\ARM_GCC_493\Debug\PSOC4MIO_HAL.a(CyLFClk.o)
 .comment       0x00000000       0x71 .\CortexM0\ARM_GCC_493\Debug\PSOC4MIO_HAL.a(sectimer.o)
 .comment       0x00000000       0x71 .\CortexM0\ARM_GCC_493\Debug\PSOC4MIO_HAL.a(wdog.o)
 .comment       0x00000000       0x71 .\CortexM0\ARM_GCC_493\Debug\PSOC4MIO_HAL.a(sticks.o)
 .comment       0x00000000       0x71 .\CortexM0\ARM_GCC_493\Debug\PSOC4MIO_HAL.a(coretemp.o)
 .comment       0x00000000       0x71 .\CortexM0\ARM_GCC_493\Debug\PSOC4MIO_HAL.a(ubut.o)
 .comment       0x00000000       0x71 .\CortexM0\ARM_GCC_493\Debug\PSOC4MIO_HAL.a(crdy.o)
 .comment       0x00000000       0x71 .\CortexM0\ARM_GCC_493\Debug\PSOC4MIO_HAL.a(P7_1.o)
 .comment       0x00000000       0x71 .\CortexM0\ARM_GCC_493\Debug\PSOC4MIO_HAL.a(en5v_gpio0.o)
 .comment       0x00000000       0x71 .\CortexM0\ARM_GCC_493\Debug\PSOC4MIO_HAL.a(en33v_gpio1.o)
 .comment       0x00000000       0x71 .\CortexM0\ARM_GCC_493\Debug\PSOC4MIO_HAL.a(gpio1_led.o)
 .comment       0x00000000       0x71 .\CortexM0\ARM_GCC_493\Debug\PSOC4MIO_HAL.a(LCD.o)
 .comment       0x00000000       0x71 .\CortexM0\ARM_GCC_493\Debug\PSOC4MIO_HAL.a(switches.o)
 .comment       0x00000000       0x71 .\CortexM0\ARM_GCC_493\Debug\PSOC4MIO_HAL.a(CyFlash.o)

.debug_weaknames
 *(.debug_weaknames)

.debug_funcnames
 *(.debug_funcnames)

.debug_typenames
 *(.debug_typenames)

.debug_varnames
 *(.debug_varnames)

.note.gnu.arm.ident
 *(.note.gnu.arm.ident)

.ARM.attributes
                0x00000000       0x28
 *(.ARM.attributes)
 .ARM.attributes
                0x00000000       0x1e c:/program files (x86)/cypress/psoc creator/3.3/psoc creator/import/gnu/arm/4.9.3/bin/../lib/gcc/arm-none-eabi/4.9.3/armv6-m/crti.o
 .ARM.attributes
                0x0000001e       0x2c c:/program files (x86)/cypress/psoc creator/3.3/psoc creator/import/gnu/arm/4.9.3/bin/../lib/gcc/arm-none-eabi/4.9.3/armv6-m/crtbegin.o
 .ARM.attributes
                0x0000004a       0x1b c:/program files (x86)/cypress/psoc creator/3.3/psoc creator/import/gnu/arm/4.9.3/bin/../lib/gcc/arm-none-eabi/4.9.3/../../../../arm-none-eabi/lib/armv6-m/crt0.o
 .ARM.attributes
                0x00000065       0x31 .\CortexM0\ARM_GCC_493\Debug\main.o
 .ARM.attributes
                0x00000096       0x31 .\CortexM0\ARM_GCC_493\Debug\cymetadata.o
 .ARM.attributes
                0x000000c7       0x31 .\CortexM0\ARM_GCC_493\Debug\Cm0Start.o
 .ARM.attributes
                0x000000f8       0x31 .\CortexM0\ARM_GCC_493\Debug\PSOC4MIO_HAL.a(cyfitter_cfg.o)
 .ARM.attributes
                0x00000129       0x31 .\CortexM0\ARM_GCC_493\Debug\PSOC4MIO_HAL.a(ADC_1.o)
 .ARM.attributes
                0x0000015a       0x31 .\CortexM0\ARM_GCC_493\Debug\PSOC4MIO_HAL.a(ADC_1_INT.o)
 .ARM.attributes
                0x0000018b       0x31 .\CortexM0\ARM_GCC_493\Debug\PSOC4MIO_HAL.a(console.o)
 .ARM.attributes
                0x000001bc       0x31 .\CortexM0\ARM_GCC_493\Debug\PSOC4MIO_HAL.a(console_SPI_UART.o)
 .ARM.attributes
                0x000001ed       0x31 .\CortexM0\ARM_GCC_493\Debug\PSOC4MIO_HAL.a(console_UART.o)
 .ARM.attributes
                0x0000021e       0x31 .\CortexM0\ARM_GCC_493\Debug\PSOC4MIO_HAL.a(P4_4.o)
 .ARM.attributes
                0x0000024f       0x21 .\CortexM0\ARM_GCC_493\Debug\PSOC4MIO_HAL.a(CyBootAsmGnu.o)
 .ARM.attributes
                0x00000270       0x31 .\CortexM0\ARM_GCC_493\Debug\PSOC4MIO_HAL.a(CyLib.o)
 .ARM.attributes
                0x000002a1       0x31 .\CortexM0\ARM_GCC_493\Debug\PSOC4MIO_HAL.a(cyPm.o)
 .ARM.attributes
                0x000002d2       0x31 .\CortexM0\ARM_GCC_493\Debug\PSOC4MIO_HAL.a(CyLFClk.o)
 .ARM.attributes
                0x00000303       0x31 .\CortexM0\ARM_GCC_493\Debug\PSOC4MIO_HAL.a(sectimer.o)
 .ARM.attributes
                0x00000334       0x31 .\CortexM0\ARM_GCC_493\Debug\PSOC4MIO_HAL.a(wdog.o)
 .ARM.attributes
                0x00000365       0x31 .\CortexM0\ARM_GCC_493\Debug\PSOC4MIO_HAL.a(sticks.o)
 .ARM.attributes
                0x00000396       0x31 .\CortexM0\ARM_GCC_493\Debug\PSOC4MIO_HAL.a(coretemp.o)
 .ARM.attributes
                0x000003c7       0x31 .\CortexM0\ARM_GCC_493\Debug\PSOC4MIO_HAL.a(ubut.o)
 .ARM.attributes
                0x000003f8       0x31 .\CortexM0\ARM_GCC_493\Debug\PSOC4MIO_HAL.a(crdy.o)
 .ARM.attributes
                0x00000429       0x31 .\CortexM0\ARM_GCC_493\Debug\PSOC4MIO_HAL.a(P7_1.o)
 .ARM.attributes
                0x0000045a       0x31 .\CortexM0\ARM_GCC_493\Debug\PSOC4MIO_HAL.a(en5v_gpio0.o)
 .ARM.attributes
                0x0000048b       0x31 .\CortexM0\ARM_GCC_493\Debug\PSOC4MIO_HAL.a(en33v_gpio1.o)
 .ARM.attributes
                0x000004bc       0x31 .\CortexM0\ARM_GCC_493\Debug\PSOC4MIO_HAL.a(gpio1_led.o)
 .ARM.attributes
                0x000004ed       0x31 .\CortexM0\ARM_GCC_493\Debug\PSOC4MIO_HAL.a(LCD.o)
 .ARM.attributes
                0x0000051e       0x21 .\CortexM0\ARM_GCC_493\Debug\PSOC4MIO_HAL.a(LCD_AsmGnu.o)
 .ARM.attributes
                0x0000053f       0x31 .\CortexM0\ARM_GCC_493\Debug\PSOC4MIO_HAL.a(switches.o)
 .ARM.attributes
                0x00000570       0x31 .\CortexM0\ARM_GCC_493\Debug\PSOC4MIO_HAL.a(CyFlash.o)
 .ARM.attributes
                0x000005a1       0x1e c:/program files (x86)/cypress/psoc creator/3.3/psoc creator/import/gnu/arm/4.9.3/bin/../lib/gcc/arm-none-eabi/4.9.3/armv6-m\libgcc.a(_udivsi3.o)
 .ARM.attributes
                0x000005bf       0x1e c:/program files (x86)/cypress/psoc creator/3.3/psoc creator/import/gnu/arm/4.9.3/bin/../lib/gcc/arm-none-eabi/4.9.3/armv6-m\libgcc.a(_divsi3.o)
 .ARM.attributes
                0x000005dd       0x1e c:/program files (x86)/cypress/psoc creator/3.3/psoc creator/import/gnu/arm/4.9.3/bin/../lib/gcc/arm-none-eabi/4.9.3/armv6-m\libgcc.a(_dvmd_tls.o)
 .ARM.attributes
                0x000005fb       0x1e c:/program files (x86)/cypress/psoc creator/3.3/psoc creator/import/gnu/arm/4.9.3/bin/../lib/gcc/arm-none-eabi/4.9.3/armv6-m\libgcc.a(_aeabi_ldivmod.o)
 .ARM.attributes
                0x00000619       0x2c c:/program files (x86)/cypress/psoc creator/3.3/psoc creator/import/gnu/arm/4.9.3/bin/../lib/gcc/arm-none-eabi/4.9.3/armv6-m\libgcc.a(_muldi3.o)
 .ARM.attributes
                0x00000645       0x2c c:/program files (x86)/cypress/psoc creator/3.3/psoc creator/import/gnu/arm/4.9.3/bin/../lib/gcc/arm-none-eabi/4.9.3/armv6-m\libgcc.a(bpabi.o)
 .ARM.attributes
                0x00000671       0x2c c:/program files (x86)/cypress/psoc creator/3.3/psoc creator/import/gnu/arm/4.9.3/bin/../lib/gcc/arm-none-eabi/4.9.3/armv6-m\libgcc.a(divsf3.o)
 .ARM.attributes
                0x0000069d       0x2c c:/program files (x86)/cypress/psoc creator/3.3/psoc creator/import/gnu/arm/4.9.3/bin/../lib/gcc/arm-none-eabi/4.9.3/armv6-m\libgcc.a(mulsf3.o)
 .ARM.attributes
                0x000006c9       0x2c c:/program files (x86)/cypress/psoc creator/3.3/psoc creator/import/gnu/arm/4.9.3/bin/../lib/gcc/arm-none-eabi/4.9.3/armv6-m\libgcc.a(floatsisf.o)
 .ARM.attributes
                0x000006f5       0x1e c:/program files (x86)/cypress/psoc creator/3.3/psoc creator/import/gnu/arm/4.9.3/bin/../lib/gcc/arm-none-eabi/4.9.3/armv6-m\libgcc.a(_clzsi2.o)
 .ARM.attributes
                0x00000713       0x2c c:/program files (x86)/cypress/psoc creator/3.3/psoc creator/import/gnu/arm/4.9.3/bin/../lib/gcc/arm-none-eabi/4.9.3/armv6-m\libgcc.a(_divdi3.o)
 .ARM.attributes
                0x0000073f       0x2c c:/program files (x86)/cypress/psoc creator/3.3/psoc creator/import/gnu/arm/4.9.3/bin/../lib/gcc/arm-none-eabi/4.9.3/armv6-m\libgcc.a(_udivdi3.o)
 .ARM.attributes
                0x0000076b       0x1e c:/program files (x86)/cypress/psoc creator/3.3/psoc creator/import/gnu/arm/4.9.3/bin/../lib/gcc/arm-none-eabi/4.9.3/armv6-m\libgcc.a(_clzdi2.o)
 .ARM.attributes
                0x00000789       0x2c c:/program files (x86)/cypress/psoc creator/3.3/psoc creator/import/gnu/arm/4.9.3/bin/../lib/gcc/arm-none-eabi/4.9.3/../../../../arm-none-eabi/lib/armv6-m\libg_nano.a(lib_a-errno.o)
 .ARM.attributes
                0x000007b5       0x2c c:/program files (x86)/cypress/psoc creator/3.3/psoc creator/import/gnu/arm/4.9.3/bin/../lib/gcc/arm-none-eabi/4.9.3/../../../../arm-none-eabi/lib/armv6-m\libg_nano.a(lib_a-exit.o)
 .ARM.attributes
                0x000007e1       0x2c c:/program files (x86)/cypress/psoc creator/3.3/psoc creator/import/gnu/arm/4.9.3/bin/../lib/gcc/arm-none-eabi/4.9.3/../../../../arm-none-eabi/lib/armv6-m\libg_nano.a(lib_a-impure.o)
 .ARM.attributes
                0x0000080d       0x2c c:/program files (x86)/cypress/psoc creator/3.3/psoc creator/import/gnu/arm/4.9.3/bin/../lib/gcc/arm-none-eabi/4.9.3/../../../../arm-none-eabi/lib/armv6-m\libg_nano.a(lib_a-init.o)
 .ARM.attributes
                0x00000839       0x2c c:/program files (x86)/cypress/psoc creator/3.3/psoc creator/import/gnu/arm/4.9.3/bin/../lib/gcc/arm-none-eabi/4.9.3/../../../../arm-none-eabi/lib/armv6-m\libg_nano.a(lib_a-memcpy.o)
 .ARM.attributes
                0x00000865       0x2c c:/program files (x86)/cypress/psoc creator/3.3/psoc creator/import/gnu/arm/4.9.3/bin/../lib/gcc/arm-none-eabi/4.9.3/../../../../arm-none-eabi/lib/armv6-m\libg_nano.a(lib_a-memset.o)
 .ARM.attributes
                0x00000891       0x2c c:/program files (x86)/cypress/psoc creator/3.3/psoc creator/import/gnu/arm/4.9.3/bin/../lib/gcc/arm-none-eabi/4.9.3/armv6-m/crtend.o
 .ARM.attributes
                0x000008bd       0x1e c:/program files (x86)/cypress/psoc creator/3.3/psoc creator/import/gnu/arm/4.9.3/bin/../lib/gcc/arm-none-eabi/4.9.3/armv6-m/crtn.o

/DISCARD/
 *(.note.GNU-stack)
OUTPUT(.\CortexM0\ARM_GCC_493\Debug\PSOC4MIO_HAL.elf elf32-littlearm)
