Archive member included because of file (symbol)

.\CortexM0\ARM_GCC_493\Debug\PSOC4MIO_HAL.a(cyfitter_cfg.o)
                              .\CortexM0\ARM_GCC_493\Debug\Cm0Start.o (cyfitter_cfg)
.\CortexM0\ARM_GCC_493\Debug\PSOC4MIO_HAL.a(ADC_1.o)
                              .\CortexM0\ARM_GCC_493\Debug\main.o (ADC_1_Start)
.\CortexM0\ARM_GCC_493\Debug\PSOC4MIO_HAL.a(ADC_1_INT.o)
                              .\CortexM0\ARM_GCC_493\Debug\PSOC4MIO_HAL.a(ADC_1.o) (ADC_1_ISR)
.\CortexM0\ARM_GCC_493\Debug\PSOC4MIO_HAL.a(console.o)
                              .\CortexM0\ARM_GCC_493\Debug\main.o (console_Init)
.\CortexM0\ARM_GCC_493\Debug\PSOC4MIO_HAL.a(console_SPI_UART.o)
                              .\CortexM0\ARM_GCC_493\Debug\main.o (console_SpiUartWriteTxData)
.\CortexM0\ARM_GCC_493\Debug\PSOC4MIO_HAL.a(console_UART.o)
                              .\CortexM0\ARM_GCC_493\Debug\PSOC4MIO_HAL.a(console.o) (console_UartInit)
.\CortexM0\ARM_GCC_493\Debug\PSOC4MIO_HAL.a(P4_4.o)
                              .\CortexM0\ARM_GCC_493\Debug\main.o (P4_4_Write)
.\CortexM0\ARM_GCC_493\Debug\PSOC4MIO_HAL.a(CyBootAsmGnu.o)
                              .\CortexM0\ARM_GCC_493\Debug\PSOC4MIO_HAL.a(cyfitter_cfg.o) (CyDelayCycles)
.\CortexM0\ARM_GCC_493\Debug\PSOC4MIO_HAL.a(CyLib.o)
                              .\CortexM0\ARM_GCC_493\Debug\main.o (CyIntClearPending)
.\CortexM0\ARM_GCC_493\Debug\PSOC4MIO_HAL.a(cyPm.o)
                              .\CortexM0\ARM_GCC_493\Debug\main.o (CySysPmSleep)
.\CortexM0\ARM_GCC_493\Debug\PSOC4MIO_HAL.a(CyLFClk.o)
                              .\CortexM0\ARM_GCC_493\Debug\PSOC4MIO_HAL.a(cyfitter_cfg.o) (CySysClkWcoStart)
.\CortexM0\ARM_GCC_493\Debug\PSOC4MIO_HAL.a(sectimer.o)
                              .\CortexM0\ARM_GCC_493\Debug\main.o (sectimer_Enable)
.\CortexM0\ARM_GCC_493\Debug\PSOC4MIO_HAL.a(wdog.o)
                              .\CortexM0\ARM_GCC_493\Debug\main.o (wdog_StartEx)
.\CortexM0\ARM_GCC_493\Debug\PSOC4MIO_HAL.a(sticks.o)
                              .\CortexM0\ARM_GCC_493\Debug\main.o (sticks_StartEx)
.\CortexM0\ARM_GCC_493\Debug\PSOC4MIO_HAL.a(coretemp.o)
                              .\CortexM0\ARM_GCC_493\Debug\main.o (coretemp_CountsTo_Celsius)
.\CortexM0\ARM_GCC_493\Debug\PSOC4MIO_HAL.a(ubut.o)
                              .\CortexM0\ARM_GCC_493\Debug\main.o (ubut_StartEx)
.\CortexM0\ARM_GCC_493\Debug\PSOC4MIO_HAL.a(crdy.o)
                              .\CortexM0\ARM_GCC_493\Debug\main.o (crdy_StartEx)
.\CortexM0\ARM_GCC_493\Debug\PSOC4MIO_HAL.a(P7_1.o)
                              .\CortexM0\ARM_GCC_493\Debug\main.o (P7_1_ClearInterrupt)
.\CortexM0\ARM_GCC_493\Debug\PSOC4MIO_HAL.a(en5v_gpio0.o)
                              .\CortexM0\ARM_GCC_493\Debug\main.o (en5v_gpio0_Write)
.\CortexM0\ARM_GCC_493\Debug\PSOC4MIO_HAL.a(en33v_gpio1.o)
                              .\CortexM0\ARM_GCC_493\Debug\main.o (en33v_gpio1_Write)
.\CortexM0\ARM_GCC_493\Debug\PSOC4MIO_HAL.a(gpio1_led.o)
                              .\CortexM0\ARM_GCC_493\Debug\main.o (gpio1_led_Write)
.\CortexM0\ARM_GCC_493\Debug\PSOC4MIO_HAL.a(LCD.o)
                              .\CortexM0\ARM_GCC_493\Debug\main.o (LCD_Init)
.\CortexM0\ARM_GCC_493\Debug\PSOC4MIO_HAL.a(LCD_SPI_UART.o)
                              .\CortexM0\ARM_GCC_493\Debug\main.o (LCD_SpiUartWriteTxData)
.\CortexM0\ARM_GCC_493\Debug\PSOC4MIO_HAL.a(LCD_UART.o)
                              .\CortexM0\ARM_GCC_493\Debug\PSOC4MIO_HAL.a(LCD.o) (LCD_UartInit)
.\CortexM0\ARM_GCC_493\Debug\PSOC4MIO_HAL.a(switches.o)
                              .\CortexM0\ARM_GCC_493\Debug\main.o (switches_Read)
.\CortexM0\ARM_GCC_493\Debug\PSOC4MIO_HAL.a(CyFlash.o)
                              .\CortexM0\ARM_GCC_493\Debug\PSOC4MIO_HAL.a(CyLib.o) (CySysFlashSetWaitCycles)
c:/program files (x86)/cypress/psoc creator/3.3/psoc creator/import/gnu/arm/4.9.3/bin/../lib/gcc/arm-none-eabi/4.9.3/armv6-m\libgcc.a(_udivsi3.o)
                              .\CortexM0\ARM_GCC_493\Debug\PSOC4MIO_HAL.a(CyLib.o) (__aeabi_uidiv)
c:/program files (x86)/cypress/psoc creator/3.3/psoc creator/import/gnu/arm/4.9.3/bin/../lib/gcc/arm-none-eabi/4.9.3/armv6-m\libgcc.a(_divsi3.o)
                              .\CortexM0\ARM_GCC_493\Debug\main.o (__aeabi_idiv)
c:/program files (x86)/cypress/psoc creator/3.3/psoc creator/import/gnu/arm/4.9.3/bin/../lib/gcc/arm-none-eabi/4.9.3/armv6-m\libgcc.a(_dvmd_tls.o)
                              c:/program files (x86)/cypress/psoc creator/3.3/psoc creator/import/gnu/arm/4.9.3/bin/../lib/gcc/arm-none-eabi/4.9.3/armv6-m\libgcc.a(_udivsi3.o) (__aeabi_idiv0)
c:/program files (x86)/cypress/psoc creator/3.3/psoc creator/import/gnu/arm/4.9.3/bin/../lib/gcc/arm-none-eabi/4.9.3/armv6-m\libgcc.a(_aeabi_ldivmod.o)
                              .\CortexM0\ARM_GCC_493\Debug\PSOC4MIO_HAL.a(ADC_1.o) (__aeabi_ldivmod)
[...]
Memory Configuration

Name             Origin             Length             Attributes
rom              0x00000000         0x00020000         xr
ram              0x20000000         0x00004000         xrw
*default*        0x00000000         0xffffffff

Linker script and memory map

LOAD c:/program files (x86)/cypress/psoc creator/3.3/psoc creator/import/gnu/arm/4.9.3/bin/../lib/gcc/arm-none-eabi/4.9.3/armv6-m/crti.o
LOAD c:/program files (x86)/cypress/psoc creator/3.3/psoc creator/import/gnu/arm/4.9.3/bin/../lib/gcc/arm-none-eabi/4.9.3/armv6-m/crtbegin.o
LOAD c:/program files (x86)/cypress/psoc creator/3.3/psoc creator/import/gnu/arm/4.9.3/bin/../lib/gcc/arm-none-eabi/4.9.3/../../../../arm-none-eabi/lib/armv6-m/crt0.o
START GROUP
LOAD .\CortexM0\ARM_GCC_493\Debug\main.o
LOAD .\CortexM0\ARM_GCC_493\Debug\cymetadata.o
LOAD .\CortexM0\ARM_GCC_493\Debug\Cm0Start.o
LOAD .\CortexM0\ARM_GCC_493\Debug\PSOC4MIO_HAL.a
LOAD C:\Program Files (x86)\Cypress\PSoC Creator\3.3\PSoC Creator\psoc\content\cycomponentlibrary\CyComponentLibrary.cylib\CortexM0\ARM_GCC_493\Debug\CyComponentLibrary.a
END GROUP
START GROUP
LOAD c:/program files (x86)/cypress/psoc creator/3.3/psoc creator/import/gnu/arm/4.9.3/bin/../lib/gcc/arm-none-eabi/4.9.3/armv6-m\libgcc.a
LOAD c:/program files (x86)/cypress/psoc creator/3.3/psoc creator/import/gnu/arm/4.9.3/bin/../lib/gcc/arm-none-eabi/4.9.3/../../../../arm-none-eabi/lib/armv6-m\libg_nano.a
LOAD c:/program files (x86)/cypress/psoc creator/3.3/psoc creator/import/gnu/arm/4.9.3/bin/../lib/gcc/arm-none-eabi/4.9.3/../../../../arm-none-eabi/lib/armv6-m\libc_nano.a
END GROUP
START GROUP
LOAD c:/program files (x86)/cypress/psoc creator/3.3/psoc creator/import/gnu/arm/4.9.3/bin/../lib/gcc/arm-none-eabi/4.9.3/armv6-m\libgcc.a
LOAD c:/program files (x86)/cypress/psoc creator/3.3/psoc creator/import/gnu/arm/4.9.3/bin/../lib/gcc/arm-none-eabi/4.9.3/../../../../arm-none-eabi/lib/armv6-m\libc_nano.a
END GROUP
LOAD c:/program files (x86)/cypress/psoc creator/3.3/psoc creator/import/gnu/arm/4.9.3/bin/../lib/gcc/arm-none-eabi/4.9.3/armv6-m/crtend.o
LOAD c:/program files (x86)/cypress/psoc creator/3.3/psoc creator/import/gnu/arm/4.9.3/bin/../lib/gcc/arm-none-eabi/4.9.3/armv6-m/crtn.o
START GROUP
LOAD c:/program files (x86)/cypress/psoc creator/3.3/psoc creator/import/gnu/arm/4.9.3/bin/../lib/gcc/arm-none-eabi/4.9.3/armv6-m\libgcc.a
LOAD c:/program files (x86)/cypress/psoc creator/3.3/psoc creator/import/gnu/arm/4.9.3/bin/../lib/gcc/arm-none-eabi/4.9.3/../../../../arm-none-eabi/lib/armv6-m\libc.a
LOAD c:/program files (x86)/cypress/psoc creator/3.3/psoc creator/import/gnu/arm/4.9.3/bin/../lib/gcc/arm-none-eabi/4.9.3/../../../../arm-none-eabi/lib/armv6-m\libnosys.a
END GROUP
                0x00000000                CY_APPL_ORIGIN = 0x0
                0x00000080                CY_FLASH_ROW_SIZE = 0x80
                0x00000001                CY_APPL_NUM = 0x1
                0x00000001                CY_APPL_MAX = 0x1
                0x00000040                CY_METADATA_SIZE = 0x40
                0x00000000                CY_APPL_LOADABLE = 0x0
                0x00000000                CY_CHECKSUM_EXCLUDE_SIZE = ALIGN (0x0, CY_FLASH_ROW_SIZE)
                0x00000000                CY_APP_FOR_STACK_AND_COPIER = 0x0
                0x200004e8                PROVIDE (__cy_heap_start, _end)
                0x00000001                PROVIDE (__cy_region_num, ((__cy_regions_end - __cy_regions) / 0x10))
                0x20004000                PROVIDE (__cy_stack, (ORIGIN (ram) + 0x4000))
                0x20003800                PROVIDE (__cy_heap_end, (__cy_stack - 0x800))

.cybootloader   0x00000000        0x0
 *(.cybootloader)
                0x00000000                appl1_start = CY_APPL_ORIGIN?CY_APPL_ORIGIN:ALIGN (CY_FLASH_ROW_SIZE)
                0x0000ff80                appl2_start = (appl1_start + ALIGN ((((0x20000 - appl1_start) - (0x2 * CY_FLASH_ROW_SIZE)) / 0x2), CY_FLASH_ROW_SIZE))
                0x00000000                appl_start = (CY_APPL_NUM == 0x1)?appl1_start:appl2_start
                0x00000001                cy_project_type_bootloader = (appl_start == 0x0)?0x1:0x0
                0x00000000                cy_project_type_app_for_stack_and_copier = (CY_APP_FOR_STACK_AND_COPIER == 0x1)?0x1:0x0

.text           0x00000000     0x275c
 CREATE_OBJECT_SYMBOLS
                0x00000000                PROVIDE (__cy_interrupt_vector, RomVectors)
 *(.romvectors)
 .romvectors    0x00000000       0x10 .\CortexM0\ARM_GCC_493\Debug\Cm0Start.o
                0x00000000                RomVectors
                0x00000001                ASSERT ((. != __cy_interrupt_vector), No interrupt vector)
                0x00000001                ASSERT (CY_APPL_ORIGIN?(SIZEOF (.cybootloader) <= CY_APPL_ORIGIN):0x1, Wrong image location)
                0x00000010                PROVIDE (__cy_reset, Reset)
 *(.text.Reset)
 .text.Reset    0x00000010        0x8 .\CortexM0\ARM_GCC_493\Debug\Cm0Start.o
                0x00000010                Reset
                0x00000001                ASSERT ((. != __cy_reset), No reset code)
 *(.psocinit)
 .psocinit      0x00000018      0x2bc .\CortexM0\ARM_GCC_493\Debug\PSOC4MIO_HAL.a(cyfitter_cfg.o)
                0x00000130                cyfitter_cfg
                0x000002d4                . = MAX (., 0x100)
 *(.text .text.* .gnu.linkonce.t.*)
 .text          0x000002d4       0x60 c:/program files (x86)/cypress/psoc creator/3.3/psoc creator/import/gnu/arm/4.9.3/bin/../lib/gcc/arm-none-eabi/4.9.3/armv6-m/crtbegin.o
 .text.CRDY_isr
                0x00000334       0x24 .\CortexM0\ARM_GCC_493\Debug\main.o
                0x00000334                CRDY_isr
 .text.sticks_isr
                0x00000358       0xb0 .\CortexM0\ARM_GCC_493\Debug\main.o
                0x00000358                sticks_isr
 .text.ticker   0x00000408       0xcc .\CortexM0\ARM_GCC_493\Debug\main.o
                0x00000408                ticker
 .text.boardledoff
                0x000004d4        0xc .\CortexM0\ARM_GCC_493\Debug\main.o
                0x000004d4                boardledoff
 .text.sensorledoff
                0x000004e0        0xc .\CortexM0\ARM_GCC_493\Debug\main.o
                0x000004e0                sensorledoff
 .text.UBUT_isr
                0x000004ec       0x1c .\CortexM0\ARM_GCC_493\Debug\main.o
                0x000004ec                UBUT_isr
 .text.WDT_isr  0x00000508       0x28 .\CortexM0\ARM_GCC_493\Debug\main.o
                0x00000508                WDT_isr
 .text.checkip  0x00000530       0x30 .\CortexM0\ARM_GCC_493\Debug\main.o
                0x00000530                checkip
 .text.init_io  0x00000560       0x28 .\CortexM0\ARM_GCC_493\Debug\main.o
                0x00000560                init_io
 .text.printbuff
                0x00000588       0x40 .\CortexM0\ARM_GCC_493\Debug\main.o
                0x00000588                printbuff
 .text.newline  0x000005c8       0x40 .\CortexM0\ARM_GCC_493\Debug\main.o
                0x000005c8                newline
 .text.printc   0x00000608       0x48 .\CortexM0\ARM_GCC_493\Debug\main.o
                0x00000608                printc
 .text.prints   0x00000650       0x5c .\CortexM0\ARM_GCC_493\Debug\main.o
                0x00000650                prints
 .text.do_exit  0x000006ac       0x14 .\CortexM0\ARM_GCC_493\Debug\main.o
                0x000006ac                do_exit
 .text.backspace
                0x000006c0       0x18 .\CortexM0\ARM_GCC_493\Debug\main.o
                0x000006c0                backspace
 .text.printn   0x000006d8      0x11c .\CortexM0\ARM_GCC_493\Debug\main.o
                0x000006d8                printn
 .text.do_help  0x000007f4       0x68 .\CortexM0\ARM_GCC_493\Debug\main.o
                0x000007f4                do_help
 .text.ntos     0x0000085c       0x5c .\CortexM0\ARM_GCC_493\Debug\main.o
                0x0000085c                ntos
 .text.xstrncpy
                0x000008b8       0x14 .\CortexM0\ARM_GCC_493\Debug\main.o
                0x000008b8                xstrncpy
 .text.xstrncmp
                0x000008cc       0x20 .\CortexM0\ARM_GCC_493\Debug\main.o
                0x000008cc                xstrncmp
 .text.xstrchr  0x000008ec       0x1c .\CortexM0\ARM_GCC_493\Debug\main.o
                0x000008ec                xstrchr
 .text.pr_n_just
                0x00000908       0x7c .\CortexM0\ARM_GCC_493\Debug\main.o
                0x00000908                pr_n_just
 .text.do_after
                0x00000984      0x140 .\CortexM0\ARM_GCC_493\Debug\main.o
                0x00000984                do_after
 .text.pr_n_ljust
                0x00000ac4       0x3c .\CortexM0\ARM_GCC_493\Debug\main.o
                0x00000ac4                pr_n_ljust
 .text.do_onevent
                0x00000b00       0x64 .\CortexM0\ARM_GCC_493\Debug\main.o
                0x00000b00                do_onevent
 .text.getline  0x00000b64       0xb0 .\CortexM0\ARM_GCC_493\Debug\main.o
                0x00000b64                getline
 .text.mkparam  0x00000c14       0xa0 .\CortexM0\ARM_GCC_493\Debug\main.o
                0x00000c14                mkparam
 .text.do_command
                0x00000cb4       0x50 .\CortexM0\ARM_GCC_493\Debug\main.o
                0x00000cb4                do_command
 .text.do_line  0x00000d04       0x1c .\CortexM0\ARM_GCC_493\Debug\main.o
                0x00000d04                do_line
 .text.loadctab
                0x00000d20       0x38 .\CortexM0\ARM_GCC_493\Debug\main.o
                0x00000d20                loadctab
 .text.initctab
                0x00000d58       0x44 .\CortexM0\ARM_GCC_493\Debug\main.o
                0x00000d58                initctab
 .text.do_measure
                0x00000d9c      0x15c .\CortexM0\ARM_GCC_493\Debug\main.o
                0x00000d9c                do_measure
 .text.start_measure
                0x00000ef8        0xc .\CortexM0\ARM_GCC_493\Debug\main.o
                0x00000ef8                start_measure
 .text.init_after
                0x00000f04       0x30 .\CortexM0\ARM_GCC_493\Debug\main.o
                0x00000f04                init_after
 .text.afterS   0x00000f34       0x78 .\CortexM0\ARM_GCC_493\Debug\main.o
                0x00000f34                afterS
 .text.afterMS  0x00000fac       0x80 .\CortexM0\ARM_GCC_493\Debug\main.o
                0x00000fac                afterMS
 .text.boardled_flash
                0x0000102c       0x1c .\CortexM0\ARM_GCC_493\Debug\main.o
                0x0000102c                boardled_flash
 .text.sensorled_flash
                0x00001048       0x1c .\CortexM0\ARM_GCC_493\Debug\main.o
                0x00001048                sensorled_flash
 .text.addto_systic_handler
                0x00001064       0x24 .\CortexM0\ARM_GCC_493\Debug\main.o
                0x00001064                addto_systic_handler
 .text.lcd_on   0x00001088       0x10 .\CortexM0\ARM_GCC_493\Debug\main.o
                0x00001088                lcd_on
 .text.lcd_off  0x00001098       0x10 .\CortexM0\ARM_GCC_493\Debug\main.o
                0x00001098                lcd_off
 .text.lcd_clear
                0x000010a8       0x10 .\CortexM0\ARM_GCC_493\Debug\main.o
                0x000010a8                lcd_clear
 .text.lcd_disp
                0x000010b8       0x2c .\CortexM0\ARM_GCC_493\Debug\main.o
                0x000010b8                lcd_disp
 .text.lcd_put  0x000010e4       0x7c .\CortexM0\ARM_GCC_493\Debug\main.o
                0x000010e4                lcd_put
 .text.sw_disp  0x00001160       0x1c .\CortexM0\ARM_GCC_493\Debug\main.o
                0x00001160                sw_disp
 .text.ubut_disp
                0x0000117c       0x14 .\CortexM0\ARM_GCC_493\Debug\main.o
                0x0000117c                ubut_disp
 .text.measure_disp
                0x00001190       0x34 .\CortexM0\ARM_GCC_493\Debug\main.o
                0x00001190                measure_disp
 .text.lcd_posclear
                0x000011c4       0x3c .\CortexM0\ARM_GCC_493\Debug\main.o
                0x000011c4                lcd_posclear
 .text.pclear_lcd
                0x00001200       0x14 .\CortexM0\ARM_GCC_493\Debug\main.o
                0x00001200                pclear_lcd
 .text.on_event
                0x00001214       0x30 .\CortexM0\ARM_GCC_493\Debug\main.o
                0x00001214                on_event
 .text.main     0x00001244      0x1c8 .\CortexM0\ARM_GCC_493\Debug\main.o
                0x00001244                main
 .text.IntDefaultHandler
                0x0000140c        0x4 .\CortexM0\ARM_GCC_493\Debug\Cm0Start.o
                0x0000140c                IntDefaultHandler
 .text.Start_c  0x00001410       0x48 .\CortexM0\ARM_GCC_493\Debug\Cm0Start.o
                0x00001410                Start_c
 .text.initialize_psoc
                0x00001458       0x54 .\CortexM0\ARM_GCC_493\Debug\Cm0Start.o
                0x00001458                initialize_psoc
 .text.cfg_write_bytes32
                0x000014ac       0x34 .\CortexM0\ARM_GCC_493\Debug\PSOC4MIO_HAL.a(cyfitter_cfg.o)
 .text.CYMEMZERO
                0x000014e0        0xc .\CortexM0\ARM_GCC_493\Debug\PSOC4MIO_HAL.a(cyfitter_cfg.o)
 .text.SetAnalogRoutingPumps
                0x000014ec       0x20 .\CortexM0\ARM_GCC_493\Debug\PSOC4MIO_HAL.a(cyfitter_cfg.o)
                0x000014ec                SetAnalogRoutingPumps
 .text.AnalogSetDefault
                0x0000150c       0x48 .\CortexM0\ARM_GCC_493\Debug\PSOC4MIO_HAL.a(cyfitter_cfg.o)
 .text.ADC_1_Init
                0x00001554      0x1bc .\CortexM0\ARM_GCC_493\Debug\PSOC4MIO_HAL.a(ADC_1.o)
                0x00001554                ADC_1_Init
 .text.ADC_1_Enable
                0x00001710       0x30 .\CortexM0\ARM_GCC_493\Debug\PSOC4MIO_HAL.a(ADC_1.o)
                0x00001710                ADC_1_Enable
 .text.ADC_1_Start
                0x00001740       0x20 .\CortexM0\ARM_GCC_493\Debug\PSOC4MIO_HAL.a(ADC_1.o)
                0x00001740                ADC_1_Start
 .text.ADC_1_Stop
                0x00001760       0x10 .\CortexM0\ARM_GCC_493\Debug\PSOC4MIO_HAL.a(ADC_1.o)
                0x00001760                ADC_1_Stop
 .text.ADC_1_StartConvert
                0x00001770        0xc .\CortexM0\ARM_GCC_493\Debug\PSOC4MIO_HAL.a(ADC_1.o)
                0x00001770                ADC_1_StartConvert
 .text.ADC_1_IsEndConversion
                0x0000177c       0x4c .\CortexM0\ARM_GCC_493\Debug\PSOC4MIO_HAL.a(ADC_1.o)
                0x0000177c                ADC_1_IsEndConversion
 .text.ADC_1_GetResult16
                0x000017c8       0x38 .\CortexM0\ARM_GCC_493\Debug\PSOC4MIO_HAL.a(ADC_1.o)
                0x000017c8                ADC_1_GetResult16
 .text.ADC_1_EnableInjection
                0x00001800       0x14 .\CortexM0\ARM_GCC_493\Debug\PSOC4MIO_HAL.a(ADC_1.o)
                0x00001800                ADC_1_EnableInjection
 .text.ADC_1_CountsTo_mVolts
                0x00001814       0x5c .\CortexM0\ARM_GCC_493\Debug\PSOC4MIO_HAL.a(ADC_1.o)
                0x00001814                ADC_1_CountsTo_mVolts
 .text.ADC_1_ISR
                0x00001870        0xc .\CortexM0\ARM_GCC_493\Debug\PSOC4MIO_HAL.a(ADC_1_INT.o)
                0x00001870                ADC_1_ISR
 .text.console_ScbModePostEnable
                0x0000187c        0x8 .\CortexM0\ARM_GCC_493\Debug\PSOC4MIO_HAL.a(console.o)
 .text.console_Init
                0x00001884        0x8 .\CortexM0\ARM_GCC_493\Debug\PSOC4MIO_HAL.a(console.o)
                0x00001884                console_Init
 .text.console_Enable
                0x0000188c       0x18 .\CortexM0\ARM_GCC_493\Debug\PSOC4MIO_HAL.a(console.o)
                0x0000188c                console_Enable
 .text.console_Start
                0x000018a4       0x20 .\CortexM0\ARM_GCC_493\Debug\PSOC4MIO_HAL.a(console.o)
                0x000018a4                console_Start
 .text.console_SpiUartReadRxData
                0x000018c4        0xc .\CortexM0\ARM_GCC_493\Debug\PSOC4MIO_HAL.a(console_SPI_UART.o)
                0x000018c4                console_SpiUartReadRxData
 .text.console_SpiUartGetRxBufferSize
                0x000018d0       0x10 .\CortexM0\ARM_GCC_493\Debug\PSOC4MIO_HAL.a(console_SPI_UART.o)
                0x000018d0                console_SpiUartGetRxBufferSize
 .text.console_SpiUartWriteTxData
                0x000018e0       0x1c .\CortexM0\ARM_GCC_493\Debug\PSOC4MIO_HAL.a(console_SPI_UART.o)
                0x000018e0                console_SpiUartWriteTxData
 .text.console_UartInit
                0x000018fc       0x98 .\CortexM0\ARM_GCC_493\Debug\PSOC4MIO_HAL.a(console_UART.o)
                0x000018fc                console_UartInit
 .text.console_UartPostEnable
                0x00001994       0x14 .\CortexM0\ARM_GCC_493\Debug\PSOC4MIO_HAL.a(console_UART.o)
                0x00001994                console_UartPostEnable
 .text.console_UartGetChar
                0x000019a8       0x2c .\CortexM0\ARM_GCC_493\Debug\PSOC4MIO_HAL.a(console_UART.o)
                0x000019a8                console_UartGetChar
 .text.P4_4_Write
                0x000019d4       0x18 .\CortexM0\ARM_GCC_493\Debug\PSOC4MIO_HAL.a(P4_4.o)
                0x000019d4                P4_4_Write
 *fill*         0x000019ec        0x4 
 .text          0x000019f0       0x20 .\CortexM0\ARM_GCC_493\Debug\PSOC4MIO_HAL.a(CyBootAsmGnu.o)
                0x000019f0                CyDelayCycles
                0x00001a02                CyEnterCriticalSection
                0x00001a0a                CyExitCriticalSection
 .text.CySysClkImoDisableWcoLock
                0x00001a10       0x14 .\CortexM0\ARM_GCC_493\Debug\PSOC4MIO_HAL.a(CyLib.o)
                0x00001a10                CySysClkImoDisableWcoLock
 .text.CySysClkImoGetWcoLock
                0x00001a24       0x14 .\CortexM0\ARM_GCC_493\Debug\PSOC4MIO_HAL.a(CyLib.o)
                0x00001a24                CySysClkImoGetWcoLock
 .text.CyIntEnable
                0x00001a38       0x14 .\CortexM0\ARM_GCC_493\Debug\PSOC4MIO_HAL.a(CyLib.o)
                0x00001a38                CyIntEnable
 .text.CyIntClearPending
                0x00001a4c       0x14 .\CortexM0\ARM_GCC_493\Debug\PSOC4MIO_HAL.a(CyLib.o)
                0x00001a4c                CyIntClearPending
 .text.CyHalt   0x00001a60        0x4 .\CortexM0\ARM_GCC_493\Debug\PSOC4MIO_HAL.a(CyLib.o)
                0x00001a60                CyHalt
 .text.CyIntSetSysVector
                0x00001a64       0x20 .\CortexM0\ARM_GCC_493\Debug\PSOC4MIO_HAL.a(CyLib.o)
                0x00001a64                CyIntSetSysVector
 .text.CyIntSetVector
                0x00001a84       0x24 .\CortexM0\ARM_GCC_493\Debug\PSOC4MIO_HAL.a(CyLib.o)
                0x00001a84                CyIntSetVector
 .text.CyIntSetPriority
                0x00001aa8       0x4c .\CortexM0\ARM_GCC_493\Debug\PSOC4MIO_HAL.a(CyLib.o)
                0x00001aa8                CyIntSetPriority
 .text.CyDelay  0x00001af4       0x30 .\CortexM0\ARM_GCC_493\Debug\PSOC4MIO_HAL.a(CyLib.o)
                0x00001af4                CyDelay
 .text.CySysClkImoEnableWcoLock
                0x00001b24       0xe8 .\CortexM0\ARM_GCC_493\Debug\PSOC4MIO_HAL.a(CyLib.o)
                0x00001b24                CySysClkImoEnableWcoLock
 .text.CySysClkWriteImoFreq
                0x00001c0c       0x80 .\CortexM0\ARM_GCC_493\Debug\PSOC4MIO_HAL.a(CyLib.o)
                0x00001c0c                CySysClkWriteImoFreq
 .text.CyDelayUs
                0x00001c8c       0x14 .\CortexM0\ARM_GCC_493\Debug\PSOC4MIO_HAL.a(CyLib.o)
                0x00001c8c                CyDelayUs
 .text.CySysTickEnableInterrupt
                0x00001ca0       0x10 .\CortexM0\ARM_GCC_493\Debug\PSOC4MIO_HAL.a(CyLib.o)
                0x00001ca0                CySysTickEnableInterrupt
 .text.CySysTickEnable
                0x00001cb0       0x18 .\CortexM0\ARM_GCC_493\Debug\PSOC4MIO_HAL.a(CyLib.o)
                0x00001cb0                CySysTickEnable
 .text.CySysTickSetReload
                0x00001cc8       0x10 .\CortexM0\ARM_GCC_493\Debug\PSOC4MIO_HAL.a(CyLib.o)
                0x00001cc8                CySysTickSetReload
 .text.CySysTickSetClockSource
                0x00001cd8       0x20 .\CortexM0\ARM_GCC_493\Debug\PSOC4MIO_HAL.a(CyLib.o)
                0x00001cd8                CySysTickSetClockSource
 .text.CySysTickGetCountFlag
                0x00001cf8       0x10 .\CortexM0\ARM_GCC_493\Debug\PSOC4MIO_HAL.a(CyLib.o)
                0x00001cf8                CySysTickGetCountFlag
 .text.CySysTickServiceCallbacks
                0x00001d08       0x28 .\CortexM0\ARM_GCC_493\Debug\PSOC4MIO_HAL.a(CyLib.o)
 .text.CySysTickClear
                0x00001d30        0xc .\CortexM0\ARM_GCC_493\Debug\PSOC4MIO_HAL.a(CyLib.o)
                0x00001d30                CySysTickClear
 .text.CySysTickInit
                0x00001d3c       0x4c .\CortexM0\ARM_GCC_493\Debug\PSOC4MIO_HAL.a(CyLib.o)
                0x00001d3c                CySysTickInit
 .text.CySysTickStart
                0x00001d88       0x20 .\CortexM0\ARM_GCC_493\Debug\PSOC4MIO_HAL.a(CyLib.o)
                0x00001d88                CySysTickStart
 .text.CySysTickSetCallback
                0x00001da8       0x10 .\CortexM0\ARM_GCC_493\Debug\PSOC4MIO_HAL.a(CyLib.o)
                0x00001da8                CySysTickSetCallback
 .text.CySysTickGetCallback
                0x00001db8        0xc .\CortexM0\ARM_GCC_493\Debug\PSOC4MIO_HAL.a(CyLib.o)
                0x00001db8                CySysTickGetCallback
 .text.CySysPmSleep
                0x00001dc4       0x1c .\CortexM0\ARM_GCC_493\Debug\PSOC4MIO_HAL.a(cyPm.o)
                0x00001dc4                CySysPmSleep
 .text.CySysWdtLocked
                0x00001de0       0x14 .\CortexM0\ARM_GCC_493\Debug\PSOC4MIO_HAL.a(CyLFClk.o)
 .text.CySysClkWcoStart
                0x00001df4       0x40 .\CortexM0\ARM_GCC_493\Debug\PSOC4MIO_HAL.a(CyLFClk.o)
                0x00001df4                CySysClkWcoStart
 .text.CySysClkWcoEnabled
                0x00001e34       0x14 .\CortexM0\ARM_GCC_493\Debug\PSOC4MIO_HAL.a(CyLFClk.o)
                0x00001e34                CySysClkWcoEnabled
 .text.CySysWdtLock
                0x00001e48       0x1c .\CortexM0\ARM_GCC_493\Debug\PSOC4MIO_HAL.a(CyLFClk.o)
                0x00001e48                CySysWdtLock
 .text.CySysWdtUnlock
                0x00001e64       0x30 .\CortexM0\ARM_GCC_493\Debug\PSOC4MIO_HAL.a(CyLFClk.o)
                0x00001e64                CySysWdtUnlock
 .text.CySysWdtGetEnabledStatus
                0x00001e94       0x24 .\CortexM0\ARM_GCC_493\Debug\PSOC4MIO_HAL.a(CyLFClk.o)
                0x00001e94                CySysWdtGetEnabledStatus
 .text.CySysWdtDisable
                0x00001eb8       0x44 .\CortexM0\ARM_GCC_493\Debug\PSOC4MIO_HAL.a(CyLFClk.o)
                0x00001eb8                CySysWdtDisable
 .text.CySysWdtClearInterrupt
                0x00001efc       0x4c .\CortexM0\ARM_GCC_493\Debug\PSOC4MIO_HAL.a(CyLFClk.o)
                0x00001efc                CySysWdtClearInterrupt
 .text.sectimer_Enable
                0x00001f48       0x10 .\CortexM0\ARM_GCC_493\Debug\PSOC4MIO_HAL.a(sectimer.o)
                0x00001f48                sectimer_Enable
 .text.sectimer_SetInterruptMode
                0x00001f58        0xc .\CortexM0\ARM_GCC_493\Debug\PSOC4MIO_HAL.a(sectimer.o)
                0x00001f58                sectimer_SetInterruptMode
 .text.sectimer_ReadStatusRegister
                0x00001f64        0xc .\CortexM0\ARM_GCC_493\Debug\PSOC4MIO_HAL.a(sectimer.o)
                0x00001f64                sectimer_ReadStatusRegister
 .text.sectimer_WritePeriod
                0x00001f70        0xc .\CortexM0\ARM_GCC_493\Debug\PSOC4MIO_HAL.a(sectimer.o)
                0x00001f70                sectimer_WritePeriod
 .text.sectimer_ReadCapture
                0x00001f7c        0xc .\CortexM0\ARM_GCC_493\Debug\PSOC4MIO_HAL.a(sectimer.o)
                0x00001f7c                sectimer_ReadCapture
 .text.sectimer_WriteCounter
                0x00001f88        0xc .\CortexM0\ARM_GCC_493\Debug\PSOC4MIO_HAL.a(sectimer.o)
                0x00001f88                sectimer_WriteCounter
 .text.sectimer_ClearFIFO
                0x00001f94       0x14 .\CortexM0\ARM_GCC_493\Debug\PSOC4MIO_HAL.a(sectimer.o)
                0x00001f94                sectimer_ClearFIFO
 .text.sectimer_Init
                0x00001fa8       0x38 .\CortexM0\ARM_GCC_493\Debug\PSOC4MIO_HAL.a(sectimer.o)
                0x00001fa8                sectimer_Init
 .text.sectimer_Start
                0x00001fe0       0x20 .\CortexM0\ARM_GCC_493\Debug\PSOC4MIO_HAL.a(sectimer.o)
                0x00001fe0                sectimer_Start
 .text.wdog_SetVector
                0x00002000        0xc .\CortexM0\ARM_GCC_493\Debug\PSOC4MIO_HAL.a(wdog.o)
                0x00002000                wdog_SetVector
 .text.wdog_SetPriority
                0x0000200c       0x20 .\CortexM0\ARM_GCC_493\Debug\PSOC4MIO_HAL.a(wdog.o)
                0x0000200c                wdog_SetPriority
 .text.wdog_Enable
                0x0000202c        0xc .\CortexM0\ARM_GCC_493\Debug\PSOC4MIO_HAL.a(wdog.o)
                0x0000202c                wdog_Enable
 .text.wdog_Disable
                0x00002038        0xc .\CortexM0\ARM_GCC_493\Debug\PSOC4MIO_HAL.a(wdog.o)
                0x00002038                wdog_Disable
 .text.wdog_StartEx
                0x00002044       0x1c .\CortexM0\ARM_GCC_493\Debug\PSOC4MIO_HAL.a(wdog.o)
                0x00002044                wdog_StartEx
 .text.sticks_SetVector
                0x00002060        0xc .\CortexM0\ARM_GCC_493\Debug\PSOC4MIO_HAL.a(sticks.o)
                0x00002060                sticks_SetVector
 .text.sticks_SetPriority
                0x0000206c       0x20 .\CortexM0\ARM_GCC_493\Debug\PSOC4MIO_HAL.a(sticks.o)
                0x0000206c                sticks_SetPriority
 .text.sticks_Enable
                0x0000208c        0xc .\CortexM0\ARM_GCC_493\Debug\PSOC4MIO_HAL.a(sticks.o)
                0x0000208c                sticks_Enable
 .text.sticks_Disable
                0x00002098        0xc .\CortexM0\ARM_GCC_493\Debug\PSOC4MIO_HAL.a(sticks.o)
                0x00002098                sticks_Disable
 .text.sticks_StartEx
                0x000020a4       0x1c .\CortexM0\ARM_GCC_493\Debug\PSOC4MIO_HAL.a(sticks.o)
                0x000020a4                sticks_StartEx
 .text.coretemp_CountsTo_Celsius
                0x000020c0       0x68 .\CortexM0\ARM_GCC_493\Debug\PSOC4MIO_HAL.a(coretemp.o)
                0x000020c0                coretemp_CountsTo_Celsius
 .text.ubut_SetVector
                0x00002128        0xc .\CortexM0\ARM_GCC_493\Debug\PSOC4MIO_HAL.a(ubut.o)
                0x00002128                ubut_SetVector
 .text.ubut_SetPriority
                0x00002134       0x24 .\CortexM0\ARM_GCC_493\Debug\PSOC4MIO_HAL.a(ubut.o)
                0x00002134                ubut_SetPriority
 .text.ubut_Enable
                0x00002158        0xc .\CortexM0\ARM_GCC_493\Debug\PSOC4MIO_HAL.a(ubut.o)
                0x00002158                ubut_Enable
 .text.ubut_Disable
                0x00002164        0xc .\CortexM0\ARM_GCC_493\Debug\PSOC4MIO_HAL.a(ubut.o)
                0x00002164                ubut_Disable
 .text.ubut_StartEx
                0x00002170       0x1c .\CortexM0\ARM_GCC_493\Debug\PSOC4MIO_HAL.a(ubut.o)
                0x00002170                ubut_StartEx
 .text.ubut_ClearPending
                0x0000218c        0xc .\CortexM0\ARM_GCC_493\Debug\PSOC4MIO_HAL.a(ubut.o)
                0x0000218c                ubut_ClearPending
 .text.crdy_SetVector
                0x00002198        0xc .\CortexM0\ARM_GCC_493\Debug\PSOC4MIO_HAL.a(crdy.o)
                0x00002198                crdy_SetVector
 .text.crdy_SetPriority
                0x000021a4       0x20 .\CortexM0\ARM_GCC_493\Debug\PSOC4MIO_HAL.a(crdy.o)
                0x000021a4                crdy_SetPriority
 .text.crdy_Enable
                0x000021c4       0x10 .\CortexM0\ARM_GCC_493\Debug\PSOC4MIO_HAL.a(crdy.o)
                0x000021c4                crdy_Enable
 .text.crdy_Disable
                0x000021d4       0x10 .\CortexM0\ARM_GCC_493\Debug\PSOC4MIO_HAL.a(crdy.o)
                0x000021d4                crdy_Disable
 .text.crdy_StartEx
                0x000021e4       0x1c .\CortexM0\ARM_GCC_493\Debug\PSOC4MIO_HAL.a(crdy.o)
                0x000021e4                crdy_StartEx
 .text.P7_1_ClearInterrupt
                0x00002200       0x14 .\CortexM0\ARM_GCC_493\Debug\PSOC4MIO_HAL.a(P7_1.o)
                0x00002200                P7_1_ClearInterrupt
 .text.en5v_gpio0_Write
                0x00002214       0x18 .\CortexM0\ARM_GCC_493\Debug\PSOC4MIO_HAL.a(en5v_gpio0.o)
                0x00002214                en5v_gpio0_Write
 .text.en33v_gpio1_Write
                0x0000222c       0x18 .\CortexM0\ARM_GCC_493\Debug\PSOC4MIO_HAL.a(en33v_gpio1.o)
                0x0000222c                en33v_gpio1_Write
 .text.gpio1_led_Write
                0x00002244       0x18 .\CortexM0\ARM_GCC_493\Debug\PSOC4MIO_HAL.a(gpio1_led.o)
                0x00002244                gpio1_led_Write
 .text.LCD_ScbModePostEnable
                0x0000225c        0x8 .\CortexM0\ARM_GCC_493\Debug\PSOC4MIO_HAL.a(LCD.o)
 .text.LCD_Init
                0x00002264        0x8 .\CortexM0\ARM_GCC_493\Debug\PSOC4MIO_HAL.a(LCD.o)
                0x00002264                LCD_Init
 .text.LCD_Enable
                0x0000226c       0x18 .\CortexM0\ARM_GCC_493\Debug\PSOC4MIO_HAL.a(LCD.o)
                0x0000226c                LCD_Enable
 .text.LCD_Start
                0x00002284       0x20 .\CortexM0\ARM_GCC_493\Debug\PSOC4MIO_HAL.a(LCD.o)
                0x00002284                LCD_Start
 .text.LCD_SpiUartWriteTxData
                0x000022a4       0x1c .\CortexM0\ARM_GCC_493\Debug\PSOC4MIO_HAL.a(LCD_SPI_UART.o)
                0x000022a4                LCD_SpiUartWriteTxData
 .text.LCD_UartInit
                0x000022c0       0xa0 .\CortexM0\ARM_GCC_493\Debug\PSOC4MIO_HAL.a(LCD_UART.o)
                0x000022c0                LCD_UartInit
 .text.LCD_UartPostEnable
                0x00002360       0x24 .\CortexM0\ARM_GCC_493\Debug\PSOC4MIO_HAL.a(LCD_UART.o)
                0x00002360                LCD_UartPostEnable
 .text.LCD_UartPutString
                0x00002384       0x18 .\CortexM0\ARM_GCC_493\Debug\PSOC4MIO_HAL.a(LCD_UART.o)
                0x00002384                LCD_UartPutString
 .text.switches_Read
                0x0000239c        0xc .\CortexM0\ARM_GCC_493\Debug\PSOC4MIO_HAL.a(switches.o)
                0x0000239c                switches_Read
 .text.CySysFlashSetWaitCycles
                0x000023a8       0x54 .\CortexM0\ARM_GCC_493\Debug\PSOC4MIO_HAL.a(CyFlash.o)
                0x000023a8                CySysFlashSetWaitCycles
 .text          0x000023fc      0x120 c:/program files (x86)/cypress/psoc creator/3.3/psoc creator/import/gnu/arm/4.9.3/bin/../lib/gcc/arm-none-eabi/4.9.3/armv6-m\libgcc.a(_udivsi3.o)
                0x000023fc                __aeabi_uidiv
                0x000023fc                __udivsi3
                0x00002508                __aeabi_uidivmod
 .text          0x0000251c      0x1e0 c:/program files (x86)/cypress/psoc creator/3.3/psoc creator/import/gnu/arm/4.9.3/bin/../lib/gcc/arm-none-eabi/4.9.3/armv6-m\libgcc.a(_divsi3.o)
                0x0000251c                __divsi3
                0x0000251c                __aeabi_idiv
                0x000026e8                __aeabi_idivmod
 .text          0x000026fc        0x4 c:/program files (x86)/cypress/psoc creator/3.3/psoc creator/import/gnu/arm/4.9.3/bin/../lib/gcc/arm-none-eabi/4.9.3/armv6-m\libgcc.a(_dvmd_tls.o)
                0x000026fc                __aeabi_idiv0
                0x000026fc                __aeabi_ldiv0
 .text.__libc_init_array
                0x00002700       0x4c c:/program files (x86)/cypress/psoc creator/3.3/psoc creator/import/gnu/arm/4.9.3/bin/../lib/gcc/arm-none-eabi/4.9.3/../../../../arm-none-eabi/lib/armv6-m\libg_nano.a(lib_a-init.o)
                0x00002700                __libc_init_array
 .text.memset   0x0000274c       0x10 c:/program files (x86)/cypress/psoc creator/3.3/psoc creator/import/gnu/arm/4.9.3/bin/../lib/gcc/arm-none-eabi/4.9.3/../../../../arm-none-eabi/lib/armv6-m\libg_nano.a(lib_a-memset.o)
                0x0000274c                memset
 *(.plt)
 *(.gnu.warning)
 *(.glue_7t)
 .glue_7t       0x00000000        0x0 linker stubs
 *(.glue_7)
 .glue_7        0x00000000        0x0 linker stubs
 *(.vfp11_veneer)
 .vfp11_veneer  0x00000000        0x0 linker stubs
 *(.bootloader)
 *(.ARM.extab* .gnu.linkonce.armextab.*)
 *(.gcc_except_table)

.v4_bx          0x0000275c        0x0
 .v4_bx         0x00000000        0x0 linker stubs

.iplt           0x0000275c        0x0
 .iplt          0x00000000        0x0 c:/program files (x86)/cypress/psoc creator/3.3/psoc creator/import/gnu/arm/4.9.3/bin/../lib/gcc/arm-none-eabi/4.9.3/armv6-m/crtbegin.o

.eh_frame_hdr
 *(.eh_frame_hdr)

.eh_frame       0x0000275c        0x4
 *(.eh_frame)
 .eh_frame      0x0000275c        0x0 c:/program files (x86)/cypress/psoc creator/3.3/psoc creator/import/gnu/arm/4.9.3/bin/../lib/gcc/arm-none-eabi/4.9.3/armv6-m/crtbegin.o
 .eh_frame      0x0000275c        0x4 c:/program files (x86)/cypress/psoc creator/3.3/psoc creator/import/gnu/arm/4.9.3/bin/../lib/gcc/arm-none-eabi/4.9.3/armv6-m/crtend.o
                0x00002760                PROVIDE (__exidx_start, .)

.ARM.exidx
 *(.ARM.exidx* .gnu.linkonce.armexidx.*)
                0x00002760                __exidx_end = .

.rodata         0x00002760      0x378
 *(.rodata .rodata.* .gnu.linkonce.r.*)
 .rodata        0x00002760       0x58 .\CortexM0\ARM_GCC_493\Debug\main.o
                0x00002760                ChkStr
 .rodata.str1.4
                0x000027b8      0x164 .\CortexM0\ARM_GCC_493\Debug\main.o
                                0x174 (size before relaxing)
 .rodata        0x0000291c      0x130 .\CortexM0\ARM_GCC_493\Debug\PSOC4MIO_HAL.a(cyfitter_cfg.o)
 .rodata        0x00002a4c        0xc .\CortexM0\ARM_GCC_493\Debug\PSOC4MIO_HAL.a(ADC_1.o)
 .rodata        0x00002a58       0x48 .\CortexM0\ARM_GCC_493\Debug\PSOC4MIO_HAL.a(CyLib.o)
                0x00002a58                cyImoFreqMhz2Reg
                0x00002a88                cyImoFreqMhz2DpllOffset
                0x00002aa0                . = ALIGN (0x4)
 *(.init)
 .init          0x00002aa0        0x4 c:/program files (x86)/cypress/psoc creator/3.3/psoc creator/import/gnu/arm/4.9.3/bin/../lib/gcc/arm-none-eabi/4.9.3/armv6-m/crti.o
                0x00002aa0                _init
 .init          0x00002aa4        0x8 c:/program files (x86)/cypress/psoc creator/3.3/psoc creator/import/gnu/arm/4.9.3/bin/../lib/gcc/arm-none-eabi/4.9.3/armv6-m/crtn.o
                0x00002aac                . = ALIGN (0x4)
                0x00002aac                __preinit_array_start = .
 *(.preinit_array)
                0x00002aac                __preinit_array_end = .
                0x00002aac                . = ALIGN (0x4)
                0x00002aac                __init_array_start = .
 *(SORT(.init_array.*))
 *(.init_array)
 .init_array    0x00002aac        0x4 c:/program files (x86)/cypress/psoc creator/3.3/psoc creator/import/gnu/arm/4.9.3/bin/../lib/gcc/arm-none-eabi/4.9.3/armv6-m/crtbegin.o
 .init_array    0x00002ab0        0x4 .\CortexM0\ARM_GCC_493\Debug\Cm0Start.o
                0x00002ab4                __init_array_end = .
                0x00002ab4                . = ALIGN (0x4)
 *(.fini)
 .fini          0x00002ab4        0x4 c:/program files (x86)/cypress/psoc creator/3.3/psoc creator/import/gnu/arm/4.9.3/bin/../lib/gcc/arm-none-eabi/4.9.3/armv6-m/crti.o
                0x00002ab4                _fini
 .fini          0x00002ab8        0x8 c:/program files (x86)/cypress/psoc creator/3.3/psoc creator/import/gnu/arm/4.9.3/bin/../lib/gcc/arm-none-eabi/4.9.3/armv6-m/crtn.o
                0x00002ac0                . = ALIGN (0x4)
                0x00002ac0                __fini_array_start = .
 *(.fini_array)
 .fini_array    0x00002ac0        0x4 c:/program files (x86)/cypress/psoc creator/3.3/psoc creator/import/gnu/arm/4.9.3/bin/../lib/gcc/arm-none-eabi/4.9.3/armv6-m/crtbegin.o
 *(SORT(.fini_array.*))
                0x00002ac4                __fini_array_end = .
                0x00002ac4                . = ALIGN (0x4)
 *crtbegin.o(.ctors)
 *(EXCLUDE_FILE(*crtend.o) .ctors)
 *(SORT(.ctors.*))
 *crtend.o(.ctors)
                0x00002ac4                . = ALIGN (0x4)
 *crtbegin.o(.dtors)
 *(EXCLUDE_FILE(*crtend.o) .dtors)
 *(SORT(.dtors.*))
 *crtend.o(.dtors)
                0x00002ac4                . = ALIGN (0x4)
                0x00002ac4                __cy_regions = .
                0x00002ac4        0x4 LONG 0x2ad8 __cy_region_init_ram
                0x00002ac8        0x4 LONG 0x200000c8 __cy_region_start_data
                0x00002acc        0x4 LONG 0x18 __cy_region_init_size_ram
                0x00002ad0        0x4 LONG 0x408 __cy_region_zero_size_ram
                0x00002ad4                __cy_regions_end = .
                0x00002ad8                . = ALIGN (0x8)
 *fill*         0x00002ad4        0x4 
                0x00002ad8                _etext = .

.cy_checksum_exclude
                0x00002ad8        0x0
 *(.cy_checksum_exclude)

.ramvectors     0x20000000       0xc0
                0x20000000                __cy_region_start_ram = .
 *(.ramvectors)
 .ramvectors    0x20000000       0xc0 .\CortexM0\ARM_GCC_493\Debug\Cm0Start.o
                0x20000000                CyRamVectors

.noinit         0x200000c0        0x4
 *(.noinit)
 .noinit        0x200000c0        0x4 .\CortexM0\ARM_GCC_493\Debug\Cm0Start.o

.data           0x200000c8       0x18 load address 0x00002ad8
                0x200000c8                __cy_region_start_data = .
 *(.jcr)
 .jcr           0x200000c8        0x0 c:/program files (x86)/cypress/psoc creator/3.3/psoc creator/import/gnu/arm/4.9.3/bin/../lib/gcc/arm-none-eabi/4.9.3/armv6-m/crtbegin.o
 .jcr           0x200000c8        0x4 c:/program files (x86)/cypress/psoc creator/3.3/psoc creator/import/gnu/arm/4.9.3/bin/../lib/gcc/arm-none-eabi/4.9.3/armv6-m/crtend.o
 *(.got.plt)
 *(.got)
 *(.shdata)
 *(.data .data.* .gnu.linkonce.d.*)
 .data          0x200000cc       0x10 .\CortexM0\ARM_GCC_493\Debug\PSOC4MIO_HAL.a(CyLib.o)
                0x200000cc                cydelay32kMs
                0x200000d0                cydelayFreqKhz
                0x200000d4                cydelayFreqMhz
                0x200000d8                cydelayFreqHz
                0x200000e0                . = ALIGN (0x8)
 *fill*         0x200000dc        0x4 
 *(.ram)
                0x200000e0                _edata = .

.igot.plt       0x200000e0        0x0 load address 0x00002af0
 .igot.plt      0x00000000        0x0 c:/program files (x86)/cypress/psoc creator/3.3/psoc creator/import/gnu/arm/4.9.3/bin/../lib/gcc/arm-none-eabi/4.9.3/armv6-m/crtbegin.o

.bss            0x200000e0      0x408 load address 0x00002af0
                0x200000e0                PROVIDE (__bss_start__, .)
 *(.shbss)
 *(.bss .bss.* .gnu.linkonce.b.*)
 .bss           0x200000e0       0x1c c:/program files (x86)/cypress/psoc creator/3.3/psoc creator/import/gnu/arm/4.9.3/bin/../lib/gcc/arm-none-eabi/4.9.3/armv6-m/crtbegin.o
 .bss           0x200000fc       0x18 .\CortexM0\ARM_GCC_493\Debug\main.o
                0x200000fc                sticks
                0x20000100                msticks
                0x20000104                lticks
                0x20000108                wdcount
                0x2000010c                sa
                0x20000110                toggle
 .bss           0x20000114        0x1 .\CortexM0\ARM_GCC_493\Debug\PSOC4MIO_HAL.a(ADC_1.o)
                0x20000114                ADC_1_initVar
 .bss           0x20000115        0x1 .\CortexM0\ARM_GCC_493\Debug\PSOC4MIO_HAL.a(console.o)
                0x20000115                console_initVar
 *fill*         0x20000116        0x2 
 .bss           0x20000118       0x18 .\CortexM0\ARM_GCC_493\Debug\PSOC4MIO_HAL.a(CyLib.o)
                0x2000012c                CySysTickInitVar
 .bss           0x20000130        0x1 .\CortexM0\ARM_GCC_493\Debug\PSOC4MIO_HAL.a(sectimer.o)
                0x20000130                sectimer_initVar
 *fill*         0x20000131        0x1 
 .bss           0x20000132        0x4 .\CortexM0\ARM_GCC_493\Debug\PSOC4MIO_HAL.a(LCD.o)
                0x20000132                LCD_initVar
                0x20000134                LCD_IntrTxMask
 *(COMMON)
 *fill*         0x20000136        0x2 
 COMMON         0x20000138      0x3a1 .\CortexM0\ARM_GCC_493\Debug\main.o
                0x20000138                aftertab_1M
                0x2000019c                swval
                0x200001a0                linebuf
                0x20000204                b
                0x20000208                argv
                0x20000230                ontable
                0x20000370                argc
                0x20000374                bufbegin
                0x20000378                obb
                0x2000037c                gres
                0x20000390                obuf
                0x200003f4                aftertab_1S
                0x20000458                buf
                0x2000046c                cline
                0x20000470                bufpos
                0x20000474                GEV
                0x20000478                obpos
                0x2000047c                ctab
                0x200004d0                ltime
                0x200004d8                swreg
 *fill*         0x200004d9        0x3 
 COMMON         0x200004dc        0xc .\CortexM0\ARM_GCC_493\Debug\PSOC4MIO_HAL.a(ADC_1.o)
                0x200004dc                ADC_1_offset
                0x200004e0                ADC_1_countsPer10Volt
                0x200004e8                . = ALIGN (0x8)
 *(.ram.b)
                0x200004e8                _end = .
                0x200004e8                __end = .
                0x200004e8                PROVIDE (end, .)
                0x200004e8                PROVIDE (__bss_end__, .)
                0x00002ad8                __cy_region_init_ram = LOADADDR (.data)
                0x00000018                __cy_region_init_size_ram = (_edata - ADDR (.data))
                0x00000408                __cy_region_zero_size_ram = (_end - _edata)

.heap           0x200004e8       0x80 load address 0x00002af0
                0x200004e8                . = _end
                0x20000568                . = (. + 0x80)
 *fill*         0x200004e8       0x80 
                0x20000568                __cy_heap_limit = .

.stack          0x20003800      0x800
                0x20003800                __cy_stack_limit = .
                0x20004000                . = (. + 0x800)
 *fill*         0x20003800      0x800 
                0x00000001                ASSERT ((__cy_stack_limit >= __cy_heap_limit), region RAM overflowed with stack)
                0x00000000                cy_checksum_exclude_size = (CY_APPL_LOADABLE == 0x1)?SIZEOF (.cy_checksum_exclude):0x0
                0x00000001                ASSERT ((cy_checksum_exclude_size <= CY_CHECKSUM_EXCLUDE_SIZE), CY_BOOT: Section .cy_checksum_exclude size exceedes specified limit.)
                0x0001ffc0                cyloadermeta_start = (cy_project_type_bootloader || cy_project_type_app_for_stack_and_copier)?(0x20000 - CY_METADATA_SIZE):0xf0000000

.cyloadermeta
 *(.cyloadermeta)
                0x0001ffc0                cyloadablemeta_start = cy_project_type_app_for_stack_and_copier?((0x20000 - CY_FLASH_ROW_SIZE) - CY_METADATA_SIZE):((0x20000 - (CY_FLASH_ROW_SIZE * (CY_APPL_NUM - 0x1))) - CY_METADATA_SIZE)

.cyloadablemeta
 *(.cyloadablemeta)

.cyflashprotect
                0x90400000       0x80
 *(.cyflashprotect)
 .cyflashprotect
                0x90400000       0x80 .\CortexM0\ARM_GCC_493\Debug\cymetadata.o
                0x90400000                cy_meta_flashprotect

.cymeta         0x90500000        0xc
 *(.cymeta)
 .cymeta        0x90500000        0xc .\CortexM0\ARM_GCC_493\Debug\cymetadata.o
                0x90500000                cy_metadata

.cychipprotect  0x90600000        0x4
 *(.cychipprotect)
 .cychipprotect
                0x90600000        0x4 .\CortexM0\ARM_GCC_493\Debug\cymetadata.o
                0x90600000                cy_meta_chipprotect

.rel.dyn        0x00002af0        0x0 load address 0x90600004
 .rel.iplt      0x00000000        0x0 c:/program files (x86)/cypress/psoc creator/3.3/psoc creator/import/gnu/arm/4.9.3/bin/../lib/gcc/arm-none-eabi/4.9.3/armv6-m/crtbegin.o

.stab
 *(.stab)

.stabstr
 *(.stabstr)

.debug
 *(.debug)

.line
 *(.line)

.debug_srcinfo
 *(.debug_srcinfo)

.debug_sfnames
 *(.debug_sfnames)

.debug_aranges  0x00000000      0xdb0
 *(.debug_aranges)
 .debug_aranges
                0x00000000      0x1e0 .\CortexM0\ARM_GCC_493\Debug\main.o
 .debug_aranges
                0x000001e0       0x18 .\CortexM0\ARM_GCC_493\Debug\cymetadata.o
 .debug_aranges
                0x000001f8       0x48 .\CortexM0\ARM_GCC_493\Debug\Cm0Start.o
 .debug_aranges
                0x00000240       0x48 .\CortexM0\ARM_GCC_493\Debug\PSOC4MIO_HAL.a(cyfitter_cfg.o)
 .debug_aranges
                0x00000288       0xb0 .\CortexM0\ARM_GCC_493\Debug\PSOC4MIO_HAL.a(ADC_1.o)
 .debug_aranges
                0x00000338       0x20 .\CortexM0\ARM_GCC_493\Debug\PSOC4MIO_HAL.a(ADC_1_INT.o)
 .debug_aranges
                0x00000358       0x58 .\CortexM0\ARM_GCC_493\Debug\PSOC4MIO_HAL.a(console.o)
 .debug_aranges
                0x000003b0       0x60 .\CortexM0\ARM_GCC_493\Debug\PSOC4MIO_HAL.a(console_SPI_UART.o)
 .debug_aranges
                0x00000410       0x88 .\CortexM0\ARM_GCC_493\Debug\PSOC4MIO_HAL.a(console_UART.o)
 .debug_aranges
                0x00000498       0x40 .\CortexM0\ARM_GCC_493\Debug\PSOC4MIO_HAL.a(P4_4.o)
 .debug_aranges
                0x000004d8       0x20 .\CortexM0\ARM_GCC_493\Debug\PSOC4MIO_HAL.a(CyBootAsmGnu.o)
 .debug_aranges
                0x000004f8      0x1b8 .\CortexM0\ARM_GCC_493\Debug\PSOC4MIO_HAL.a(CyLib.o)
 .debug_aranges
                0x000006b0       0x58 .\CortexM0\ARM_GCC_493\Debug\PSOC4MIO_HAL.a(cyPm.o)
 .debug_aranges
                0x00000708      0x150 .\CortexM0\ARM_GCC_493\Debug\PSOC4MIO_HAL.a(CyLFClk.o)
 .debug_aranges
                0x00000858       0x90 .\CortexM0\ARM_GCC_493\Debug\PSOC4MIO_HAL.a(sectimer.o)
 .debug_aranges
                0x000008e8       0x80 .\CortexM0\ARM_GCC_493\Debug\PSOC4MIO_HAL.a(wdog.o)
 .debug_aranges
                0x00000968       0x80 .\CortexM0\ARM_GCC_493\Debug\PSOC4MIO_HAL.a(sticks.o)
 .debug_aranges
                0x000009e8       0x20 .\CortexM0\ARM_GCC_493\Debug\PSOC4MIO_HAL.a(coretemp.o)
 .debug_aranges
                0x00000a08       0x80 .\CortexM0\ARM_GCC_493\Debug\PSOC4MIO_HAL.a(ubut.o)
 .debug_aranges
                0x00000a88       0x80 .\CortexM0\ARM_GCC_493\Debug\PSOC4MIO_HAL.a(crdy.o)
 .debug_aranges
                0x00000b08       0x48 .\CortexM0\ARM_GCC_493\Debug\PSOC4MIO_HAL.a(P7_1.o)
 .debug_aranges
                0x00000b50       0x48 .\CortexM0\ARM_GCC_493\Debug\PSOC4MIO_HAL.a(en5v_gpio0.o)
 .debug_aranges
                0x00000b98       0x48 .\CortexM0\ARM_GCC_493\Debug\PSOC4MIO_HAL.a(en33v_gpio1.o)
 .debug_aranges
                0x00000be0       0x48 .\CortexM0\ARM_GCC_493\Debug\PSOC4MIO_HAL.a(gpio1_led.o)
 .debug_aranges
                0x00000c28       0x58 .\CortexM0\ARM_GCC_493\Debug\PSOC4MIO_HAL.a(LCD.o)
 .debug_aranges
                0x00000c80       0x48 .\CortexM0\ARM_GCC_493\Debug\PSOC4MIO_HAL.a(LCD_SPI_UART.o)
 .debug_aranges
                0x00000cc8       0x68 .\CortexM0\ARM_GCC_493\Debug\PSOC4MIO_HAL.a(LCD_UART.o)
 .debug_aranges
                0x00000d30       0x40 .\CortexM0\ARM_GCC_493\Debug\PSOC4MIO_HAL.a(switches.o)
 .debug_aranges
                0x00000d70       0x40 .\CortexM0\ARM_GCC_493\Debug\PSOC4MIO_HAL.a(CyFlash.o)

.debug_pubnames
 *(.debug_pubnames)

.debug_info     0x00000000     0x79f5
 *(.debug_info .gnu.linkonce.wi.*)
 .debug_info    0x00000000     0x2253 .\CortexM0\ARM_GCC_493\Debug\main.o
 .debug_info    0x00002253       0xfe .\CortexM0\ARM_GCC_493\Debug\cymetadata.o
 .debug_info    0x00002351      0x38e .\CortexM0\ARM_GCC_493\Debug\Cm0Start.o
 .debug_info    0x000026df      0x3f6 .\CortexM0\ARM_GCC_493\Debug\PSOC4MIO_HAL.a(cyfitter_cfg.o)
 .debug_info    0x00002ad5      0x5d1 .\CortexM0\ARM_GCC_493\Debug\PSOC4MIO_HAL.a(ADC_1.o)
 .debug_info    0x000030a6       0xc4 .\CortexM0\ARM_GCC_493\Debug\PSOC4MIO_HAL.a(ADC_1_INT.o)
 .debug_info    0x0000316a      0x20a .\CortexM0\ARM_GCC_493\Debug\PSOC4MIO_HAL.a(console.o)
 .debug_info    0x00003374      0x217 .\CortexM0\ARM_GCC_493\Debug\PSOC4MIO_HAL.a(console_SPI_UART.o)
 .debug_info    0x0000358b      0x352 .\CortexM0\ARM_GCC_493\Debug\PSOC4MIO_HAL.a(console_UART.o)
 .debug_info    0x000038dd      0x152 .\CortexM0\ARM_GCC_493\Debug\PSOC4MIO_HAL.a(P4_4.o)
 .debug_info    0x00003a2f       0x8e .\CortexM0\ARM_GCC_493\Debug\PSOC4MIO_HAL.a(CyBootAsmGnu.o)
 .debug_info    0x00003abd      0xcf4 .\CortexM0\ARM_GCC_493\Debug\PSOC4MIO_HAL.a(CyLib.o)
 .debug_info    0x000047b1      0x2e9 .\CortexM0\ARM_GCC_493\Debug\PSOC4MIO_HAL.a(cyPm.o)
 .debug_info    0x00004a9a      0xda4 .\CortexM0\ARM_GCC_493\Debug\PSOC4MIO_HAL.a(CyLFClk.o)
 .debug_info    0x0000583e      0x2e9 .\CortexM0\ARM_GCC_493\Debug\PSOC4MIO_HAL.a(sectimer.o)
 .debug_info    0x00005b27      0x300 .\CortexM0\ARM_GCC_493\Debug\PSOC4MIO_HAL.a(wdog.o)
 .debug_info    0x00005e27      0x300 .\CortexM0\ARM_GCC_493\Debug\PSOC4MIO_HAL.a(sticks.o)
 .debug_info    0x00006127      0x12b .\CortexM0\ARM_GCC_493\Debug\PSOC4MIO_HAL.a(coretemp.o)
 .debug_info    0x00006252      0x300 .\CortexM0\ARM_GCC_493\Debug\PSOC4MIO_HAL.a(ubut.o)
 .debug_info    0x00006552      0x300 .\CortexM0\ARM_GCC_493\Debug\PSOC4MIO_HAL.a(crdy.o)
 .debug_info    0x00006852      0x19d .\CortexM0\ARM_GCC_493\Debug\PSOC4MIO_HAL.a(P7_1.o)
 .debug_info    0x000069ef      0x19d .\CortexM0\ARM_GCC_493\Debug\PSOC4MIO_HAL.a(en5v_gpio0.o)
 .debug_info    0x00006b8c      0x19d .\CortexM0\ARM_GCC_493\Debug\PSOC4MIO_HAL.a(en33v_gpio1.o)
 .debug_info    0x00006d29      0x19d .\CortexM0\ARM_GCC_493\Debug\PSOC4MIO_HAL.a(gpio1_led.o)
 .debug_info    0x00006ec6      0x227 .\CortexM0\ARM_GCC_493\Debug\PSOC4MIO_HAL.a(LCD.o)
 .debug_info    0x000070ed      0x1b8 .\CortexM0\ARM_GCC_493\Debug\PSOC4MIO_HAL.a(LCD_SPI_UART.o)
 .debug_info    0x000072a5      0x26b .\CortexM0\ARM_GCC_493\Debug\PSOC4MIO_HAL.a(LCD_UART.o)
 .debug_info    0x00007510      0x17a .\CortexM0\ARM_GCC_493\Debug\PSOC4MIO_HAL.a(switches.o)
 .debug_info    0x0000768a      0x36b .\CortexM0\ARM_GCC_493\Debug\PSOC4MIO_HAL.a(CyFlash.o)

.debug_abbrev   0x00000000     0x257d
 *(.debug_abbrev)
 .debug_abbrev  0x00000000      0x3b5 .\CortexM0\ARM_GCC_493\Debug\main.o
 .debug_abbrev  0x000003b5       0x5d .\CortexM0\ARM_GCC_493\Debug\cymetadata.o
 .debug_abbrev  0x00000412      0x1d5 .\CortexM0\ARM_GCC_493\Debug\Cm0Start.o
 .debug_abbrev  0x000005e7      0x200 .\CortexM0\ARM_GCC_493\Debug\PSOC4MIO_HAL.a(cyfitter_cfg.o)
 .debug_abbrev  0x000007e7      0x1c3 .\CortexM0\ARM_GCC_493\Debug\PSOC4MIO_HAL.a(ADC_1.o)
 .debug_abbrev  0x000009aa       0x65 .\CortexM0\ARM_GCC_493\Debug\PSOC4MIO_HAL.a(ADC_1_INT.o)
 .debug_abbrev  0x00000a0f       0xd5 .\CortexM0\ARM_GCC_493\Debug\PSOC4MIO_HAL.a(console.o)
 .debug_abbrev  0x00000ae4      0x169 .\CortexM0\ARM_GCC_493\Debug\PSOC4MIO_HAL.a(console_SPI_UART.o)
 .debug_abbrev  0x00000c4d      0x13b .\CortexM0\ARM_GCC_493\Debug\PSOC4MIO_HAL.a(console_UART.o)
 .debug_abbrev  0x00000d88       0xaa .\CortexM0\ARM_GCC_493\Debug\PSOC4MIO_HAL.a(P4_4.o)
 .debug_abbrev  0x00000e32       0x14 .\CortexM0\ARM_GCC_493\Debug\PSOC4MIO_HAL.a(CyBootAsmGnu.o)
 .debug_abbrev  0x00000e46      0x245 .\CortexM0\ARM_GCC_493\Debug\PSOC4MIO_HAL.a(CyLib.o)
 .debug_abbrev  0x0000108b      0x155 .\CortexM0\ARM_GCC_493\Debug\PSOC4MIO_HAL.a(cyPm.o)
 .debug_abbrev  0x000011e0      0x26d .\CortexM0\ARM_GCC_493\Debug\PSOC4MIO_HAL.a(CyLFClk.o)
 .debug_abbrev  0x0000144d      0x145 .\CortexM0\ARM_GCC_493\Debug\PSOC4MIO_HAL.a(sectimer.o)
 .debug_abbrev  0x00001592      0x1b4 .\CortexM0\ARM_GCC_493\Debug\PSOC4MIO_HAL.a(wdog.o)
 .debug_abbrev  0x00001746      0x1b4 .\CortexM0\ARM_GCC_493\Debug\PSOC4MIO_HAL.a(sticks.o)
 .debug_abbrev  0x000018fa       0x85 .\CortexM0\ARM_GCC_493\Debug\PSOC4MIO_HAL.a(coretemp.o)
 .debug_abbrev  0x0000197f      0x1b4 .\CortexM0\ARM_GCC_493\Debug\PSOC4MIO_HAL.a(ubut.o)
 .debug_abbrev  0x00001b33      0x1b4 .\CortexM0\ARM_GCC_493\Debug\PSOC4MIO_HAL.a(crdy.o)
 .debug_abbrev  0x00001ce7       0xc8 .\CortexM0\ARM_GCC_493\Debug\PSOC4MIO_HAL.a(P7_1.o)
 .debug_abbrev  0x00001daf       0xc8 .\CortexM0\ARM_GCC_493\Debug\PSOC4MIO_HAL.a(en5v_gpio0.o)
 .debug_abbrev  0x00001e77       0xc8 .\CortexM0\ARM_GCC_493\Debug\PSOC4MIO_HAL.a(en33v_gpio1.o)
 .debug_abbrev  0x00001f3f       0xc8 .\CortexM0\ARM_GCC_493\Debug\PSOC4MIO_HAL.a(gpio1_led.o)
 .debug_abbrev  0x00002007       0xd5 .\CortexM0\ARM_GCC_493\Debug\PSOC4MIO_HAL.a(LCD.o)
 .debug_abbrev  0x000020dc       0xfd .\CortexM0\ARM_GCC_493\Debug\PSOC4MIO_HAL.a(LCD_SPI_UART.o)
 .debug_abbrev  0x000021d9      0x11d .\CortexM0\ARM_GCC_493\Debug\PSOC4MIO_HAL.a(LCD_UART.o)
 .debug_abbrev  0x000022f6       0xc6 .\CortexM0\ARM_GCC_493\Debug\PSOC4MIO_HAL.a(switches.o)
 .debug_abbrev  0x000023bc      0x1c1 .\CortexM0\ARM_GCC_493\Debug\PSOC4MIO_HAL.a(CyFlash.o)

.debug_line     0x00000000     0x319b
 *(.debug_line)
 .debug_line    0x00000000      0x9b4 .\CortexM0\ARM_GCC_493\Debug\main.o
 .debug_line    0x000009b4       0x53 .\CortexM0\ARM_GCC_493\Debug\cymetadata.o
 .debug_line    0x00000a07      0x249 .\CortexM0\ARM_GCC_493\Debug\Cm0Start.o
 .debug_line    0x00000c50      0x1c8 .\CortexM0\ARM_GCC_493\Debug\PSOC4MIO_HAL.a(cyfitter_cfg.o)
 .debug_line    0x00000e18      0x2bb .\CortexM0\ARM_GCC_493\Debug\PSOC4MIO_HAL.a(ADC_1.o)
 .debug_line    0x000010d3       0x66 .\CortexM0\ARM_GCC_493\Debug\PSOC4MIO_HAL.a(ADC_1_INT.o)
 .debug_line    0x00001139      0x127 .\CortexM0\ARM_GCC_493\Debug\PSOC4MIO_HAL.a(console.o)
 .debug_line    0x00001260      0x136 .\CortexM0\ARM_GCC_493\Debug\PSOC4MIO_HAL.a(console_SPI_UART.o)
 .debug_line    0x00001396      0x1bc .\CortexM0\ARM_GCC_493\Debug\PSOC4MIO_HAL.a(console_UART.o)
 .debug_line    0x00001552       0xaa .\CortexM0\ARM_GCC_493\Debug\PSOC4MIO_HAL.a(P4_4.o)
 .debug_line    0x000015fc       0x68 .\CortexM0\ARM_GCC_493\Debug\PSOC4MIO_HAL.a(CyBootAsmGnu.o)
 .debug_line    0x00001664      0x51a .\CortexM0\ARM_GCC_493\Debug\PSOC4MIO_HAL.a(CyLib.o)
 .debug_line    0x00001b7e      0x143 .\CortexM0\ARM_GCC_493\Debug\PSOC4MIO_HAL.a(cyPm.o)
 .debug_line    0x00001cc1      0x4c5 .\CortexM0\ARM_GCC_493\Debug\PSOC4MIO_HAL.a(CyLFClk.o)
 .debug_line    0x00002186      0x17e .\CortexM0\ARM_GCC_493\Debug\PSOC4MIO_HAL.a(sectimer.o)
 .debug_line    0x00002304      0x169 .\CortexM0\ARM_GCC_493\Debug\PSOC4MIO_HAL.a(wdog.o)
 .debug_line    0x0000246d      0x167 .\CortexM0\ARM_GCC_493\Debug\PSOC4MIO_HAL.a(sticks.o)
 .debug_line    0x000025d4       0x6f .\CortexM0\ARM_GCC_493\Debug\PSOC4MIO_HAL.a(coretemp.o)
 .debug_line    0x00002643      0x169 .\CortexM0\ARM_GCC_493\Debug\PSOC4MIO_HAL.a(ubut.o)
 .debug_line    0x000027ac      0x169 .\CortexM0\ARM_GCC_493\Debug\PSOC4MIO_HAL.a(crdy.o)
 .debug_line    0x00002915       0xbe .\CortexM0\ARM_GCC_493\Debug\PSOC4MIO_HAL.a(P7_1.o)
 .debug_line    0x000029d3       0xc4 .\CortexM0\ARM_GCC_493\Debug\PSOC4MIO_HAL.a(en5v_gpio0.o)
 .debug_line    0x00002a97       0xc5 .\CortexM0\ARM_GCC_493\Debug\PSOC4MIO_HAL.a(en33v_gpio1.o)
 .debug_line    0x00002b5c       0xc3 .\CortexM0\ARM_GCC_493\Debug\PSOC4MIO_HAL.a(gpio1_led.o)
 .debug_line    0x00002c1f      0x11f .\CortexM0\ARM_GCC_493\Debug\PSOC4MIO_HAL.a(LCD.o)
 .debug_line    0x00002d3e       0xf6 .\CortexM0\ARM_GCC_493\Debug\PSOC4MIO_HAL.a(LCD_SPI_UART.o)
 .debug_line    0x00002e34      0x167 .\CortexM0\ARM_GCC_493\Debug\PSOC4MIO_HAL.a(LCD_UART.o)
 .debug_line    0x00002f9b       0xb9 .\CortexM0\ARM_GCC_493\Debug\PSOC4MIO_HAL.a(switches.o)
 .debug_line    0x00003054      0x147 .\CortexM0\ARM_GCC_493\Debug\PSOC4MIO_HAL.a(CyFlash.o)

.debug_frame    0x00000000     0x2374
 *(.debug_frame)
 .debug_frame   0x00000000      0x6b0 .\CortexM0\ARM_GCC_493\Debug\main.o
 .debug_frame   0x000006b0       0xb0 .\CortexM0\ARM_GCC_493\Debug\Cm0Start.o
 .debug_frame   0x00000760       0xb8 .\CortexM0\ARM_GCC_493\Debug\PSOC4MIO_HAL.a(cyfitter_cfg.o)
 .debug_frame   0x00000818      0x1c0 .\CortexM0\ARM_GCC_493\Debug\PSOC4MIO_HAL.a(ADC_1.o)
 .debug_frame   0x000009d8       0x20 .\CortexM0\ARM_GCC_493\Debug\PSOC4MIO_HAL.a(ADC_1_INT.o)
 .debug_frame   0x000009f8       0xd8 .\CortexM0\ARM_GCC_493\Debug\PSOC4MIO_HAL.a(console.o)
 .debug_frame   0x00000ad0       0xb0 .\CortexM0\ARM_GCC_493\Debug\PSOC4MIO_HAL.a(console_SPI_UART.o)
 .debug_frame   0x00000b80      0x130 .\CortexM0\ARM_GCC_493\Debug\PSOC4MIO_HAL.a(console_UART.o)
 .debug_frame   0x00000cb0       0x60 .\CortexM0\ARM_GCC_493\Debug\PSOC4MIO_HAL.a(P4_4.o)
 .debug_frame   0x00000d10      0x468 .\CortexM0\ARM_GCC_493\Debug\PSOC4MIO_HAL.a(CyLib.o)
 .debug_frame   0x00001178       0xe8 .\CortexM0\ARM_GCC_493\Debug\PSOC4MIO_HAL.a(cyPm.o)
 .debug_frame   0x00001260      0x3fc .\CortexM0\ARM_GCC_493\Debug\PSOC4MIO_HAL.a(CyLFClk.o)
 .debug_frame   0x0000165c      0x124 .\CortexM0\ARM_GCC_493\Debug\PSOC4MIO_HAL.a(sectimer.o)
 .debug_frame   0x00001780      0x110 .\CortexM0\ARM_GCC_493\Debug\PSOC4MIO_HAL.a(wdog.o)
 .debug_frame   0x00001890      0x110 .\CortexM0\ARM_GCC_493\Debug\PSOC4MIO_HAL.a(sticks.o)
 .debug_frame   0x000019a0       0x2c .\CortexM0\ARM_GCC_493\Debug\PSOC4MIO_HAL.a(coretemp.o)
 .debug_frame   0x000019cc      0x110 .\CortexM0\ARM_GCC_493\Debug\PSOC4MIO_HAL.a(ubut.o)
 .debug_frame   0x00001adc      0x110 .\CortexM0\ARM_GCC_493\Debug\PSOC4MIO_HAL.a(crdy.o)
 .debug_frame   0x00001bec       0x70 .\CortexM0\ARM_GCC_493\Debug\PSOC4MIO_HAL.a(P7_1.o)
 .debug_frame   0x00001c5c       0x70 .\CortexM0\ARM_GCC_493\Debug\PSOC4MIO_HAL.a(en5v_gpio0.o)
 .debug_frame   0x00001ccc       0x70 .\CortexM0\ARM_GCC_493\Debug\PSOC4MIO_HAL.a(en33v_gpio1.o)
 .debug_frame   0x00001d3c       0x70 .\CortexM0\ARM_GCC_493\Debug\PSOC4MIO_HAL.a(gpio1_led.o)
 .debug_frame   0x00001dac       0xd8 .\CortexM0\ARM_GCC_493\Debug\PSOC4MIO_HAL.a(LCD.o)
 .debug_frame   0x00001e84       0x80 .\CortexM0\ARM_GCC_493\Debug\PSOC4MIO_HAL.a(LCD_SPI_UART.o)
 .debug_frame   0x00001f04       0xcc .\CortexM0\ARM_GCC_493\Debug\PSOC4MIO_HAL.a(LCD_UART.o)
 .debug_frame   0x00001fd0       0x78 .\CortexM0\ARM_GCC_493\Debug\PSOC4MIO_HAL.a(switches.o)
 .debug_frame   0x00002048       0x90 .\CortexM0\ARM_GCC_493\Debug\PSOC4MIO_HAL.a(CyFlash.o)
 .debug_frame   0x000020d8       0x20 c:/program files (x86)/cypress/psoc creator/3.3/psoc creator/import/gnu/arm/4.9.3/bin/../lib/gcc/arm-none-eabi/4.9.3/armv6-m\libgcc.a(_udivsi3.o)
 .debug_frame   0x000020f8       0x20 c:/program files (x86)/cypress/psoc creator/3.3/psoc creator/import/gnu/arm/4.9.3/bin/../lib/gcc/arm-none-eabi/4.9.3/armv6-m\libgcc.a(_divsi3.o)
 .debug_frame   0x00002118       0x34 c:/program files (x86)/cypress/psoc creator/3.3/psoc creator/import/gnu/arm/4.9.3/bin/../lib/gcc/arm-none-eabi/4.9.3/armv6-m\libgcc.a(_muldi3.o)
 .debug_frame   0x0000214c       0x50 c:/program files (x86)/cypress/psoc creator/3.3/psoc creator/import/gnu/arm/4.9.3/bin/../lib/gcc/arm-none-eabi/4.9.3/armv6-m\libgcc.a(bpabi.o)
 .debug_frame   0x0000219c       0x3c c:/program files (x86)/cypress/psoc creator/3.3/psoc creator/import/gnu/arm/4.9.3/bin/../lib/gcc/arm-none-eabi/4.9.3/armv6-m\libgcc.a(divsf3.o)
 .debug_frame   0x000021d8       0x3c c:/program files (x86)/cypress/psoc creator/3.3/psoc creator/import/gnu/arm/4.9.3/bin/../lib/gcc/arm-none-eabi/4.9.3/armv6-m\libgcc.a(mulsf3.o)
 .debug_frame   0x00002214       0x2c c:/program files (x86)/cypress/psoc creator/3.3/psoc creator/import/gnu/arm/4.9.3/bin/../lib/gcc/arm-none-eabi/4.9.3/armv6-m\libgcc.a(floatsisf.o)
 .debug_frame   0x00002240       0x3c c:/program files (x86)/cypress/psoc creator/3.3/psoc creator/import/gnu/arm/4.9.3/bin/../lib/gcc/arm-none-eabi/4.9.3/armv6-m\libgcc.a(_divdi3.o)
 .debug_frame   0x0000227c       0x3c c:/program files (x86)/cypress/psoc creator/3.3/psoc creator/import/gnu/arm/4.9.3/bin/../lib/gcc/arm-none-eabi/4.9.3/armv6-m\libgcc.a(_udivdi3.o)
 .debug_frame   0x000022b8       0x20 c:/program files (x86)/cypress/psoc creator/3.3/psoc creator/import/gnu/arm/4.9.3/bin/../lib/gcc/arm-none-eabi/4.9.3/../../../../arm-none-eabi/lib/armv6-m\libg_nano.a(lib_a-errno.o)
 .debug_frame   0x000022d8       0x28 c:/program files (x86)/cypress/psoc creator/3.3/psoc creator/import/gnu/arm/4.9.3/bin/../lib/gcc/arm-none-eabi/4.9.3/../../../../arm-none-eabi/lib/armv6-m\libg_nano.a(lib_a-exit.o)
 .debug_frame   0x00002300       0x2c c:/program files (x86)/cypress/psoc creator/3.3/psoc creator/import/gnu/arm/4.9.3/bin/../lib/gcc/arm-none-eabi/4.9.3/../../../../arm-none-eabi/lib/armv6-m\libg_nano.a(lib_a-init.o)
 .debug_frame   0x0000232c       0x28 c:/program files (x86)/cypress/psoc creator/3.3/psoc creator/import/gnu/arm/4.9.3/bin/../lib/gcc/arm-none-eabi/4.9.3/../../../../arm-none-eabi/lib/armv6-m\libg_nano.a(lib_a-memcpy.o)
 .debug_frame   0x00002354       0x20 c:/program files (x86)/cypress/psoc creator/3.3/psoc creator/import/gnu/arm/4.9.3/bin/../lib/gcc/arm-none-eabi/4.9.3/../../../../arm-none-eabi/lib/armv6-m\libg_nano.a(lib_a-memset.o)

.debug_str      0x00000000     0x258c
 *(.debug_str)
 .debug_str     0x00000000      0x7cf .\CortexM0\ARM_GCC_493\Debug\main.o
                                0x858 (size before relaxing)
 .debug_str     0x000007cf       0x5b .\CortexM0\ARM_GCC_493\Debug\cymetadata.o
                                0x1cc (size before relaxing)
 .debug_str     0x0000082a      0x13d .\CortexM0\ARM_GCC_493\Debug\Cm0Start.o
                                0x2f3 (size before relaxing)
 .debug_str     0x00000967      0x12a .\CortexM0\ARM_GCC_493\Debug\PSOC4MIO_HAL.a(cyfitter_cfg.o)
                                0x2f3 (size before relaxing)
 .debug_str     0x00000a91      0x1d8 .\CortexM0\ARM_GCC_493\Debug\PSOC4MIO_HAL.a(ADC_1.o)
                                0x41d (size before relaxing)
 .debug_str     0x00000c69       0x3b .\CortexM0\ARM_GCC_493\Debug\PSOC4MIO_HAL.a(ADC_1_INT.o)
                                0x1b3 (size before relaxing)
 .debug_str     0x00000ca4       0xf1 .\CortexM0\ARM_GCC_493\Debug\PSOC4MIO_HAL.a(console.o)
                                0x299 (size before relaxing)
 .debug_str     0x00000d95      0x13a .\CortexM0\ARM_GCC_493\Debug\PSOC4MIO_HAL.a(console_SPI_UART.o)
                                0x2de (size before relaxing)
 .debug_str     0x00000ecf      0x16b .\CortexM0\ARM_GCC_493\Debug\PSOC4MIO_HAL.a(console_UART.o)
                                0x39f (size before relaxing)
 .debug_str     0x0000103a       0x79 .\CortexM0\ARM_GCC_493\Debug\PSOC4MIO_HAL.a(P4_4.o)
                                0x1ff (size before relaxing)
 .debug_str     0x000010b3      0x534 .\CortexM0\ARM_GCC_493\Debug\PSOC4MIO_HAL.a(CyLib.o)
                                0x7c0 (size before relaxing)
 .debug_str     0x000015e7       0xbf .\CortexM0\ARM_GCC_493\Debug\PSOC4MIO_HAL.a(cyPm.o)
                                0x2c5 (size before relaxing)
 .debug_str     0x000016a6      0x464 .\CortexM0\ARM_GCC_493\Debug\PSOC4MIO_HAL.a(CyLFClk.o)
                                0x701 (size before relaxing)
 .debug_str     0x00001b0a      0x16c .\CortexM0\ARM_GCC_493\Debug\PSOC4MIO_HAL.a(sectimer.o)
                                0x363 (size before relaxing)
 .debug_str     0x00001c76       0xdc .\CortexM0\ARM_GCC_493\Debug\PSOC4MIO_HAL.a(wdog.o)
                                0x2ce (size before relaxing)
 .debug_str     0x00001d52       0xe7 .\CortexM0\ARM_GCC_493\Debug\PSOC4MIO_HAL.a(sticks.o)
                                0x2ea (size before relaxing)
 .debug_str     0x00001e39       0x53 .\CortexM0\ARM_GCC_493\Debug\PSOC4MIO_HAL.a(coretemp.o)
                                0x1fb (size before relaxing)
 .debug_str     0x00001e8c       0xbb .\CortexM0\ARM_GCC_493\Debug\PSOC4MIO_HAL.a(ubut.o)
                                0x2ce (size before relaxing)
 .debug_str     0x00001f47       0xcd .\CortexM0\ARM_GCC_493\Debug\PSOC4MIO_HAL.a(crdy.o)
                                0x2ce (size before relaxing)
 .debug_str     0x00002014       0x7f .\CortexM0\ARM_GCC_493\Debug\PSOC4MIO_HAL.a(P7_1.o)
                                0x22d (size before relaxing)
 .debug_str     0x00002093       0x9b .\CortexM0\ARM_GCC_493\Debug\PSOC4MIO_HAL.a(en5v_gpio0.o)
                                0x257 (size before relaxing)
 .debug_str     0x0000212e       0xa1 .\CortexM0\ARM_GCC_493\Debug\PSOC4MIO_HAL.a(en33v_gpio1.o)
                                0x25e (size before relaxing)
 .debug_str     0x000021cf       0x95 .\CortexM0\ARM_GCC_493\Debug\PSOC4MIO_HAL.a(gpio1_led.o)
                                0x250 (size before relaxing)
 .debug_str     0x00002264       0xbc .\CortexM0\ARM_GCC_493\Debug\PSOC4MIO_HAL.a(LCD.o)
                                0x27b (size before relaxing)
 .debug_str     0x00002320       0xa0 .\CortexM0\ARM_GCC_493\Debug\PSOC4MIO_HAL.a(LCD_SPI_UART.o)
                                0x265 (size before relaxing)
 .debug_str     0x000023c0       0x9e .\CortexM0\ARM_GCC_493\Debug\PSOC4MIO_HAL.a(LCD_UART.o)
                                0x2c9 (size before relaxing)
 .debug_str     0x0000245e       0x7c .\CortexM0\ARM_GCC_493\Debug\PSOC4MIO_HAL.a(switches.o)
                                0x241 (size before relaxing)
 .debug_str     0x000024da       0xb2 .\CortexM0\ARM_GCC_493\Debug\PSOC4MIO_HAL.a(CyFlash.o)
                                0x2a2 (size before relaxing)

.debug_loc      0x00000000     0x34ed
 *(.debug_loc)
 .debug_loc     0x00000000      0xfe0 .\CortexM0\ARM_GCC_493\Debug\main.o
 .debug_loc     0x00000fe0      0x14f .\CortexM0\ARM_GCC_493\Debug\Cm0Start.o
 .debug_loc     0x0000112f      0x136 .\CortexM0\ARM_GCC_493\Debug\PSOC4MIO_HAL.a(cyfitter_cfg.o)
 .debug_loc     0x00001265      0x541 .\CortexM0\ARM_GCC_493\Debug\PSOC4MIO_HAL.a(ADC_1.o)
 .debug_loc     0x000017a6       0x7e .\CortexM0\ARM_GCC_493\Debug\PSOC4MIO_HAL.a(console.o)
 .debug_loc     0x00001824       0x96 .\CortexM0\ARM_GCC_493\Debug\PSOC4MIO_HAL.a(console_SPI_UART.o)
 .debug_loc     0x000018ba      0x1b2 .\CortexM0\ARM_GCC_493\Debug\PSOC4MIO_HAL.a(console_UART.o)
 .debug_loc     0x00001a6c       0x81 .\CortexM0\ARM_GCC_493\Debug\PSOC4MIO_HAL.a(P4_4.o)
 .debug_loc     0x00001aed      0x7be .\CortexM0\ARM_GCC_493\Debug\PSOC4MIO_HAL.a(CyLib.o)
 .debug_loc     0x000022ab       0xe1 .\CortexM0\ARM_GCC_493\Debug\PSOC4MIO_HAL.a(cyPm.o)
 .debug_loc     0x0000238c      0x8af .\CortexM0\ARM_GCC_493\Debug\PSOC4MIO_HAL.a(CyLFClk.o)
 .debug_loc     0x00002c3b       0x13 .\CortexM0\ARM_GCC_493\Debug\PSOC4MIO_HAL.a(sectimer.o)
 .debug_loc     0x00002c4e       0x82 .\CortexM0\ARM_GCC_493\Debug\PSOC4MIO_HAL.a(wdog.o)
 .debug_loc     0x00002cd0       0x82 .\CortexM0\ARM_GCC_493\Debug\PSOC4MIO_HAL.a(sticks.o)
 .debug_loc     0x00002d52       0x9a .\CortexM0\ARM_GCC_493\Debug\PSOC4MIO_HAL.a(coretemp.o)
 .debug_loc     0x00002dec       0x82 .\CortexM0\ARM_GCC_493\Debug\PSOC4MIO_HAL.a(ubut.o)
 .debug_loc     0x00002e6e       0x82 .\CortexM0\ARM_GCC_493\Debug\PSOC4MIO_HAL.a(crdy.o)
 .debug_loc     0x00002ef0       0xa2 .\CortexM0\ARM_GCC_493\Debug\PSOC4MIO_HAL.a(P7_1.o)
 .debug_loc     0x00002f92       0xa2 .\CortexM0\ARM_GCC_493\Debug\PSOC4MIO_HAL.a(en5v_gpio0.o)
 .debug_loc     0x00003034       0xa2 .\CortexM0\ARM_GCC_493\Debug\PSOC4MIO_HAL.a(en33v_gpio1.o)
 .debug_loc     0x000030d6       0xa2 .\CortexM0\ARM_GCC_493\Debug\PSOC4MIO_HAL.a(gpio1_led.o)
 .debug_loc     0x00003178       0x7e .\CortexM0\ARM_GCC_493\Debug\PSOC4MIO_HAL.a(LCD.o)
 .debug_loc     0x000031f6       0x77 .\CortexM0\ARM_GCC_493\Debug\PSOC4MIO_HAL.a(LCD_SPI_UART.o)
 .debug_loc     0x0000326d       0xf5 .\CortexM0\ARM_GCC_493\Debug\PSOC4MIO_HAL.a(LCD_UART.o)
 .debug_loc     0x00003362       0x44 .\CortexM0\ARM_GCC_493\Debug\PSOC4MIO_HAL.a(switches.o)
 .debug_loc     0x000033a6      0x147 .\CortexM0\ARM_GCC_493\Debug\PSOC4MIO_HAL.a(CyFlash.o)

.debug_macinfo
 *(.debug_macinfo)

.debug_ranges   0x00000000      0xbc8
 *(.debug_ranges)
 .debug_ranges  0x00000000      0x1d0 .\CortexM0\ARM_GCC_493\Debug\main.o
 .debug_ranges  0x000001d0       0x38 .\CortexM0\ARM_GCC_493\Debug\Cm0Start.o
 .debug_ranges  0x00000208       0x38 .\CortexM0\ARM_GCC_493\Debug\PSOC4MIO_HAL.a(cyfitter_cfg.o)
 .debug_ranges  0x00000240       0xa0 .\CortexM0\ARM_GCC_493\Debug\PSOC4MIO_HAL.a(ADC_1.o)
 .debug_ranges  0x000002e0       0x10 .\CortexM0\ARM_GCC_493\Debug\PSOC4MIO_HAL.a(ADC_1_INT.o)
 .debug_ranges  0x000002f0       0x48 .\CortexM0\ARM_GCC_493\Debug\PSOC4MIO_HAL.a(console.o)
 .debug_ranges  0x00000338       0x50 .\CortexM0\ARM_GCC_493\Debug\PSOC4MIO_HAL.a(console_SPI_UART.o)
 .debug_ranges  0x00000388       0x78 .\CortexM0\ARM_GCC_493\Debug\PSOC4MIO_HAL.a(console_UART.o)
 .debug_ranges  0x00000400       0x30 .\CortexM0\ARM_GCC_493\Debug\PSOC4MIO_HAL.a(P4_4.o)
 .debug_ranges  0x00000430      0x1a8 .\CortexM0\ARM_GCC_493\Debug\PSOC4MIO_HAL.a(CyLib.o)
 .debug_ranges  0x000005d8       0x48 .\CortexM0\ARM_GCC_493\Debug\PSOC4MIO_HAL.a(cyPm.o)
 .debug_ranges  0x00000620      0x140 .\CortexM0\ARM_GCC_493\Debug\PSOC4MIO_HAL.a(CyLFClk.o)
 .debug_ranges  0x00000760       0x80 .\CortexM0\ARM_GCC_493\Debug\PSOC4MIO_HAL.a(sectimer.o)
 .debug_ranges  0x000007e0       0x70 .\CortexM0\ARM_GCC_493\Debug\PSOC4MIO_HAL.a(wdog.o)
 .debug_ranges  0x00000850       0x70 .\CortexM0\ARM_GCC_493\Debug\PSOC4MIO_HAL.a(sticks.o)
 .debug_ranges  0x000008c0       0x10 .\CortexM0\ARM_GCC_493\Debug\PSOC4MIO_HAL.a(coretemp.o)
 .debug_ranges  0x000008d0       0x70 .\CortexM0\ARM_GCC_493\Debug\PSOC4MIO_HAL.a(ubut.o)
 .debug_ranges  0x00000940       0x70 .\CortexM0\ARM_GCC_493\Debug\PSOC4MIO_HAL.a(crdy.o)
 .debug_ranges  0x000009b0       0x38 .\CortexM0\ARM_GCC_493\Debug\PSOC4MIO_HAL.a(P7_1.o)
 .debug_ranges  0x000009e8       0x38 .\CortexM0\ARM_GCC_493\Debug\PSOC4MIO_HAL.a(en5v_gpio0.o)
 .debug_ranges  0x00000a20       0x38 .\CortexM0\ARM_GCC_493\Debug\PSOC4MIO_HAL.a(en33v_gpio1.o)
 .debug_ranges  0x00000a58       0x38 .\CortexM0\ARM_GCC_493\Debug\PSOC4MIO_HAL.a(gpio1_led.o)
 .debug_ranges  0x00000a90       0x48 .\CortexM0\ARM_GCC_493\Debug\PSOC4MIO_HAL.a(LCD.o)
 .debug_ranges  0x00000ad8       0x38 .\CortexM0\ARM_GCC_493\Debug\PSOC4MIO_HAL.a(LCD_SPI_UART.o)
 .debug_ranges  0x00000b10       0x58 .\CortexM0\ARM_GCC_493\Debug\PSOC4MIO_HAL.a(LCD_UART.o)
 .debug_ranges  0x00000b68       0x30 .\CortexM0\ARM_GCC_493\Debug\PSOC4MIO_HAL.a(switches.o)
 .debug_ranges  0x00000b98       0x30 .\CortexM0\ARM_GCC_493\Debug\PSOC4MIO_HAL.a(CyFlash.o)

.comment        0x00000000       0x70
 .comment       0x00000000       0x70 .\CortexM0\ARM_GCC_493\Debug\main.o
                                 0x71 (size before relaxing)
 .comment       0x00000000       0x71 .\CortexM0\ARM_GCC_493\Debug\cymetadata.o
 .comment       0x00000000       0x71 .\CortexM0\ARM_GCC_493\Debug\Cm0Start.o
 .comment       0x00000000       0x71 .\CortexM0\ARM_GCC_493\Debug\PSOC4MIO_HAL.a(cyfitter_cfg.o)
 .comment       0x00000000       0x71 .\CortexM0\ARM_GCC_493\Debug\PSOC4MIO_HAL.a(ADC_1.o)
 .comment       0x00000000       0x71 .\CortexM0\ARM_GCC_493\Debug\PSOC4MIO_HAL.a(ADC_1_INT.o)
 .comment       0x00000000       0x71 .\CortexM0\ARM_GCC_493\Debug\PSOC4MIO_HAL.a(console.o)
 .comment       0x00000000       0x71 .\CortexM0\ARM_GCC_493\Debug\PSOC4MIO_HAL.a(console_SPI_UART.o)
 .comment       0x00000000       0x71 .\CortexM0\ARM_GCC_493\Debug\PSOC4MIO_HAL.a(console_UART.o)
 .comment       0x00000000       0x71 .\CortexM0\ARM_GCC_493\Debug\PSOC4MIO_HAL.a(P4_4.o)
 .comment       0x00000000       0x71 .\CortexM0\ARM_GCC_493\Debug\PSOC4MIO_HAL.a(CyLib.o)
 .comment       0x00000000       0x71 .\CortexM0\ARM_GCC_493\Debug\PSOC4MIO_HAL.a(cyPm.o)
 .comment       0x00000000       0x71 .\CortexM0\ARM_GCC_493\Debug\PSOC4MIO_HAL.a(CyLFClk.o)
 .comment       0x00000000       0x71 .\CortexM0\ARM_GCC_493\Debug\PSOC4MIO_HAL.a(sectimer.o)
 .comment       0x00000000       0x71 .\CortexM0\ARM_GCC_493\Debug\PSOC4MIO_HAL.a(wdog.o)
 .comment       0x00000000       0x71 .\CortexM0\ARM_GCC_493\Debug\PSOC4MIO_HAL.a(sticks.o)
 .comment       0x00000000       0x71 .\CortexM0\ARM_GCC_493\Debug\PSOC4MIO_HAL.a(coretemp.o)
 .comment       0x00000000       0x71 .\CortexM0\ARM_GCC_493\Debug\PSOC4MIO_HAL.a(ubut.o)
 .comment       0x00000000       0x71 .\CortexM0\ARM_GCC_493\Debug\PSOC4MIO_HAL.a(crdy.o)
 .comment       0x00000000       0x71 .\CortexM0\ARM_GCC_493\Debug\PSOC4MIO_HAL.a(P7_1.o)
 .comment       0x00000000       0x71 .\CortexM0\ARM_GCC_493\Debug\PSOC4MIO_HAL.a(en5v_gpio0.o)
 .comment       0x00000000       0x71 .\CortexM0\ARM_GCC_493\Debug\PSOC4MIO_HAL.a(en33v_gpio1.o)
 .comment       0x00000000       0x71 .\CortexM0\ARM_GCC_493\Debug\PSOC4MIO_HAL.a(gpio1_led.o)
 .comment       0x00000000       0x71 .\CortexM0\ARM_GCC_493\Debug\PSOC4MIO_HAL.a(LCD.o)
 .comment       0x00000000       0x71 .\CortexM0\ARM_GCC_493\Debug\PSOC4MIO_HAL.a(LCD_SPI_UART.o)
 .comment       0x00000000       0x71 .\CortexM0\ARM_GCC_493\Debug\PSOC4MIO_HAL.a(LCD_UART.o)
 .comment       0x00000000       0x71 .\CortexM0\ARM_GCC_493\Debug\PSOC4MIO_HAL.a(switches.o)
 .comment       0x00000000       0x71 .\CortexM0\ARM_GCC_493\Debug\PSOC4MIO_HAL.a(CyFlash.o)

.debug_weaknames
 *(.debug_weaknames)

.debug_funcnames
 *(.debug_funcnames)

.debug_typenames
 *(.debug_typenames)

.debug_varnames
 *(.debug_varnames)

.note.gnu.arm.ident
 *(.note.gnu.arm.ident)

.ARM.attributes
                0x00000000       0x28
 *(.ARM.attributes)
 .ARM.attributes
                0x00000000       0x1e c:/program files (x86)/cypress/psoc creator/3.3/psoc creator/import/gnu/arm/4.9.3/bin/../lib/gcc/arm-none-eabi/4.9.3/armv6-m/crti.o
 .ARM.attributes
                0x0000001e       0x2c c:/program files (x86)/cypress/psoc creator/3.3/psoc creator/import/gnu/arm/4.9.3/bin/../lib/gcc/arm-none-eabi/4.9.3/armv6-m/crtbegin.o
 .ARM.attributes
                0x0000004a       0x1b c:/program files (x86)/cypress/psoc creator/3.3/psoc creator/import/gnu/arm/4.9.3/bin/../lib/gcc/arm-none-eabi/4.9.3/../../../../arm-none-eabi/lib/armv6-m/crt0.o
 .ARM.attributes
                0x00000065       0x31 .\CortexM0\ARM_GCC_493\Debug\main.o
 .ARM.attributes
                0x00000096       0x31 .\CortexM0\ARM_GCC_493\Debug\cymetadata.o
 .ARM.attributes
                0x000000c7       0x31 .\CortexM0\ARM_GCC_493\Debug\Cm0Start.o
 .ARM.attributes
                0x000000f8       0x31 .\CortexM0\ARM_GCC_493\Debug\PSOC4MIO_HAL.a(cyfitter_cfg.o)
 .ARM.attributes
                0x00000129       0x31 .\CortexM0\ARM_GCC_493\Debug\PSOC4MIO_HAL.a(ADC_1.o)
 .ARM.attributes
                0x0000015a       0x31 .\CortexM0\ARM_GCC_493\Debug\PSOC4MIO_HAL.a(ADC_1_INT.o)
 .ARM.attributes
                0x0000018b       0x31 .\CortexM0\ARM_GCC_493\Debug\PSOC4MIO_HAL.a(console.o)
 .ARM.attributes
                0x000001bc       0x31 .\CortexM0\ARM_GCC_493\Debug\PSOC4MIO_HAL.a(console_SPI_UART.o)
 .ARM.attributes
                0x000001ed       0x31 .\CortexM0\ARM_GCC_493\Debug\PSOC4MIO_HAL.a(console_UART.o)
 .ARM.attributes
                0x0000021e       0x31 .\CortexM0\ARM_GCC_493\Debug\PSOC4MIO_HAL.a(P4_4.o)
 .ARM.attributes
                0x0000024f       0x21 .\CortexM0\ARM_GCC_493\Debug\PSOC4MIO_HAL.a(CyBootAsmGnu.o)
 .ARM.attributes
                0x00000270       0x31 .\CortexM0\ARM_GCC_493\Debug\PSOC4MIO_HAL.a(CyLib.o)
 .ARM.attributes
                0x000002a1       0x31 .\CortexM0\ARM_GCC_493\Debug\PSOC4MIO_HAL.a(cyPm.o)
 .ARM.attributes
                0x000002d2       0x31 .\CortexM0\ARM_GCC_493\Debug\PSOC4MIO_HAL.a(CyLFClk.o)
 .ARM.attributes
                0x00000303       0x31 .\CortexM0\ARM_GCC_493\Debug\PSOC4MIO_HAL.a(sectimer.o)
 .ARM.attributes
                0x00000334       0x31 .\CortexM0\ARM_GCC_493\Debug\PSOC4MIO_HAL.a(wdog.o)
 .ARM.attributes
                0x00000365       0x31 .\CortexM0\ARM_GCC_493\Debug\PSOC4MIO_HAL.a(sticks.o)
 .ARM.attributes
                0x00000396       0x31 .\CortexM0\ARM_GCC_493\Debug\PSOC4MIO_HAL.a(coretemp.o)
 .ARM.attributes
                0x000003c7       0x31 .\CortexM0\ARM_GCC_493\Debug\PSOC4MIO_HAL.a(ubut.o)
 .ARM.attributes
                0x000003f8       0x31 .\CortexM0\ARM_GCC_493\Debug\PSOC4MIO_HAL.a(crdy.o)
 .ARM.attributes
                0x00000429       0x31 .\CortexM0\ARM_GCC_493\Debug\PSOC4MIO_HAL.a(P7_1.o)
 .ARM.attributes
                0x0000045a       0x31 .\CortexM0\ARM_GCC_493\Debug\PSOC4MIO_HAL.a(en5v_gpio0.o)
 .ARM.attributes
                0x0000048b       0x31 .\CortexM0\ARM_GCC_493\Debug\PSOC4MIO_HAL.a(en33v_gpio1.o)
 .ARM.attributes
                0x000004bc       0x31 .\CortexM0\ARM_GCC_493\Debug\PSOC4MIO_HAL.a(gpio1_led.o)
 .ARM.attributes
                0x000004ed       0x31 .\CortexM0\ARM_GCC_493\Debug\PSOC4MIO_HAL.a(LCD.o)
 .ARM.attributes
                0x0000051e       0x31 .\CortexM0\ARM_GCC_493\Debug\PSOC4MIO_HAL.a(LCD_SPI_UART.o)
 .ARM.attributes
                0x0000054f       0x31 .\CortexM0\ARM_GCC_493\Debug\PSOC4MIO_HAL.a(LCD_UART.o)
 .ARM.attributes
                0x00000580       0x31 .\CortexM0\ARM_GCC_493\Debug\PSOC4MIO_HAL.a(switches.o)
 .ARM.attributes
                0x000005b1       0x31 .\CortexM0\ARM_GCC_493\Debug\PSOC4MIO_HAL.a(CyFlash.o)
 .ARM.attributes
                0x000005e2       0x1e c:/program files (x86)/cypress/psoc creator/3.3/psoc creator/import/gnu/arm/4.9.3/bin/../lib/gcc/arm-none-eabi/4.9.3/armv6-m\libgcc.a(_udivsi3.o)
 .ARM.attributes
                0x00000600       0x1e c:/program files (x86)/cypress/psoc creator/3.3/psoc creator/import/gnu/arm/4.9.3/bin/../lib/gcc/arm-none-eabi/4.9.3/armv6-m\libgcc.a(_divsi3.o)
 .ARM.attributes
                0x0000061e       0x1e c:/program files (x86)/cypress/psoc creator/3.3/psoc creator/import/gnu/arm/4.9.3/bin/../lib/gcc/arm-none-eabi/4.9.3/armv6-m\libgcc.a(_dvmd_tls.o)
 .ARM.attributes
                0x0000063c       0x1e c:/program files (x86)/cypress/psoc creator/3.3/psoc creator/import/gnu/arm/4.9.3/bin/../lib/gcc/arm-none-eabi/4.9.3/armv6-m\libgcc.a(_aeabi_ldivmod.o)
 .ARM.attributes
                0x0000065a       0x2c c:/program files (x86)/cypress/psoc creator/3.3/psoc creator/import/gnu/arm/4.9.3/bin/../lib/gcc/arm-none-eabi/4.9.3/armv6-m\libgcc.a(_muldi3.o)
 .ARM.attributes
                0x00000686       0x2c c:/program files (x86)/cypress/psoc creator/3.3/psoc creator/import/gnu/arm/4.9.3/bin/../lib/gcc/arm-none-eabi/4.9.3/armv6-m\libgcc.a(bpabi.o)
 .ARM.attributes
                0x000006b2       0x2c c:/program files (x86)/cypress/psoc creator/3.3/psoc creator/import/gnu/arm/4.9.3/bin/../lib/gcc/arm-none-eabi/4.9.3/armv6-m\libgcc.a(divsf3.o)
 .ARM.attributes
                0x000006de       0x2c c:/program files (x86)/cypress/psoc creator/3.3/psoc creator/import/gnu/arm/4.9.3/bin/../lib/gcc/arm-none-eabi/4.9.3/armv6-m\libgcc.a(mulsf3.o)
 .ARM.attributes
                0x0000070a       0x2c c:/program files (x86)/cypress/psoc creator/3.3/psoc creator/import/gnu/arm/4.9.3/bin/../lib/gcc/arm-none-eabi/4.9.3/armv6-m\libgcc.a(floatsisf.o)
 .ARM.attributes
                0x00000736       0x1e c:/program files (x86)/cypress/psoc creator/3.3/psoc creator/import/gnu/arm/4.9.3/bin/../lib/gcc/arm-none-eabi/4.9.3/armv6-m\libgcc.a(_clzsi2.o)
 .ARM.attributes
                0x00000754       0x2c c:/program files (x86)/cypress/psoc creator/3.3/psoc creator/import/gnu/arm/4.9.3/bin/../lib/gcc/arm-none-eabi/4.9.3/armv6-m\libgcc.a(_divdi3.o)
 .ARM.attributes
                0x00000780       0x2c c:/program files (x86)/cypress/psoc creator/3.3/psoc creator/import/gnu/arm/4.9.3/bin/../lib/gcc/arm-none-eabi/4.9.3/armv6-m\libgcc.a(_udivdi3.o)
 .ARM.attributes
                0x000007ac       0x1e c:/program files (x86)/cypress/psoc creator/3.3/psoc creator/import/gnu/arm/4.9.3/bin/../lib/gcc/arm-none-eabi/4.9.3/armv6-m\libgcc.a(_clzdi2.o)
 .ARM.attributes
                0x000007ca       0x2c c:/program files (x86)/cypress/psoc creator/3.3/psoc creator/import/gnu/arm/4.9.3/bin/../lib/gcc/arm-none-eabi/4.9.3/../../../../arm-none-eabi/lib/armv6-m\libg_nano.a(lib_a-errno.o)
 .ARM.attributes
                0x000007f6       0x2c c:/program files (x86)/cypress/psoc creator/3.3/psoc creator/import/gnu/arm/4.9.3/bin/../lib/gcc/arm-none-eabi/4.9.3/../../../../arm-none-eabi/lib/armv6-m\libg_nano.a(lib_a-exit.o)
 .ARM.attributes
                0x00000822       0x2c c:/program files (x86)/cypress/psoc creator/3.3/psoc creator/import/gnu/arm/4.9.3/bin/../lib/gcc/arm-none-eabi/4.9.3/../../../../arm-none-eabi/lib/armv6-m\libg_nano.a(lib_a-impure.o)
 .ARM.attributes
                0x0000084e       0x2c c:/program files (x86)/cypress/psoc creator/3.3/psoc creator/import/gnu/arm/4.9.3/bin/../lib/gcc/arm-none-eabi/4.9.3/../../../../arm-none-eabi/lib/armv6-m\libg_nano.a(lib_a-init.o)
 .ARM.attributes
                0x0000087a       0x2c c:/program files (x86)/cypress/psoc creator/3.3/psoc creator/import/gnu/arm/4.9.3/bin/../lib/gcc/arm-none-eabi/4.9.3/../../../../arm-none-eabi/lib/armv6-m\libg_nano.a(lib_a-memcpy.o)
 .ARM.attributes
                0x000008a6       0x2c c:/program files (x86)/cypress/psoc creator/3.3/psoc creator/import/gnu/arm/4.9.3/bin/../lib/gcc/arm-none-eabi/4.9.3/../../../../arm-none-eabi/lib/armv6-m\libg_nano.a(lib_a-memset.o)
 .ARM.attributes
                0x000008d2       0x2c c:/program files (x86)/cypress/psoc creator/3.3/psoc creator/import/gnu/arm/4.9.3/bin/../lib/gcc/arm-none-eabi/4.9.3/armv6-m/crtend.o
 .ARM.attributes
                0x000008fe       0x1e c:/program files (x86)/cypress/psoc creator/3.3/psoc creator/import/gnu/arm/4.9.3/bin/../lib/gcc/arm-none-eabi/4.9.3/armv6-m/crtn.o

/DISCARD/
 *(.note.GNU-stack)
OUTPUT(.\CortexM0\ARM_GCC_493\Debug\PSOC4MIO_HAL.elf elf32-littlearm)
